08-06 16:37:57.686  1508  1508 E MI-SF   : MiSurfaceFlingerImpl.cpp.vsyncId=90186711, oldVsyncId=90186692, layerName=NavigationBar0#6857
08-06 16:37:57.686  1508  1508 E MI-SF   : MiSurfaceFlingerImpl.cpp.vsyncId=90186711, mIsContainTask1=0, mIsContainTaskOther=0
08-06 16:37:57.687  3375  3375 E RotationHelper: setCurrentStateRequest: request=0
08-06 16:37:57.689  3375  3375 W Settings: Setting device_provisioned has moved from android.provider.Settings.Secure to android.provider.Settings.Global.
08-06 16:37:57.689  1508  1508 E SurfaceFlinger: MiSurfaceFlingerStub isAnimationScene
08-06 16:37:57.692  3375  3375 E Launcher.application: setClickAppWaitForCallback = false
08-06 16:37:57.701 12199 12426 W Auth    : [GeneralRestrictionsSyncer] Failed to update visibilities for com.miui.accessibility [CONTEXT service_id=343 ]
08-06 16:37:57.714  3375  3375 W Launcher:WidgetView: onMiuiWidgetUpdate widget is not miuiWidget!
08-06 16:37:57.719  1508  1508 E MI-SF   : MiSurfaceFlingerImpl.cpp.vsyncId=90186736, oldVsyncId=90186711, layerName=com.miui.home/com.miui.home.launcher.Launcher#30891
08-06 16:37:57.720  1508  1508 E MI-SF   : MiSurfaceFlingerImpl.cpp.vsyncId=90186736, mIsContainTask1=0, mIsContainTaskOther=0
08-06 16:37:57.720  1508  1508 E MI-SF   : MiSurfaceFlingerImpl.cpp.vsyncId=90186736, oldVsyncId=90186736, layerName=NavigationBar0#6857
08-06 16:37:57.720  1508  1508 E MI-SF   : MiSurfaceFlingerImpl.cpp.vsyncId=90186736, mIsContainTask1=0, mIsContainTaskOther=0
08-06 16:37:57.720  1508  1508 E MI-SF   : MiSurfaceFlingerImpl.cpp.vsyncId=90186736, oldVsyncId=90186736, layerName=NavigationBar0#6857
08-06 16:37:57.720  1508  1508 E MI-SF   : MiSurfaceFlingerImpl.cpp.vsyncId=90186736, mIsContainTask1=0, mIsContainTaskOther=0
08-06 16:37:57.721  1508  1508 E SurfaceFlinger: MiSurfaceFlingerStub isAnimationScene
08-06 16:37:57.727 12199 12426 W Auth    : [GeneralRestrictionsSyncer] Failed to update visibilities for com.qualcomm.qti.uimGbaApp [CONTEXT service_id=343 ]
08-06 16:37:57.734 11063 11142 E MiPicks-PrefUtils: Unknown sharedpreferences file name mini_card
08-06 16:37:57.736  1508  1508 E MI-SF   : MiSurfaceFlingerImpl.cpp.vsyncId=90186779, oldVsyncId=90186736, layerName=NavigationBar0#6857
08-06 16:37:57.736  1508  1508 E MI-SF   : MiSurfaceFlingerImpl.cpp.vsyncId=90186779, mIsContainTask1=0, mIsContainTaskOther=0
08-06 16:37:57.740  1508  1508 E SurfaceFlinger: MiSurfaceFlingerStub isAnimationScene
08-06 16:37:57.748  1419  1531 E ANDR-PERF-OPTSHANDLER: ANDR-PERF-OPTSHANDLER: modify_sysfsnode() 1008: Perflock resource /sys/class/devfreq/soc:qcom,cpubw/min_freq not supported
08-06 16:37:57.748  1419  1531 E ANDR-PERF-RESOURCEQS: ANDR-PERF-RESOURCEQS: RemoveAndApply() 292: Failed to reset optimization here [6, 0]
08-06 16:37:57.748  1419  1531 E ANDR-PERF-OPTSHANDLER: ANDR-PERF-OPTSHANDLER: modify_sysfsnode() 1008: Perflock resource /sys/class/devfreq/soc:qcom,cpubw/max_freq not supported
08-06 16:37:57.748  1419  1531 E ANDR-PERF-RESOURCEQS: ANDR-PERF-RESOURCEQS: RemoveAndApply() 292: Failed to reset optimization here [6, 6]
08-06 16:37:57.748 12199 12426 W Auth    : [GeneralRestrictionsSyncer] Failed to update visibilities for com.android.uwb.resources.overlay.common [CONTEXT service_id=343 ]
08-06 16:37:57.753  1508  1508 E MI-SF   : MiSurfaceFlingerImpl.cpp.vsyncId=90186798, oldVsyncId=90186779, layerName=NavigationBar0#6857
08-06 16:37:57.753  1508  1508 E MI-SF   : MiSurfaceFlingerImpl.cpp.vsyncId=90186798, mIsContainTask1=0, mIsContainTaskOther=0
08-06 16:37:57.754  1508  1508 E SurfaceFlinger: MiSurfaceFlingerStub isAnimationScene
08-06 16:37:57.756  3347  3531 W MultiTaskingTaskRepository: putOrUpdateTaskInfo skip
08-06 16:37:57.756  3347  3531 W MultiTaskingTaskRepository: onToBackTransitionReady putOrUpdateTaskInfo skip
08-06 16:37:57.767 12199 12426 W Auth    : [GeneralRestrictionsSyncer] Failed to update visibilities for com.miui.systemui.carriers.overlay [CONTEXT service_id=343 ]
08-06 16:37:57.770  1508  1508 E MI-SF   : MiSurfaceFlingerImpl.cpp.vsyncId=90186817, oldVsyncId=90186798, layerName=com.miui.home/com.miui.home.launcher.Launcher#30891
08-06 16:37:57.770  1508  1508 E MI-SF   : MiSurfaceFlingerImpl.cpp.vsyncId=90186817, mIsContainTask1=0, mIsContainTaskOther=0
08-06 16:37:57.770  1508  1508 E MI-SF   : MiSurfaceFlingerImpl.cpp.vsyncId=90186817, oldVsyncId=90186817, layerName=NavigationBar0#6857
08-06 16:37:57.770  1508  1508 E MI-SF   : MiSurfaceFlingerImpl.cpp.vsyncId=90186817, mIsContainTask1=0, mIsContainTaskOther=0
08-06 16:37:57.770  1508  1508 E MI-SF   : MiSurfaceFlingerImpl.cpp.vsyncId=90186817, oldVsyncId=90186817, layerName=NavigationBar0#6857
08-06 16:37:57.770  1508  1508 E MI-SF   : MiSurfaceFlingerImpl.cpp.vsyncId=90186817, mIsContainTask1=0, mIsContainTaskOther=0
08-06 16:37:57.772  1508  1508 E SurfaceFlinger: MiSurfaceFlingerStub isAnimationScene
08-06 16:37:57.786  1508  1508 E MI-SF   : MiSurfaceFlingerImpl.cpp.vsyncId=90186842, oldVsyncId=90186817, layerName=NavigationBar0#6857
08-06 16:37:57.786  1508  1508 E MI-SF   : MiSurfaceFlingerImpl.cpp.vsyncId=90186842, mIsContainTask1=0, mIsContainTaskOther=0
08-06 16:37:57.786  1508  1508 E MI-SF   : MiSurfaceFlingerImpl.cpp.vsyncId=90186842, oldVsyncId=90186842, layerName=NavigationBar0#6857
08-06 16:37:57.786  1508  1508 E MI-SF   : MiSurfaceFlingerImpl.cpp.vsyncId=90186842, mIsContainTask1=0, mIsContainTaskOther=0
08-06 16:37:57.787 12199 12426 W Auth    : [GeneralRestrictionsSyncer] Failed to update visibilities for com.android.microdroid.empty_payload [CONTEXT service_id=343 ]
08-06 16:37:57.788  1508  1508 E SurfaceFlinger: MiSurfaceFlingerStub isAnimationScene
08-06 16:37:57.794  2518  3651 W system_server: PerfMonitor async binderTransact :  time=533ms interface=android.app.IActivityManager code=62
08-06 16:37:57.794  2518  2585 W ActivityManager: Slow operation: 373ms so far, now at startProcess: done updating battery stats
08-06 16:37:57.794  3375  3745 W MiBridge: Permission not granted !!
08-06 16:37:57.795  2518  2585 W ActivityManager: Slow operation: 374ms so far, now at startProcess: building log message
08-06 16:37:57.796  2518  2585 W ActivityManager: Slow operation: 375ms so far, now at startProcess: starting to update pids map
08-06 16:37:57.796  3347  3347 E onWindowDecorRectChanged: start size:0
08-06 16:37:57.797  3375  3745 W RecentsModel: getRunningTask   taskInfo=TaskInfo{userId=0 taskId=2 displayId=0 isRunning=true baseIntent=Intent { act=android.intent.action.MAIN cat=[android.intent.category.HOME] flg=0x10000100 cmp=com.miui.home/.launcher.Launcher } baseActivity=ComponentInfo{com.miui.home/com.miui.home.launcher.Launcher} topActivity=ComponentInfo{com.miui.home/com.miui.home.launcher.Launcher} origActivity=null realActivity=ComponentInfo{com.miui.home/com.miui.home.launcher.Launcher} numActivities=1 lastActiveTime=440954049 supportsSplitScreenMultiWindow=true supportsMultiWindow=true resizeMode=2 isResizeable=true minWidth=-1 minHeight=-1 defaultMinSize=200 token=WCT{android.window.IWindowContainerToken$Stub$Proxy@22a30b7} topActivityType=2 pictureInPictureParams=null shouldDockBigOverlays=false launchIntoPipHostTaskId=-1 lastParentTaskIdBeforePip=-1 displayCutoutSafeInsets=null topActivityInfo=ActivityInfo{b58b024 com.miui.home.launcher.Launcher} launchCookies=[] positionInParent=Point(0, 0) parentTaskId=-1 isFocused=true isVisible=true isVisibleRequested=true isSleeping=false locusId=null displayAreaFeatureId=1 isTopActivityTransparent=false appCompatTaskInfo=AppCompatTaskInfo { topActivityInSizeCompat=false topActivityInMiuiSizeCompat=false topActivityEligibleForLetterboxEducation= falseisLetterboxEducationEnabled= false isLetterboxDoubleTapEnabled= false topActivityEligibleForUserAspectRatioButton= false topActivityBoundsLetterboxed= false isFromLetterboxDoubleTap= false topActivityLetterboxVerticalPosition= -1 topActivityLetterboxHorizontalPosition= -1 topActivityLetterboxWidth=1080 topActivityLetterboxHeight=2400 isUserFullscreenOverrideEnabled=false isSystemFullscreenOverrideEnabled=false cameraCompatTaskInfo=CameraCompatTaskInfo { cameraCompatControlState=hidden freeformCameraCompatMode=inactive}} isImmersive=false mTopActivityRequestOrientation=1 mBehindAppLockPkg=null mOriginatingUid=0 isEmbedded=false shouldBeVisible=true mIsCastMode=false mTopActivityMediaSize=null mTopActivityRecordName=ActivityRecord{77d0fdf u0 com.miui.home/.launcher.Launcher t2} mTopActivityOrientation=1}
08-06 16:37:57.800  3375  3745 E ActivityManagerWrapper: get all recent tasks force including 2
08-06 16:37:57.803  1508  1508 E MI-SF   : MiSurfaceFlingerImpl.cpp.vsyncId=90186861, oldVsyncId=90186842, layerName=NavigationBar0#6857
08-06 16:37:57.803  1508  1508 E MI-SF   : MiSurfaceFlingerImpl.cpp.vsyncId=90186861, mIsContainTask1=0, mIsContainTaskOther=0
08-06 16:37:57.803  1508  1508 E MI-SF   : MiSurfaceFlingerImpl.cpp.vsyncId=90186861, oldVsyncId=90186861, layerName=NavigationBar0#6857
08-06 16:37:57.803  1508  1508 E MI-SF   : MiSurfaceFlingerImpl.cpp.vsyncId=90186861, mIsContainTask1=0, mIsContainTaskOther=0
08-06 16:37:57.804  1508  1508 E SurfaceFlinger: MiSurfaceFlingerStub isAnimationScene
08-06 16:37:57.804  2518  2784 W ActivityTaskManager: callingPackage for (uid=-1, pid=0) has no WPC
08-06 16:37:57.806  2518  2784 W OptProp : Cannot read opt property android.window.PROPERTY_COMPAT_ALLOW_ORIENTATION_OVERRIDE
08-06 16:37:57.807  2518  2784 W OptProp : Cannot read opt property android.window.PROPERTY_COMPAT_ALLOW_RESIZEABLE_ACTIVITY_OVERRIDES
08-06 16:37:57.808  2518  2784 W OptProp : Cannot read opt property android.window.PROPERTY_COMPAT_ALLOW_MIN_ASPECT_RATIO_OVERRIDE
08-06 16:37:57.813  2518  2784 W InputDispatcher: Excessive delay in interceptKeyBeforeDispatching; took 132 ms
08-06 16:37:57.815  3375  3375 E RotationHelper: setCurrentStateRequest: request=0
08-06 16:37:57.817  3375  3375 W Settings: Setting device_provisioned has moved from android.provider.Settings.Secure to android.provider.Settings.Global.
08-06 16:37:57.819  3375  3375 E Launcher.application: setClickAppWaitForCallback = false
08-06 16:37:57.820  1508  1508 E MI-SF   : MiSurfaceFlingerImpl.cpp.vsyncId=90186887, oldVsyncId=90186861, layerName=com.miui.miwallpaper.wallpaperservice.ImageWallpaper#23099
08-06 16:37:57.820  1508  1508 E MI-SF   : MiSurfaceFlingerImpl.cpp.vsyncId=90186887, mIsContainTask1=0, mIsContainTaskOther=0
08-06 16:37:57.820  1508  1508 E MI-SF   : MiSurfaceFlingerImpl.cpp.vsyncId=90186887, oldVsyncId=90186887, layerName=com.miui.home/com.miui.home.launcher.Launcher#30891
08-06 16:37:57.820  1508  1508 E MI-SF   : MiSurfaceFlingerImpl.cpp.vsyncId=90186887, mIsContainTask1=0, mIsContainTaskOther=0
08-06 16:37:57.820  1508  1508 E MI-SF   : MiSurfaceFlingerImpl.cpp.vsyncId=90186887, oldVsyncId=90186887, layerName=39b27d2 ActivityRecordInputSink com.develop4god.devocional_nuevo/.MainActivity#30886
08-06 16:37:57.820  1508  1508 E MI-SF   : MiSurfaceFlingerImpl.cpp.vsyncId=90186887, mIsContainTask1=0, mIsContainTaskOther=0
08-06 16:37:57.820  1508  1508 E MI-SF   : MiSurfaceFlingerImpl.cpp.vsyncId=90186887, oldVsyncId=90186887, layerName=584d839 ActivityRecordInputSink com.miui.home/.launcher.Launcher#55
08-06 16:37:57.820  1508  1508 E MI-SF   : MiSurfaceFlingerImpl.cpp.vsyncId=90186887, mIsContainTask1=0, mIsContainTaskOther=0
08-06 16:37:57.820  1508  1508 E MI-SF   : MiSurfaceFlingerImpl.cpp.vsyncId=90186887, oldVsyncId=90186887, layerName=Task=2#50
08-06 16:37:57.820  1508  1508 E MI-SF   : MiSurfaceFlingerImpl.cpp.vsyncId=90186887, mIsContainTask1=0, mIsContainTaskOther=0
08-06 16:37:57.820  1508  1508 E MI-SF   : MiSurfaceFlingerImpl.cpp.vsyncId=90186887, oldVsyncId=90186887, layerName=NavigationBar0#6857
08-06 16:37:57.820  1508  1508 E MI-SF   : MiSurfaceFlingerImpl.cpp.vsyncId=90186887, mIsContainTask1=0, mIsContainTaskOther=0
08-06 16:37:57.820  1508  1508 E MI-SF   : MiSurfaceFlingerImpl.cpp.vsyncId=90186887, oldVsyncId=90186887, layerName=NavigationBar0#6857
08-06 16:37:57.820  1508  1508 E MI-SF   : MiSurfaceFlingerImpl.cpp.vsyncId=90186887, mIsContainTask1=0, mIsContainTaskOther=0
08-06 16:37:57.822  2518  2585 W ActivityManager: Slow operation: 401ms so far, now at startProcess: done updating pids map
08-06 16:37:57.823  1508  1508 E SurfaceFlinger: MiSurfaceFlingerStub isAnimationScene
08-06 16:37:57.826  2518  4533 W UserManagerService: Requested status bar icon for non-badged user 0
08-06 16:37:57.828  3375  3745 E ActivityManagerWrapper: getRecentTasksForceIncludingTaskIdIfValid: getRecentTasks: size=4
08-06 16:37:57.828  3375  3745 E ActivityManagerWrapper:  mainTaskId=1973   userId=0   windowMode=1   baseIntent=Intent { act=android.intent.action.MAIN flag=270532608 cmp=ComponentInfo{com.develop4god.devocional_nuevo/com.develop4god.devocional_nuevo.MainActivity} }
08-06 16:37:57.828  3375  3745 E ActivityManagerWrapper:  mainTaskId=1971   userId=0   windowMode=1   baseIntent=Intent { act=android.intent.action.MAIN flag=270532608 cmp=ComponentInfo{com.android.chrome/com.google.android.apps.chrome.Main} }
08-06 16:37:57.828  3375  3745 E ActivityManagerWrapper:  mainTaskId=1972   userId=0   windowMode=1   baseIntent=Intent { act=android.intent.action.MAIN flag=270532608 cmp=ComponentInfo{com.whatsapp/com.whatsapp.Main} }
08-06 16:37:57.828  3375  3745 E ActivityManagerWrapper:  mainTaskId=1970   userId=999   windowMode=1   baseIntent=Intent { act=android.intent.action.MAIN flag=270532608 cmp=ComponentInfo{com.whatsapp/com.whatsapp.Main} }
08-06 16:37:57.831  2518  2581 W ActivityManagerServiceImpl: Sending non-protected broadcast com.miui.fullscreen_state_change from system 2518:system/1000 pkg android. Callers=com.android.server.am.ActivityManagerService.checkBroadcastFromSystem:16323 com.android.server.am.ActivityManagerService.broadcastIntentLockedTraced:17194 com.android.server.am.ActivityManagerService.broadcastIntentLocked:16383 com.android.server.am.ActivityManagerService.broadcastIntentWithFeature:17405 android.app.ContextImpl.sendBroadcastAsUser:1495 
08-06 16:37:57.833  1879  1932 W .gms.persistent: ApkAssets: Deleting an ApkAssets object '<empty> and /data/app/~~hX93RHQRaAluq-oT0p_pDQ==/com.google.android.apps.messaging-RM0gywcdkCg8k4xDM7NKvg==/base.apk' with 1 weak references
08-06 16:37:57.833  1879  1932 W .gms.persistent: ApkAssets: Deleting an ApkAssets object '<empty> and /data/app/~~hX93RHQRaAluq-oT0p_pDQ==/com.google.android.apps.messaging-RM0gywcdkCg8k4xDM7NKvg==/split_config.arm64_v8a.apk' with 1 weak references
08-06 16:37:57.833  1879  1932 W .gms.persistent: ApkAssets: Deleting an ApkAssets object '<empty> and /data/app/~~hX93RHQRaAluq-oT0p_pDQ==/com.google.android.apps.messaging-RM0gywcdkCg8k4xDM7NKvg==/split_config.es.apk' with 1 weak references
08-06 16:37:57.833  1879  1932 W .gms.persistent: ApkAssets: Deleting an ApkAssets object '<empty> and /data/app/~~hX93RHQRaAluq-oT0p_pDQ==/com.google.android.apps.messaging-RM0gywcdkCg8k4xDM7NKvg==/split_config.xxhdpi.apk' with 1 weak references
08-06 16:37:57.834  1879  1932 W .gms.persistent: ApkAssets: Deleting an ApkAssets object '<empty> and /data/app/~~CWj-ST9h1yEV_My8pY4N6g==/com.google.android.dialer-3ESSCTHPa4Sekzo_ll9evg==/base.apk' with 1 weak references
08-06 16:37:57.836  1508  1508 E MI-SF   : MiSurfaceFlingerImpl.cpp.vsyncId=90186906, oldVsyncId=90186887, layerName=NavigationBar0#6857
08-06 16:37:57.836  1508  1508 E MI-SF   : MiSurfaceFlingerImpl.cpp.vsyncId=90186906, mIsContainTask1=0, mIsContainTaskOther=0
08-06 16:37:57.837  1508  1508 E MI-SF   : MiSurfaceFlingerImpl.cpp.vsyncId=90186906, oldVsyncId=90186906, layerName=NavigationBar0#6857
08-06 16:37:57.837  1508  1508 E MI-SF   : MiSurfaceFlingerImpl.cpp.vsyncId=90186906, mIsContainTask1=0, mIsContainTaskOther=0
08-06 16:37:57.838  1508  1508 E SurfaceFlinger: MiSurfaceFlingerStub isAnimationScene
08-06 16:37:57.853  1508  1508 E MI-SF   : MiSurfaceFlingerImpl.cpp.vsyncId=90186931, oldVsyncId=90186906, layerName=com.miui.home/com.miui.home.launcher.Launcher#30891
08-06 16:37:57.853  1508  1508 E MI-SF   : MiSurfaceFlingerImpl.cpp.vsyncId=90186931, mIsContainTask1=0, mIsContainTaskOther=0
08-06 16:37:57.853  1508  1508 E MI-SF   : MiSurfaceFlingerImpl.cpp.vsyncId=90186931, oldVsyncId=90186931, layerName=NavigationBar0#6857
08-06 16:37:57.853  1508  1508 E MI-SF   : MiSurfaceFlingerImpl.cpp.vsyncId=90186931, mIsContainTask1=0, mIsContainTaskOther=0
08-06 16:37:57.854  1508  1508 E MI-SF   : MiSurfaceFlingerImpl.cpp.vsyncId=90186931, oldVsyncId=90186931, layerName=NavigationBar0#6857
08-06 16:37:57.854  1508  1508 E MI-SF   : MiSurfaceFlingerImpl.cpp.vsyncId=90186931, mIsContainTask1=0, mIsContainTaskOther=0
08-06 16:37:57.857  1508  1508 E SurfaceFlinger: MiSurfaceFlingerStub isAnimationScene
08-06 16:37:57.858  2518  6507 W UserManagerService: Requested status bar icon for non-badged user 0
08-06 16:37:57.870  1508  1508 E MI-SF   : MiSurfaceFlingerImpl.cpp.vsyncId=90186962, oldVsyncId=90186931, layerName=NavigationBar0#6857
08-06 16:37:57.870  1508  1508 E MI-SF   : MiSurfaceFlingerImpl.cpp.vsyncId=90186962, mIsContainTask1=0, mIsContainTaskOther=0
08-06 16:37:57.870  1508  1508 E MI-SF   : MiSurfaceFlingerImpl.cpp.vsyncId=90186962, oldVsyncId=90186962, layerName=NavigationBar0#6857
08-06 16:37:57.870  1508  1508 E MI-SF   : MiSurfaceFlingerImpl.cpp.vsyncId=90186962, mIsContainTask1=0, mIsContainTaskOther=0
08-06 16:37:57.871  1508  1508 E SurfaceFlinger: MiSurfaceFlingerStub isAnimationScene
08-06 16:37:57.884  2518  2724 W ActivityManager: Unbind failed: could not find connection for android.os.BinderProxy@7e0775e
08-06 16:37:57.885  3375  3745 W RecentsModel: getRunningTask   taskInfo=TaskInfo{userId=0 taskId=2 displayId=0 isRunning=true baseIntent=Intent { act=android.intent.action.MAIN cat=[android.intent.category.HOME] flg=0x10000100 cmp=com.miui.home/.launcher.Launcher } baseActivity=ComponentInfo{com.miui.home/com.miui.home.launcher.Launcher} topActivity=ComponentInfo{com.miui.home/com.miui.home.launcher.Launcher} origActivity=null realActivity=ComponentInfo{com.miui.home/com.miui.home.launcher.Launcher} numActivities=1 lastActiveTime=440954135 supportsSplitScreenMultiWindow=true supportsMultiWindow=true resizeMode=2 isResizeable=true minWidth=-1 minHeight=-1 defaultMinSize=200 token=WCT{android.window.IWindowContainerToken$Stub$Proxy@3edf29a} topActivityType=2 pictureInPictureParams=null shouldDockBigOverlays=false launchIntoPipHostTaskId=-1 lastParentTaskIdBeforePip=-1 displayCutoutSafeInsets=null topActivityInfo=ActivityInfo{95767cb com.miui.home.launcher.Launcher} launchCookies=[] positionInParent=Point(0, 0) parentTaskId=-1 isFocused=true isVisible=true isVisibleRequested=true isSleeping=false locusId=null displayAreaFeatureId=1 isTopActivityTransparent=false appCompatTaskInfo=AppCompatTaskInfo { topActivityInSizeCompat=false topActivityInMiuiSizeCompat=false topActivityEligibleForLetterboxEducation= falseisLetterboxEducationEnabled= false isLetterboxDoubleTapEnabled= false topActivityEligibleForUserAspectRatioButton= false topActivityBoundsLetterboxed= false isFromLetterboxDoubleTap= false topActivityLetterboxVerticalPosition= -1 topActivityLetterboxHorizontalPosition= -1 topActivityLetterboxWidth=1080 topActivityLetterboxHeight=2400 isUserFullscreenOverrideEnabled=false isSystemFullscreenOverrideEnabled=false cameraCompatTaskInfo=CameraCompatTaskInfo { cameraCompatControlState=hidden freeformCameraCompatMode=inactive}} isImmersive=false mTopActivityRequestOrientation=1 mBehindAppLockPkg=null mOriginatingUid=0 isEmbedded=false shouldBeVisible=true mIsCastMode=false mTopActivityMediaSize=null mTopActivityRecordName=ActivityRecord{77d0fdf u0 com.miui.home/.launcher.Launcher t2} mTopActivityOrientation=1}
08-06 16:37:57.885  2518  2581 W ActivityManagerServiceImpl: Sending non-protected broadcast com.miui.launch_home_from_hotkey from system 2518:system/1000 pkg android. Callers=com.android.server.am.ActivityManagerService.checkBroadcastFromSystem:16323 com.android.server.am.ActivityManagerService.broadcastIntentLockedTraced:17194 com.android.server.am.ActivityManagerService.broadcastIntentLocked:16383 com.android.server.am.ActivityManagerService.broadcastIntentWithFeature:17405 android.app.ContextImpl.sendBroadcastAsUser:1536 
08-06 16:37:57.886  3474  3520 W GmsClient: unable to connect to service: com.google.android.gms.mdocstore.service.MDOC_STORE on com.google.android.gms
08-06 16:37:57.886  2518  2581 W ActivityManagerServiceImpl: Sending non-protected broadcast com.miui.fullscreen_state_change from system 2518:system/1000 pkg android. Callers=com.android.server.am.ActivityManagerService.checkBroadcastFromSystem:16323 com.android.server.am.ActivityManagerService.broadcastIntentLockedTraced:17194 com.android.server.am.ActivityManagerService.broadcastIntentLocked:16383 com.android.server.am.ActivityManagerService.broadcastIntentWithFeature:17405 android.app.ContextImpl.sendBroadcastAsUser:1495 
08-06 16:37:57.886  1508  1508 E MI-SF   : MiSurfaceFlingerImpl.cpp.vsyncId=90186987, oldVsyncId=90186962, layerName=NavigationBar0#6857
08-06 16:37:57.886  1508  1508 E MI-SF   : MiSurfaceFlingerImpl.cpp.vsyncId=90186987, mIsContainTask1=0, mIsContainTaskOther=0
08-06 16:37:57.887  1508  1508 E MI-SF   : MiSurfaceFlingerImpl.cpp.vsyncId=90186987, oldVsyncId=90186987, layerName=NavigationBar0#6857
08-06 16:37:57.887  1508  1508 E MI-SF   : MiSurfaceFlingerImpl.cpp.vsyncId=90186987, mIsContainTask1=0, mIsContainTaskOther=0
08-06 16:37:57.888  1508  1508 E SurfaceFlinger: MiSurfaceFlingerStub isAnimationScene
08-06 16:37:57.891  3375  3745 E ActivityManagerWrapper: get all recent tasks force including 2
08-06 16:37:57.895  3375  3375 W Launcher:WidgetView: onMiuiWidgetUpdate widget is not miuiWidget!
08-06 16:37:57.900  3474 12481 W gle.android.gms: Long monitor contention with owner GoogleApiHandler (3520) at com.google.android.gms.common.ConnectionResult azbb.d(azba, android.content.ServiceConnection, java.lang.String, java.util.concurrent.Executor)(:com.google.android.gms@252932035@25.29.32 (260400-787198374):93) waiters=0 in com.google.android.gms.common.ConnectionResult azbb.d(azba, android.content.ServiceConnection, java.lang.String, java.util.concurrent.Executor) for 694ms
08-06 16:37:57.901 12199 12426 W Auth    : [GeneralRestrictionsSyncer] Failed to update visibilities for com.miui.systemui.overlay.devices.android [CONTEXT service_id=343 ]
08-06 16:37:57.903  1508  1508 E MI-SF   : MiSurfaceFlingerImpl.cpp.vsyncId=90187006, oldVsyncId=90186987, layerName=com.miui.home/com.miui.home.launcher.Launcher#30891
08-06 16:37:57.903  1508  1508 E MI-SF   : MiSurfaceFlingerImpl.cpp.vsyncId=90187006, mIsContainTask1=0, mIsContainTaskOther=0
08-06 16:37:57.903  1508  1508 E MI-SF   : MiSurfaceFlingerImpl.cpp.vsyncId=90187006, oldVsyncId=90187006, layerName=NavigationBar0#6857
08-06 16:37:57.903  1508  1508 E MI-SF   : MiSurfaceFlingerImpl.cpp.vsyncId=90187006, mIsContainTask1=0, mIsContainTaskOther=0
08-06 16:37:57.905  1508  1508 E SurfaceFlinger: MiSurfaceFlingerStub isAnimationScene
08-06 16:37:57.908  3375  3375 E WindowTransitionCompat: TransitionTest wrapRemoteTransition
08-06 16:37:57.908  3375  3375 E WindowTransitionCompat: printLeash::index = 0, root = Surface(name=Transition Root #2235: Task=1#30894)/@0x813dbb6
08-06 16:37:57.909  3375  3375 E WindowTransitionCompat: 0, check isClosingType type = 2, mode = 3
08-06 16:37:57.909  3375  3375 E WindowTransitionCompat: 1, check isClosingType type = 1, mode = 4
08-06 16:37:57.911  3375  3375 W TransitionInfoExpose.ChangeExpose: getAllowEnterPip: return null from reflection, use default value false
08-06 16:37:57.911 12199 12426 W Auth    : [GeneralRestrictionsSyncer] Failed to update visibilities for com.android.vpndialogs [CONTEXT service_id=343 ]
08-06 16:37:57.913  3375  3375 W TransitionInfoExpose.ChangeExpose: getAllowEnterPip: return null from reflection, use default value false
08-06 16:37:57.916 12199 12210 W System  : A resource failed to call close. 
08-06 16:37:57.916  3375  3745 E ActivityManagerWrapper: getRecentTasksForceIncludingTaskIdIfValid: getRecentTasks: size=4
08-06 16:37:57.916  3375  3745 E ActivityManagerWrapper:  mainTaskId=1973   userId=0   windowMode=1   baseIntent=Intent { act=android.intent.action.MAIN flag=270532608 cmp=ComponentInfo{com.develop4god.devocional_nuevo/com.develop4god.devocional_nuevo.MainActivity} }
08-06 16:37:57.916  3375  3745 E ActivityManagerWrapper:  mainTaskId=1971   userId=0   windowMode=1   baseIntent=Intent { act=android.intent.action.MAIN flag=270532608 cmp=ComponentInfo{com.android.chrome/com.google.android.apps.chrome.Main} }
08-06 16:37:57.916  3375  3745 E ActivityManagerWrapper:  mainTaskId=1972   userId=0   windowMode=1   baseIntent=Intent { act=android.intent.action.MAIN flag=270532608 cmp=ComponentInfo{com.whatsapp/com.whatsapp.Main} }
08-06 16:37:57.916  3375  3745 E ActivityManagerWrapper:  mainTaskId=1970   userId=999   windowMode=1   baseIntent=Intent { act=android.intent.action.MAIN flag=270532608 cmp=ComponentInfo{com.whatsapp/com.whatsapp.Main} }
08-06 16:37:57.916 12199 12210 W System  : A resource failed to call close. 
08-06 16:37:57.918  3375  3375 W TransitionInfoExpose.ChangeExpose: getAllowEnterPip: return null from reflection, use default value false
08-06 16:37:57.918  3474  3479 W gle.android.gms: Reducing the number of considered missed Gc histogram windows from 162 to 100
08-06 16:37:57.919 12199 12426 W Auth    : [GeneralRestrictionsSyncer] Failed to update visibilities for com.longcheertel.cit [CONTEXT service_id=343 ]
08-06 16:37:57.920  1508  1508 E MI-SF   : MiSurfaceFlingerImpl.cpp.vsyncId=90187031, oldVsyncId=90187006, layerName=TL_Surface(name=WallpaperWindowToken{e253395 token=android.os.Binder@42bc74c}#56)/@0x1836751_transition-leash#30897
08-06 16:37:57.920 12890 12890 E Zygote  : process_name_ptr:12890 com.google.android.gm
08-06 16:37:57.920  1508  1508 E MI-SF   : MiSurfaceFlingerImpl.cpp.vsyncId=90187031, mIsContainTask1=0, mIsContainTaskOther=0
08-06 16:37:57.920  1508  1508 E MI-SF   : MiSurfaceFlingerImpl.cpp.vsyncId=90187031, oldVsyncId=90187031, layerName=TL_Surface(name=Task=1973#30882)/@0xcafc478_transition-leash#30896
08-06 16:37:57.920  1508  1508 E MI-SF   : MiSurfaceFlingerImpl.cpp.vsyncId=90187031, mIsContainTask1=0, mIsContainTaskOther=1
08-06 16:37:57.920  1508  1508 E MI-SF   : MiSurfaceFlingerImpl.cpp.vsyncId=90187031, oldVsyncId=90187031, layerName=ActivityRecord{77d0fdf u0 com.miui.home/.launcher.Launcher t2}#51
08-06 16:37:57.920 12890 12890 E Zygote  : SetMemoryProtected process_name_ptr:12890 com.google.android.gm
08-06 16:37:57.920  1508  1508 E MI-SF   : MiSurfaceFlingerImpl.cpp.vsyncId=90187031, mIsContainTask1=0, mIsContainTaskOther=1
08-06 16:37:57.920  1508  1508 E MI-SF   : MiSurfaceFlingerImpl.cpp.vsyncId=90187031, oldVsyncId=90187031, layerName=TL_Surface(name=Task=1#47)/@0x1e251db_transition-leash#30895
08-06 16:37:57.920  1508  1508 E MI-SF   : MiSurfaceFlingerImpl.cpp.vsyncId=90187031, mIsContainTask1=1, mIsContainTaskOther=1
08-06 16:37:57.920  1508  1508 E MI-SF   : MiSurfaceFlingerImpl.cpp.vsyncId=90187031, oldVsyncId=90187031, layerName=Task=2#50
08-06 16:37:57.920  1508  1508 E MI-SF   : MiSurfaceFlingerImpl.cpp.vsyncId=90187031, mIsContainTask1=1, mIsContainTaskOther=1
08-06 16:37:57.920  1508  1508 E MI-SF   : MiSurfaceFlingerImpl.cpp.vsyncId=90187031, oldVsyncId=90187031, layerName=WallpaperWindowToken{e253395 token=android.os.Binder@42bc74c}#56
08-06 16:37:57.920  1508  1508 E MI-SF   : MiSurfaceFlingerImpl.cpp.vsyncId=90187031, mIsContainTask1=1, mIsContainTaskOther=1
08-06 16:37:57.920  1508  1508 E MI-SF   : MiSurfaceFlingerImpl.cpp.vsyncId=90187031, oldVsyncId=90187031, layerName=com.miui.home/com.miui.home.launcher.Launcher#30891
08-06 16:37:57.920  1508  1508 E MI-SF   : MiSurfaceFlingerImpl.cpp.vsyncId=90187031, mIsContainTask1=1, mIsContainTaskOther=1
08-06 16:37:57.920  1508  1508 E MI-SF   : MiSurfaceFlingerImpl.cpp.vsyncId=90187031, oldVsyncId=90187031, layerName=Task=1#47
08-06 16:37:57.920  1508  1508 E MI-SF   : MiSurfaceFlingerImpl.cpp.vsyncId=90187031, mIsContainTask1=1, mIsContainTaskOther=1
08-06 16:37:57.920  1508  1508 E MI-SF   : MiSurfaceFlingerImpl.cpp.vsyncId=90187031, oldVsyncId=90187031, layerName=Transition Root #2235: Task=1#30894
08-06 16:37:57.920  1508  1508 E MI-SF   : MiSurfaceFlingerImpl.cpp.vsyncId=90187031, mIsContainTask1=1, mIsContainTaskOther=1
08-06 16:37:57.920  1508  1508 E MI-SF   : MiSurfaceFlingerImpl.cpp.vsyncId=90187031, oldVsyncId=90187031, layerName=Task=1973#30882
08-06 16:37:57.920  1508  1508 E MI-SF   : MiSurfaceFlingerImpl.cpp.vsyncId=90187031, mIsContainTask1=1, mIsContainTaskOther=1
08-06 16:37:57.920  1508  1508 E MI-SF   : MiSurfaceFlingerImpl.cpp.vsyncId=90187031, oldVsyncId=90187031, layerName=983f8c9 Splash Screen com.develop4god.devocional_nuevo#30884
08-06 16:37:57.920  1508  1508 E MI-SF   : MiSurfaceFlingerImpl.cpp.vsyncId=90187031, mIsContainTask1=1, mIsContainTaskOther=1
08-06 16:37:57.920  1508  1508 E MI-SF   : MiSurfaceFlingerImpl.cpp.vsyncId=90187031, oldVsyncId=90187031, layerName=com.miui.miwallpaper.wallpaperservice.ImageWallpaper#23099
08-06 16:37:57.920  1508  1508 E MI-SF   : MiSurfaceFlingerImpl.cpp.vsyncId=90187031, mIsContainTask1=1, mIsContainTaskOther=1
08-06 16:37:57.920  1508  1508 E MI-SF   : MiSurfaceFlingerImpl.cpp.vsyncId=90187031, oldVsyncId=90187031, layerName=cb51b52 com.miui.home/com.miui.home.launcher.Launcher#71
08-06 16:37:57.920  1508  1508 E MI-SF   : MiSurfaceFlingerImpl.cpp.vsyncId=90187031, mIsContainTask1=1, mIsContainTaskOther=1
08-06 16:37:57.920  1508  1508 E MI-SF   : MiSurfaceFlingerImpl.cpp.vsyncId=90187031, oldVsyncId=90187031, layerName=NavigationBar0#6857
08-06 16:37:57.920  1508  1508 E MI-SF   : MiSurfaceFlingerImpl.cpp.vsyncId=90187031, mIsContainTask1=1, mIsContainTaskOther=1
08-06 16:37:57.920  1508  1508 E MI-SF   : MiSurfaceFlingerImpl.cpp.vsyncId=90187031, oldVsyncId=90187031, layerName=NavigationBar0#6857
08-06 16:37:57.920  1508  1508 E MI-SF   : MiSurfaceFlingerImpl.cpp.vsyncId=90187031, mIsContainTask1=1, mIsContainTaskOther=1
08-06 16:37:57.925  1508  1508 E SurfaceFlinger: MiSurfaceFlingerStub isAnimationScene
08-06 16:37:57.928  3375  3375 E WindowAnimParamsProvider: getWindowTargetBounds    bounds=Rect(0, 0 - 1080, 2400)
08-06 16:37:57.931 12199 12426 W Auth    : [GeneralRestrictionsSyncer] Failed to update visibilities for android.miui.overlay.telephony [CONTEXT service_id=343 ]
08-06 16:37:57.932  2518  2581 W ActivityManagerServiceImpl: Sending non-protected broadcast com.miui.launch_home_from_hotkey from system 2518:system/1000 pkg android. Callers=com.android.server.am.ActivityManagerService.checkBroadcastFromSystem:16323 com.android.server.am.ActivityManagerService.broadcastIntentLockedTraced:17194 com.android.server.am.ActivityManagerService.broadcastIntentLocked:16383 com.android.server.am.ActivityManagerService.broadcastIntentWithFeature:17405 android.app.ContextImpl.sendBroadcastAsUser:1536 
08-06 16:37:57.932  1419  1531 E ANDR-PERF-OPTSHANDLER: ANDR-PERF-OPTSHANDLER: set_pid_affine() 3580: HWC, SF, RE TIDs <= 0, set_pid_affine failed
08-06 16:37:57.932  1419  1531 E ANDR-PERF-RESOURCEQS: ANDR-PERF-RESOURCEQS: AddAndApply() 167: Failed to apply optimization [11, 8]
08-06 16:37:57.935  2518  2568 W ActivityTaskManager: Activity top resumed state loss timeout for ActivityRecord{b57bfa0 u0 com.develop4god.devocional_nuevo/.MainActivity t1973}
08-06 16:37:57.941  1508  1508 E MI-SF   : surfaceflinger setAffinity success
08-06 16:37:57.942  1508  1508 E MI-SF   : surfaceflinger setAffinity success
08-06 16:37:57.942  1508  1508 E MI-SF   : MiSurfaceFlingerImpl.cpp.vsyncId=90187050, oldVsyncId=90187031, layerName=cb51b52 com.miui.home/com.miui.home.launcher.Launcher#71
08-06 16:37:57.942  1508  1508 E MI-SF   : MiSurfaceFlingerImpl.cpp.vsyncId=90187050, mIsContainTask1=0, mIsContainTaskOther=0
08-06 16:37:57.942  1508  1508 E MI-SF   : MiSurfaceFlingerImpl.cpp.vsyncId=90187050, oldVsyncId=90187050, layerName=ActivityRecord{77d0fdf u0 com.miui.home/.launcher.Launcher t2}#51
08-06 16:37:57.942  1508  1508 E MI-SF   : MiSurfaceFlingerImpl.cpp.vsyncId=90187050, mIsContainTask1=0, mIsContainTaskOther=0
08-06 16:37:57.942  1508  1508 E MI-SF   : MiSurfaceFlingerImpl.cpp.vsyncId=90187050, oldVsyncId=90187050, layerName=NavigationBar0#6857
08-06 16:37:57.942  1508  1508 E MI-SF   : MiSurfaceFlingerImpl.cpp.vsyncId=90187050, mIsContainTask1=0, mIsContainTaskOther=0
08-06 16:37:57.942  3375  3375 E ClipAnimationHelper: updateSourceStack  mSourceInsets=Rect(0, 0 - 0, 0), mSourceStackBounds=Rect(0, 0 - 1080, 2400)
08-06 16:37:57.942  3375  3375 E ClipAnimationHelper: updateHomeStack  mSourceInsets=Rect(0, 0 - 0, 0), mHomeStackBounds=Rect(0, 0 - 1080, 2400)
08-06 16:37:57.942  3375  3375 E ClipAnimationHelper: updateTargetRect  mSourceRect=RectF(0.0, 0.0, 1080.0, 2400.0)   mTargetRect=RectF(0.0, 0.0, 1080.0, 2400.0)   mSourceWindowClipInsets=RectF(0.0, 0.0, 0.0, 0.0)   mHomeStackBounds=Rect(0, 0 - 1080, 2400)   targetRect=Rect(0, 0 - 1080, 2400)
08-06 16:37:57.943  1508  1508 E SurfaceFlinger: MiSurfaceFlingerStub isAnimationScene
08-06 16:37:57.944  3375  3375 E MultiSpringDynamicAnimation289e66: ERROR Not Found Bundle Radius
08-06 16:37:57.944  3375  3375 E MultiSpringDynamicAnimation289e66: ERROR Not Found Bundle SurfaceExtAlpha
08-06 16:37:57.945  3375  3375 E MultiSpringDynamicAnimation289e66: ERROR Not Found Bundle SurfaceExtAlpha
08-06 16:37:57.945  3375  3375 E MultiSpringDynamicAnimation289e66: ERROR Not Found Bundle SurfaceExtAlpha
08-06 16:37:57.946  3375  3375 E MultiSpringDynamicAnimation18d91aa: ERROR Not Found Bundle scaleY
08-06 16:37:57.954  1508  1508 E MI-SF   : MiSurfaceFlingerImpl.cpp.vsyncId=90187069, oldVsyncId=90187050, layerName=NavigationBar0#6857
08-06 16:37:57.954  1508  1508 E MI-SF   : MiSurfaceFlingerImpl.cpp.vsyncId=90187069, mIsContainTask1=0, mIsContainTaskOther=0
08-06 16:37:57.954  1508  1508 E SurfaceFlinger: MiSurfaceFlingerStub isAnimationScene
08-06 16:37:57.957  3375  3745 W RecentsModel: getRunningTask   taskInfo=TaskInfo{userId=0 taskId=2 displayId=0 isRunning=true baseIntent=Intent { act=android.intent.action.MAIN cat=[android.intent.category.HOME] flg=0x10000100 cmp=com.miui.home/.launcher.Launcher } baseActivity=ComponentInfo{com.miui.home/com.miui.home.launcher.Launcher} topActivity=ComponentInfo{com.miui.home/com.miui.home.launcher.Launcher} origActivity=null realActivity=ComponentInfo{com.miui.home/com.miui.home.launcher.Launcher} numActivities=1 lastActiveTime=440954198 supportsSplitScreenMultiWindow=true supportsMultiWindow=true resizeMode=2 isResizeable=true minWidth=-1 minHeight=-1 defaultMinSize=200 token=WCT{android.window.IWindowContainerToken$Stub$Proxy@8701a52} topActivityType=2 pictureInPictureParams=null shouldDockBigOverlays=false launchIntoPipHostTaskId=-1 lastParentTaskIdBeforePip=-1 displayCutoutSafeInsets=null topActivityInfo=ActivityInfo{d2c6123 com.miui.home.launcher.Launcher} launchCookies=[] positionInParent=Point(0, 0) parentTaskId=-1 isFocused=true isVisible=true isVisibleRequested=true isSleeping=false locusId=null displayAreaFeatureId=1 isTopActivityTransparent=false appCompatTaskInfo=AppCompatTaskInfo { topActivityInSizeCompat=false topActivityInMiuiSizeCompat=false topActivityEligibleForLetterboxEducation= falseisLetterboxEducationEnabled= false isLetterboxDoubleTapEnabled= false topActivityEligibleForUserAspectRatioButton= false topActivityBoundsLetterboxed= false isFromLetterboxDoubleTap= false topActivityLetterboxVerticalPosition= -1 topActivityLetterboxHorizontalPosition= -1 topActivityLetterboxWidth=1080 topActivityLetterboxHeight=2400 isUserFullscreenOverrideEnabled=false isSystemFullscreenOverrideEnabled=false cameraCompatTaskInfo=CameraCompatTaskInfo { cameraCompatControlState=hidden freeformCameraCompatMode=inactive}} isImmersive=false mTopActivityRequestOrientation=1 mBehindAppLockPkg=null mOriginatingUid=0 isEmbedded=false shouldBeVisible=true mIsCastMode=false mTopActivityMediaSize=null mTopActivityRecordName=ActivityRecord{77d0fdf u0 com.miui.home/.launcher.Launcher t2} mTopActivityOrientation=1}
08-06 16:37:57.958 12199 12426 W Auth    : [GeneralRestrictionsSyncer] Failed to update visibilities for com.android.overlay.gmstelephony [CONTEXT service_id=343 ]
08-06 16:37:57.962  1357 16734 E PAL: ResourceManager: voteSleepMonitor: 1383: ioctl device is not open
08-06 16:37:57.965  3375  3745 E ActivityManagerWrapper: get all recent tasks force including 2
08-06 16:37:57.969  2518  2585 W ActivityManager: Slow operation: 96ms so far, now at startProcess: done updating battery stats
08-06 16:37:57.971  1508  1508 E MI-SF   : MiSurfaceFlingerImpl.cpp.vsyncId=90187082, oldVsyncId=90187069, layerName=com.miui.home/com.miui.home.launcher.Launcher#30891
08-06 16:37:57.971  1508  1508 E MI-SF   : MiSurfaceFlingerImpl.cpp.vsyncId=90187082, mIsContainTask1=0, mIsContainTaskOther=0
08-06 16:37:57.971  1508  1508 E MI-SF   : MiSurfaceFlingerImpl.cpp.vsyncId=90187082, oldVsyncId=90187082, layerName=NavigationBar0#6857
08-06 16:37:57.971  1508  1508 E MI-SF   : MiSurfaceFlingerImpl.cpp.vsyncId=90187082, mIsContainTask1=0, mIsContainTaskOther=0
08-06 16:37:57.971  1508  1508 E MI-SF   : MiSurfaceFlingerImpl.cpp.vsyncId=90187082, oldVsyncId=90187082, layerName=TL_Surface(name=Task=1973#30882)/@0xcafc478_transition-leash#30896
08-06 16:37:57.971  1508  1508 E MI-SF   : MiSurfaceFlingerImpl.cpp.vsyncId=90187082, mIsContainTask1=0, mIsContainTaskOther=1
08-06 16:37:57.971  1508  1508 E MI-SF   : MiSurfaceFlingerImpl.cpp.vsyncId=90187082, oldVsyncId=90187082, layerName=TL_Surface(name=Task=1#47)/@0x1e251db_transition-leash#30895
08-06 16:37:57.971  1508  1508 E MI-SF   : MiSurfaceFlingerImpl.cpp.vsyncId=90187082, mIsContainTask1=1, mIsContainTaskOther=1
08-06 16:37:57.971  1508  1508 E MI-SF   : MiSurfaceFlingerImpl.cpp.vsyncId=90187082, oldVsyncId=90187082, layerName=TL_Surface(name=Task=1#47)/@0x1e251db_transition-leash#30895
08-06 16:37:57.971  1508  1508 E MI-SF   : MiSurfaceFlingerImpl.cpp.vsyncId=90187082, mIsContainTask1=1, mIsContainTaskOther=1
08-06 16:37:57.972  1508  1508 E SurfaceFlinger: MiSurfaceFlingerStub isAnimationScene
08-06 16:37:57.976 12199 12426 W Auth    : [GeneralRestrictionsSyncer] Failed to update visibilities for com.android.shell [CONTEXT service_id=343 ]
08-06 16:37:57.976  7155  9088 E PowerKeeper.Event: oops, parse am proc start parameter error
08-06 16:37:57.981  2518  2585 W ActivityManager: Slow operation: 108ms so far, now at startProcess: building log message
08-06 16:37:57.981  2518  2585 W ActivityManager: Slow operation: 108ms so far, now at startProcess: starting to update pids map
08-06 16:37:57.981  2518  2585 W ActivityManager: Slow operation: 108ms so far, now at startProcess: done updating pids map
08-06 16:37:57.987  1508  1508 E MI-SF   : MiSurfaceFlingerImpl.cpp.vsyncId=90187107, oldVsyncId=90187082, layerName=com.miui.home/com.miui.home.launcher.Launcher#30891
08-06 16:37:57.987  1508  1508 E MI-SF   : MiSurfaceFlingerImpl.cpp.vsyncId=90187107, mIsContainTask1=0, mIsContainTaskOther=0
08-06 16:37:57.987  1508  1508 E MI-SF   : MiSurfaceFlingerImpl.cpp.vsyncId=90187107, oldVsyncId=90187107, layerName=NavigationBar0#6857
08-06 16:37:57.987  1508  1508 E MI-SF   : MiSurfaceFlingerImpl.cpp.vsyncId=90187107, mIsContainTask1=0, mIsContainTaskOther=0
08-06 16:37:57.987  1508  1508 E MI-SF   : MiSurfaceFlingerImpl.cpp.vsyncId=90187107, oldVsyncId=90187107, layerName=TL_Surface(name=Task=1973#30882)/@0xcafc478_transition-leash#30896
08-06 16:37:57.987  1508  1508 E MI-SF   : MiSurfaceFlingerImpl.cpp.vsyncId=90187107, mIsContainTask1=0, mIsContainTaskOther=1
08-06 16:37:57.987  1508  1508 E MI-SF   : MiSurfaceFlingerImpl.cpp.vsyncId=90187107, oldVsyncId=90187107, layerName=TL_Surface(name=Task=1#47)/@0x1e251db_transition-leash#30895
08-06 16:37:57.987  1508  1508 E MI-SF   : MiSurfaceFlingerImpl.cpp.vsyncId=90187107, mIsContainTask1=1, mIsContainTaskOther=1
08-06 16:37:57.987  1508  1508 E MI-SF   : MiSurfaceFlingerImpl.cpp.vsyncId=90187107, oldVsyncId=90187107, layerName=TL_Surface(name=Task=1#47)/@0x1e251db_transition-leash#30895
08-06 16:37:57.987  1508  1508 E MI-SF   : MiSurfaceFlingerImpl.cpp.vsyncId=90187107, mIsContainTask1=1, mIsContainTaskOther=1
08-06 16:37:57.989  1508  1508 E SurfaceFlinger: MiSurfaceFlingerStub isAnimationScene
08-06 16:37:57.998  3474  3520 W ServiceBindIntentUtils: Dynamic lookup for intent failed for action: com.google.android.gms.mdocstore.service.MDOC_STORE
08-06 16:37:58.006  1508  1508 E MI-SF   : MiSurfaceFlingerImpl.cpp.vsyncId=90187132, oldVsyncId=90187107, layerName=NavigationBar0#6857
08-06 16:37:58.006  1508  1508 E MI-SF   : MiSurfaceFlingerImpl.cpp.vsyncId=90187132, mIsContainTask1=0, mIsContainTaskOther=0
08-06 16:37:58.006  1508  1508 E MI-SF   : MiSurfaceFlingerImpl.cpp.vsyncId=90187132, oldVsyncId=90187132, layerName=com.miui.home/com.miui.home.launcher.Launcher#30891
08-06 16:37:58.006  1508  1508 E MI-SF   : MiSurfaceFlingerImpl.cpp.vsyncId=90187132, mIsContainTask1=0, mIsContainTaskOther=0
08-06 16:37:58.006  1508  1508 E MI-SF   : MiSurfaceFlingerImpl.cpp.vsyncId=90187132, oldVsyncId=90187132, layerName=TL_Surface(name=Task=1973#30882)/@0xcafc478_transition-leash#30896
08-06 16:37:58.006  1508  1508 E MI-SF   : MiSurfaceFlingerImpl.cpp.vsyncId=90187132, mIsContainTask1=0, mIsContainTaskOther=1
08-06 16:37:58.006  1508  1508 E MI-SF   : MiSurfaceFlingerImpl.cpp.vsyncId=90187132, oldVsyncId=90187132, layerName=TL_Surface(name=Task=1#47)/@0x1e251db_transition-leash#30895
08-06 16:37:58.006  1508  1508 E MI-SF   : MiSurfaceFlingerImpl.cpp.vsyncId=90187132, mIsContainTask1=1, mIsContainTaskOther=1
08-06 16:37:58.006  1508  1508 E MI-SF   : MiSurfaceFlingerImpl.cpp.vsyncId=90187132, oldVsyncId=90187132, layerName=TL_Surface(name=Task=1#47)/@0x1e251db_transition-leash#30895
08-06 16:37:58.006  1508  1508 E MI-SF   : MiSurfaceFlingerImpl.cpp.vsyncId=90187132, mIsContainTask1=1, mIsContainTaskOther=1
08-06 16:37:58.006  1508  1508 E MI-SF   : MiSurfaceFlingerImpl.cpp.vsyncId=90187132, oldVsyncId=90187132, layerName=TL_Surface(name=Task=1973#30882)/@0xcafc478_transition-leash#30896
08-06 16:37:58.006  1508  1508 E MI-SF   : MiSurfaceFlingerImpl.cpp.vsyncId=90187132, mIsContainTask1=1, mIsContainTaskOther=1
08-06 16:37:58.006  1508  1508 E MI-SF   : MiSurfaceFlingerImpl.cpp.vsyncId=90187132, oldVsyncId=90187132, layerName=TL_Surface(name=Task=1#47)/@0x1e251db_transition-leash#30895
08-06 16:37:58.006  1508  1508 E MI-SF   : MiSurfaceFlingerImpl.cpp.vsyncId=90187132, mIsContainTask1=1, mIsContainTaskOther=1
08-06 16:37:58.006  1508  1508 E MI-SF   : MiSurfaceFlingerImpl.cpp.vsyncId=90187132, oldVsyncId=90187132, layerName=TL_Surface(name=Task=1#47)/@0x1e251db_transition-leash#30895
08-06 16:37:58.006  1508  1508 E MI-SF   : MiSurfaceFlingerImpl.cpp.vsyncId=90187132, mIsContainTask1=1, mIsContainTaskOther=1
08-06 16:37:58.007  3375  3555 E FrameEvents: applyFenceDelta: Unexpected fence.
08-06 16:37:58.008  1508  1508 E SurfaceFlinger: MiSurfaceFlingerStub isAnimationScene
08-06 16:37:58.008  3375  3745 E ActivityManagerWrapper: getRecentTasksForceIncludingTaskIdIfValid: getRecentTasks: size=4
08-06 16:37:58.008  3375  3745 E ActivityManagerWrapper:  mainTaskId=1973   userId=0   windowMode=1   baseIntent=Intent { act=android.intent.action.MAIN flag=270532608 cmp=ComponentInfo{com.develop4god.devocional_nuevo/com.develop4god.devocional_nuevo.MainActivity} }
08-06 16:37:58.008  3375  3745 E ActivityManagerWrapper:  mainTaskId=1971   userId=0   windowMode=1   baseIntent=Intent { act=android.intent.action.MAIN flag=270532608 cmp=ComponentInfo{com.android.chrome/com.google.android.apps.chrome.Main} }
08-06 16:37:58.008  3375  3745 E ActivityManagerWrapper:  mainTaskId=1972   userId=0   windowMode=1   baseIntent=Intent { act=android.intent.action.MAIN flag=270532608 cmp=ComponentInfo{com.whatsapp/com.whatsapp.Main} }
08-06 16:37:58.008  3375  3745 E ActivityManagerWrapper:  mainTaskId=1970   userId=999   windowMode=1   baseIntent=Intent { act=android.intent.action.MAIN flag=270532608 cmp=ComponentInfo{com.whatsapp/com.whatsapp.Main} }
08-06 16:37:58.020 12199 12426 W Auth    : [GeneralRestrictionsSyncer] Failed to update visibilities for com.android.wallpaperbackup [CONTEXT service_id=343 ]
08-06 16:37:58.021  1508  1508 E MI-SF   : MiSurfaceFlingerImpl.cpp.vsyncId=90187157, oldVsyncId=90187132, layerName=NavigationBar0#6857
08-06 16:37:58.021  1508  1508 E MI-SF   : MiSurfaceFlingerImpl.cpp.vsyncId=90187157, mIsContainTask1=0, mIsContainTaskOther=0
08-06 16:37:58.021  1508  1508 E MI-SF   : MiSurfaceFlingerImpl.cpp.vsyncId=90187157, oldVsyncId=90187157, layerName=com.miui.home/com.miui.home.launcher.Launcher#30891
08-06 16:37:58.021  1508  1508 E MI-SF   : MiSurfaceFlingerImpl.cpp.vsyncId=90187157, mIsContainTask1=0, mIsContainTaskOther=0
08-06 16:37:58.022  1508  1508 E SurfaceFlinger: MiSurfaceFlingerStub isAnimationScene
08-06 16:37:58.028  3375  3375 W Launcher:WidgetView: onMiuiWidgetUpdate widget is not miuiWidget!
08-06 16:37:58.033  2518  2793 W InputMethodManagerService: Clear show forced flag.
08-06 16:37:58.038  1508  1508 E MI-SF   : MiSurfaceFlingerImpl.cpp.vsyncId=90187182, oldVsyncId=90187157, layerName=NavigationBar0#6857
08-06 16:37:58.038  1508  1508 E MI-SF   : MiSurfaceFlingerImpl.cpp.vsyncId=90187182, mIsContainTask1=0, mIsContainTaskOther=0
08-06 16:37:58.038  1508  1508 E MI-SF   : MiSurfaceFlingerImpl.cpp.vsyncId=90187182, oldVsyncId=90187182, layerName=com.miui.home/com.miui.home.launcher.Launcher#30891
08-06 16:37:58.038  1508  1508 E MI-SF   : MiSurfaceFlingerImpl.cpp.vsyncId=90187182, mIsContainTask1=0, mIsContainTaskOther=0
08-06 16:37:58.038  1508  1508 E MI-SF   : MiSurfaceFlingerImpl.cpp.vsyncId=90187182, oldVsyncId=90187182, layerName=TL_Surface(name=Task=1973#30882)/@0xcafc478_transition-leash#30896
08-06 16:37:58.038  1508  1508 E MI-SF   : MiSurfaceFlingerImpl.cpp.vsyncId=90187182, mIsContainTask1=0, mIsContainTaskOther=1
08-06 16:37:58.038  1508  1508 E MI-SF   : MiSurfaceFlingerImpl.cpp.vsyncId=90187182, oldVsyncId=90187182, layerName=TL_Surface(name=Task=1#47)/@0x1e251db_transition-leash#30895
08-06 16:37:58.038  1508  1508 E MI-SF   : MiSurfaceFlingerImpl.cpp.vsyncId=90187182, mIsContainTask1=1, mIsContainTaskOther=1
08-06 16:37:58.038  1508  1508 E MI-SF   : MiSurfaceFlingerImpl.cpp.vsyncId=90187182, oldVsyncId=90187182, layerName=TL_Surface(name=Task=1#47)/@0x1e251db_transition-leash#30895
08-06 16:37:58.038  1508  1508 E MI-SF   : MiSurfaceFlingerImpl.cpp.vsyncId=90187182, mIsContainTask1=1, mIsContainTaskOther=1
08-06 16:37:58.038  1508  1508 E MI-SF   : MiSurfaceFlingerImpl.cpp.vsyncId=90187182, oldVsyncId=90187182, layerName=TL_Surface(name=Task=1973#30882)/@0xcafc478_transition-leash#30896
08-06 16:37:58.038  1508  1508 E MI-SF   : MiSurfaceFlingerImpl.cpp.vsyncId=90187182, mIsContainTask1=1, mIsContainTaskOther=1
08-06 16:37:58.038  1508  1508 E MI-SF   : MiSurfaceFlingerImpl.cpp.vsyncId=90187182, oldVsyncId=90187182, layerName=TL_Surface(name=Task=1#47)/@0x1e251db_transition-leash#30895
08-06 16:37:58.038  1508  1508 E MI-SF   : MiSurfaceFlingerImpl.cpp.vsyncId=90187182, mIsContainTask1=1, mIsContainTaskOther=1
08-06 16:37:58.040  1508  1508 E SurfaceFlinger: MiSurfaceFlingerStub isAnimationScene
08-06 16:37:58.055  1508  1508 E MI-SF   : MiSurfaceFlingerImpl.cpp.vsyncId=90187207, oldVsyncId=90187182, layerName=com.miui.home/com.miui.home.launcher.Launcher#30891
08-06 16:37:58.055  1508  1508 E MI-SF   : MiSurfaceFlingerImpl.cpp.vsyncId=90187207, mIsContainTask1=0, mIsContainTaskOther=0
08-06 16:37:58.055  1508  1508 E MI-SF   : MiSurfaceFlingerImpl.cpp.vsyncId=90187207, oldVsyncId=90187207, layerName=NavigationBar0#6857
08-06 16:37:58.055  1508  1508 E MI-SF   : MiSurfaceFlingerImpl.cpp.vsyncId=90187207, mIsContainTask1=0, mIsContainTaskOther=0
08-06 16:37:58.055  1508  1508 E MI-SF   : MiSurfaceFlingerImpl.cpp.vsyncId=90187207, oldVsyncId=90187207, layerName=TL_Surface(name=Task=1#47)/@0x1e251db_transition-leash#30895
08-06 16:37:58.055  1508  1508 E MI-SF   : MiSurfaceFlingerImpl.cpp.vsyncId=90187207, mIsContainTask1=1, mIsContainTaskOther=0
08-06 16:37:58.056  1508  1508 E SurfaceFlinger: MiSurfaceFlingerStub isAnimationScene
08-06 16:37:58.072  1508  1508 E MI-SF   : MiSurfaceFlingerImpl.cpp.vsyncId=90187232, oldVsyncId=90187207, layerName=NavigationBar0#6857
08-06 16:37:58.072  1508  1508 E MI-SF   : MiSurfaceFlingerImpl.cpp.vsyncId=90187232, mIsContainTask1=0, mIsContainTaskOther=0
08-06 16:37:58.072  1508  1508 E MI-SF   : MiSurfaceFlingerImpl.cpp.vsyncId=90187232, oldVsyncId=90187232, layerName=com.miui.home/com.miui.home.launcher.Launcher#30891
08-06 16:37:58.072  1508  1508 E MI-SF   : MiSurfaceFlingerImpl.cpp.vsyncId=90187232, mIsContainTask1=0, mIsContainTaskOther=0
08-06 16:37:58.072  1508  1508 E MI-SF   : MiSurfaceFlingerImpl.cpp.vsyncId=90187232, oldVsyncId=90187232, layerName=TL_Surface(name=Task=1973#30882)/@0xcafc478_transition-leash#30896
08-06 16:37:58.072  1508  1508 E MI-SF   : MiSurfaceFlingerImpl.cpp.vsyncId=90187232, mIsContainTask1=0, mIsContainTaskOther=1
08-06 16:37:58.072  1508  1508 E MI-SF   : MiSurfaceFlingerImpl.cpp.vsyncId=90187232, oldVsyncId=90187232, layerName=TL_Surface(name=Task=1#47)/@0x1e251db_transition-leash#30895
08-06 16:37:58.072  1508  1508 E MI-SF   : MiSurfaceFlingerImpl.cpp.vsyncId=90187232, mIsContainTask1=1, mIsContainTaskOther=1
08-06 16:37:58.072  1508  1508 E MI-SF   : MiSurfaceFlingerImpl.cpp.vsyncId=90187232, oldVsyncId=90187232, layerName=TL_Surface(name=Task=1#47)/@0x1e251db_transition-leash#30895
08-06 16:37:58.072  1508  1508 E MI-SF   : MiSurfaceFlingerImpl.cpp.vsyncId=90187232, mIsContainTask1=1, mIsContainTaskOther=1
