08-06 16:37:52.725  1508  1508 E SurfaceFlinger: MiSurfaceFlingerStub isAnimationScene
08-06 16:37:52.741  1508  1508 E MI-SF   : MiSurfaceFlingerImpl.cpp.vsyncId=90184427, oldVsyncId=90184408, layerName=NotificationShade#30872
08-06 16:37:52.741  1508  1508 E MI-SF   : MiSurfaceFlingerImpl.cpp.vsyncId=90184427, mIsContainTask1=0, mIsContainTaskOther=0
08-06 16:37:52.741  1508  1508 E MI-SF   : MiSurfaceFlingerImpl.cpp.vsyncId=90184427, oldVsyncId=90184427, layerName=NotificationShade#30872
08-06 16:37:52.741  1508  1508 E MI-SF   : MiSurfaceFlingerImpl.cpp.vsyncId=90184427, mIsContainTask1=0, mIsContainTaskOther=0
08-06 16:37:52.742 12199 12426 W Auth    : [GeneralRestrictionsSyncer] Failed to update visibilities for com.google.android.server.deviceconfig.resources [CONTEXT service_id=343 ]
08-06 16:37:52.743  1508  1508 E SurfaceFlinger: MiSurfaceFlingerStub isAnimationScene
08-06 16:37:52.754 12199 12426 W Auth    : [GeneralRestrictionsSyncer] Failed to update visibilities for com.roblox.client [CONTEXT service_id=343 ]
08-06 16:37:52.758  1508  1508 E MI-SF   : MiSurfaceFlingerImpl.cpp.vsyncId=90184440, oldVsyncId=90184427, layerName=NotificationShade#30872
08-06 16:37:52.758  1508  1508 E MI-SF   : MiSurfaceFlingerImpl.cpp.vsyncId=90184440, mIsContainTask1=0, mIsContainTaskOther=0
08-06 16:37:52.758  1508  1508 E SurfaceFlinger: MiSurfaceFlingerStub isAnimationScene
08-06 16:37:52.768 12199 12426 W Auth    : [GeneralRestrictionsSyncer] Failed to update visibilities for com.android.providers.telephony.auto_generated_characteristics_rro [CONTEXT service_id=343 ]
08-06 16:37:52.774  1508  1508 E MI-SF   : MiSurfaceFlingerImpl.cpp.vsyncId=90184447, oldVsyncId=90184440, layerName=NotificationShade#30872
08-06 16:37:52.774  1508  1508 E MI-SF   : MiSurfaceFlingerImpl.cpp.vsyncId=90184447, mIsContainTask1=0, mIsContainTaskOther=0
08-06 16:37:52.775  1508  1508 E SurfaceFlinger: MiSurfaceFlingerStub isAnimationScene
08-06 16:37:52.775 12199 12426 W Auth    : [GeneralRestrictionsSyncer] Failed to update visibilities for com.android.updater [CONTEXT service_id=343 ]
08-06 16:37:52.785 12199 12426 W Auth    : [GeneralRestrictionsSyncer] Failed to update visibilities for com.xiaomi.bluetooth.rro.device.config.overlay [CONTEXT service_id=343 ]
08-06 16:37:52.791  1508  1508 E MI-SF   : MiSurfaceFlingerImpl.cpp.vsyncId=90184454, oldVsyncId=90184447, layerName=NotificationShade#30872
08-06 16:37:52.791  1508  1508 E MI-SF   : MiSurfaceFlingerImpl.cpp.vsyncId=90184454, mIsContainTask1=0, mIsContainTaskOther=0
08-06 16:37:52.791  1508  1508 E MI-SF   : MiSurfaceFlingerImpl.cpp.vsyncId=90184454, oldVsyncId=90184454, layerName=NotificationShade#30872
08-06 16:37:52.791  1508  1508 E MI-SF   : MiSurfaceFlingerImpl.cpp.vsyncId=90184454, mIsContainTask1=0, mIsContainTaskOther=0
08-06 16:37:52.792  1508  1508 E SurfaceFlinger: MiSurfaceFlingerStub isAnimationScene
08-06 16:37:52.797 12199 12426 W Auth    : [GeneralRestrictionsSyncer] Failed to update visibilities for com.tplink.iot [CONTEXT service_id=343 ]
08-06 16:37:52.804 12199 12426 W Auth    : [GeneralRestrictionsSyncer] Failed to update visibilities for com.android.externalstorage [CONTEXT service_id=343 ]
08-06 16:37:52.808  1508  1508 E MI-SF   : MiSurfaceFlingerImpl.cpp.vsyncId=90184461, oldVsyncId=90184454, layerName=NotificationShade#30872
08-06 16:37:52.808  1508  1508 E MI-SF   : MiSurfaceFlingerImpl.cpp.vsyncId=90184461, mIsContainTask1=0, mIsContainTaskOther=0
08-06 16:37:52.808  1508  1508 E MI-SF   : MiSurfaceFlingerImpl.cpp.vsyncId=90184461, oldVsyncId=90184461, layerName=NotificationShade#30872
08-06 16:37:52.808  1508  1508 E MI-SF   : MiSurfaceFlingerImpl.cpp.vsyncId=90184461, mIsContainTask1=0, mIsContainTaskOther=0
08-06 16:37:52.809  1508  1508 E SurfaceFlinger: MiSurfaceFlingerStub isAnimationScene
08-06 16:37:52.815 12199 12426 W Auth    : [GeneralRestrictionsSyncer] Failed to update visibilities for com.qualcomm.uimremoteclient [CONTEXT service_id=343 ]
08-06 16:37:52.824  1508  1508 E MI-SF   : MiSurfaceFlingerImpl.cpp.vsyncId=90184468, oldVsyncId=90184461, layerName=NotificationShade#30872
08-06 16:37:52.824  1508  1508 E MI-SF   : MiSurfaceFlingerImpl.cpp.vsyncId=90184468, mIsContainTask1=0, mIsContainTaskOther=0
08-06 16:37:52.825  1508  1508 E SurfaceFlinger: MiSurfaceFlingerStub isAnimationScene
08-06 16:37:52.828  1419  1419 E ANDR-PERF-TARGET: ANDR-PERF-TARGET: getPhysicalCluster() 54: Error: Invalid logical cluster id 2
08-06 16:37:52.828  1419  1419 E ANDR-PERF-REQUEST: ANDR-PERF-REQUEST: Process() 368: Translate to physical failed
08-06 16:37:52.828  1419  1419 E ANDR-PERF-TARGET: ANDR-PERF-TARGET: getPhysicalCluster() 54: Error: Invalid logical cluster id 2
08-06 16:37:52.828  1419  1419 E ANDR-PERF-REQUEST: ANDR-PERF-REQUEST: Process() 368: Translate to physical failed
08-06 16:37:52.831 12199 12426 W Auth    : [GeneralRestrictionsSyncer] Failed to update visibilities for com.android.htmlviewer [CONTEXT service_id=343 ]
08-06 16:37:52.841 12199 12426 W Auth    : [GeneralRestrictionsSyncer] Failed to update visibilities for com.miui.extraphoto [CONTEXT service_id=343 ]
08-06 16:37:52.841  1508  1508 E MI-SF   : MiSurfaceFlingerImpl.cpp.vsyncId=90184475, oldVsyncId=90184468, layerName=NotificationShade#30872
08-06 16:37:52.841  1508  1508 E MI-SF   : MiSurfaceFlingerImpl.cpp.vsyncId=90184475, mIsContainTask1=0, mIsContainTaskOther=0
08-06 16:37:52.841  1508  1508 E MI-SF   : MiSurfaceFlingerImpl.cpp.vsyncId=90184475, oldVsyncId=90184475, layerName=NotificationShade#30872
08-06 16:37:52.841  1508  1508 E MI-SF   : MiSurfaceFlingerImpl.cpp.vsyncId=90184475, mIsContainTask1=0, mIsContainTaskOther=0
08-06 16:37:52.842  1508  1508 E SurfaceFlinger: MiSurfaceFlingerStub isAnimationScene
08-06 16:37:52.845  1419  1419 E ANDR-PERF-TARGET: ANDR-PERF-TARGET: getPhysicalCluster() 54: Error: Invalid logical cluster id 2
08-06 16:37:52.845  1419  1419 E ANDR-PERF-REQUEST: ANDR-PERF-REQUEST: Process() 368: Translate to physical failed
08-06 16:37:52.845  1419  1419 E ANDR-PERF-TARGET: ANDR-PERF-TARGET: getPhysicalCluster() 54: Error: Invalid logical cluster id 2
08-06 16:37:52.845  1419  1419 E ANDR-PERF-REQUEST: ANDR-PERF-REQUEST: Process() 368: Translate to physical failed
08-06 16:37:52.849  1419  1419 E ANDR-PERF-TARGET: ANDR-PERF-TARGET: getPhysicalCluster() 54: Error: Invalid logical cluster id 2
08-06 16:37:52.849  1419  1419 E ANDR-PERF-REQUEST: ANDR-PERF-REQUEST: Process() 368: Translate to physical failed
08-06 16:37:52.849  1419  1419 E ANDR-PERF-TARGET: ANDR-PERF-TARGET: getPhysicalCluster() 54: Error: Invalid logical cluster id 2
08-06 16:37:52.849  1419  1419 E ANDR-PERF-REQUEST: ANDR-PERF-REQUEST: Process() 368: Translate to physical failed
08-06 16:37:52.855 12199 12426 W Auth    : [GeneralRestrictionsSyncer] Failed to update visibilities for com.miui.securityadd [CONTEXT service_id=343 ]
08-06 16:37:52.858  1508  1508 E MI-SF   : MiSurfaceFlingerImpl.cpp.vsyncId=90184482, oldVsyncId=90184475, layerName=NotificationShade#30872
08-06 16:37:52.858  1508  1508 E MI-SF   : MiSurfaceFlingerImpl.cpp.vsyncId=90184482, mIsContainTask1=0, mIsContainTaskOther=0
08-06 16:37:52.859  1508  1508 E SurfaceFlinger: MiSurfaceFlingerStub isAnimationScene
08-06 16:37:52.874  1508  1508 E MI-SF   : MiSurfaceFlingerImpl.cpp.vsyncId=90184489, oldVsyncId=90184482, layerName=NotificationShade#30872
08-06 16:37:52.874  1508  1508 E MI-SF   : MiSurfaceFlingerImpl.cpp.vsyncId=90184489, mIsContainTask1=0, mIsContainTaskOther=0
08-06 16:37:52.875  1508  1508 E SurfaceFlinger: MiSurfaceFlingerStub isAnimationScene
08-06 16:37:52.891  1508  1508 E MI-SF   : MiSurfaceFlingerImpl.cpp.vsyncId=90184496, oldVsyncId=90184489, layerName=Surface(name=69bf01b NavigationBar0#6855)/@0xf57cf91 - animation-leash of insets_animation#30881
08-06 16:37:52.892  1508  1508 E MI-SF   : MiSurfaceFlingerImpl.cpp.vsyncId=90184496, mIsContainTask1=0, mIsContainTaskOther=0
08-06 16:37:52.892  1508  1508 E MI-SF   : MiSurfaceFlingerImpl.cpp.vsyncId=90184496, oldVsyncId=90184496, layerName=NotificationShade#30872
08-06 16:37:52.892  1508  1508 E MI-SF   : MiSurfaceFlingerImpl.cpp.vsyncId=90184496, mIsContainTask1=0, mIsContainTaskOther=0
08-06 16:37:52.892  1508  1508 E SurfaceFlinger: MiSurfaceFlingerStub isAnimationScene
08-06 16:37:52.908  1508  1508 E MI-SF   : MiSurfaceFlingerImpl.cpp.vsyncId=90184503, oldVsyncId=90184496, layerName=Surface(name=69bf01b NavigationBar0#6855)/@0xf57cf91 - animation-leash of insets_animation#30881
08-06 16:37:52.908  1508  1508 E MI-SF   : MiSurfaceFlingerImpl.cpp.vsyncId=90184503, mIsContainTask1=0, mIsContainTaskOther=0
08-06 16:37:52.908  1508  1508 E MI-SF   : MiSurfaceFlingerImpl.cpp.vsyncId=90184503, oldVsyncId=90184503, layerName=NotificationShade#30872
08-06 16:37:52.908  1508  1508 E MI-SF   : MiSurfaceFlingerImpl.cpp.vsyncId=90184503, mIsContainTask1=0, mIsContainTaskOther=0
08-06 16:37:52.909  1508  1508 E SurfaceFlinger: MiSurfaceFlingerStub isAnimationScene
08-06 16:37:52.919  1419  1419 E ANDR-PERF-TARGET: ANDR-PERF-TARGET: getPhysicalCluster() 54: Error: Invalid logical cluster id 2
08-06 16:37:52.919  1419  1419 E ANDR-PERF-REQUEST: ANDR-PERF-REQUEST: Process() 368: Translate to physical failed
08-06 16:37:52.919  1419  1419 E ANDR-PERF-TARGET: ANDR-PERF-TARGET: getPhysicalCluster() 54: Error: Invalid logical cluster id 2
08-06 16:37:52.919  1419  1419 E ANDR-PERF-REQUEST: ANDR-PERF-REQUEST: Process() 368: Translate to physical failed
08-06 16:37:52.923  1419  1419 E ANDR-PERF-TARGET: ANDR-PERF-TARGET: getPhysicalCluster() 54: Error: Invalid logical cluster id 2
08-06 16:37:52.924  1419  1419 E ANDR-PERF-REQUEST: ANDR-PERF-REQUEST: Process() 368: Translate to physical failed
08-06 16:37:52.924  1419  1419 E ANDR-PERF-TARGET: ANDR-PERF-TARGET: getPhysicalCluster() 54: Error: Invalid logical cluster id 2
08-06 16:37:52.924  1419  1419 E ANDR-PERF-REQUEST: ANDR-PERF-REQUEST: Process() 368: Translate to physical failed
08-06 16:37:52.925  1508  1508 E MI-SF   : MiSurfaceFlingerImpl.cpp.vsyncId=90184516, oldVsyncId=90184503, layerName=Surface(name=69bf01b NavigationBar0#6855)/@0xf57cf91 - animation-leash of insets_animation#30881
08-06 16:37:52.925  1508  1508 E MI-SF   : MiSurfaceFlingerImpl.cpp.vsyncId=90184516, mIsContainTask1=0, mIsContainTaskOther=0
08-06 16:37:52.925  1508  1508 E MI-SF   : MiSurfaceFlingerImpl.cpp.vsyncId=90184516, oldVsyncId=90184516, layerName=NotificationShade#30872
08-06 16:37:52.925  1508  1508 E MI-SF   : MiSurfaceFlingerImpl.cpp.vsyncId=90184516, mIsContainTask1=0, mIsContainTaskOther=0
08-06 16:37:52.927 12199 12426 W Auth    : [GeneralRestrictionsSyncer] Failed to update visibilities for com.qualcomm.qti.uceShimService [CONTEXT service_id=343 ]
08-06 16:37:52.927  1508  1508 E SurfaceFlinger: MiSurfaceFlingerStub isAnimationScene
08-06 16:37:52.941  1508  1508 E MI-SF   : MiSurfaceFlingerImpl.cpp.vsyncId=90184523, oldVsyncId=90184516, layerName=Surface(name=69bf01b NavigationBar0#6855)/@0xf57cf91 - animation-leash of insets_animation#30881
08-06 16:37:52.941  1508  1508 E MI-SF   : MiSurfaceFlingerImpl.cpp.vsyncId=90184523, mIsContainTask1=0, mIsContainTaskOther=0
08-06 16:37:52.941  1508  1508 E MI-SF   : MiSurfaceFlingerImpl.cpp.vsyncId=90184523, oldVsyncId=90184523, layerName=NotificationShade#30872
08-06 16:37:52.941  1508  1508 E MI-SF   : MiSurfaceFlingerImpl.cpp.vsyncId=90184523, mIsContainTask1=0, mIsContainTaskOther=0
08-06 16:37:52.942  1508  1508 E SurfaceFlinger: MiSurfaceFlingerStub isAnimationScene
08-06 16:37:52.957 20764 20797 W HWUI    : Surface doesn't have any previously queued frames, nothing to readback from
08-06 16:37:52.958  1508  1508 E MI-SF   : MiSurfaceFlingerImpl.cpp.vsyncId=90184530, oldVsyncId=90184523, layerName=Surface(name=69bf01b NavigationBar0#6855)/@0xf57cf91 - animation-leash of insets_animation#30881
08-06 16:37:52.958  1508  1508 E MI-SF   : MiSurfaceFlingerImpl.cpp.vsyncId=90184530, mIsContainTask1=0, mIsContainTaskOther=0
08-06 16:37:52.958  1508  1508 E MI-SF   : MiSurfaceFlingerImpl.cpp.vsyncId=90184530, oldVsyncId=90184530, layerName=NotificationShade#30872
08-06 16:37:52.958  1508  1508 E MI-SF   : MiSurfaceFlingerImpl.cpp.vsyncId=90184530, mIsContainTask1=0, mIsContainTaskOther=0
08-06 16:37:52.960  1508  1508 E SurfaceFlinger: MiSurfaceFlingerStub isAnimationScene
08-06 16:37:52.975  1508  1508 E MI-SF   : MiSurfaceFlingerImpl.cpp.vsyncId=90184543, oldVsyncId=90184530, layerName=Surface(name=69bf01b NavigationBar0#6855)/@0xf57cf91 - animation-leash of insets_animation#30881
08-06 16:37:52.975  1508  1508 E MI-SF   : MiSurfaceFlingerImpl.cpp.vsyncId=90184543, mIsContainTask1=0, mIsContainTaskOther=0
08-06 16:37:52.975  1508  1508 E MI-SF   : MiSurfaceFlingerImpl.cpp.vsyncId=90184543, oldVsyncId=90184543, layerName=NotificationShade#30872
08-06 16:37:52.975  1508  1508 E MI-SF   : MiSurfaceFlingerImpl.cpp.vsyncId=90184543, mIsContainTask1=0, mIsContainTaskOther=0
08-06 16:37:52.976  1508  1508 E SurfaceFlinger: MiSurfaceFlingerStub isAnimationScene
08-06 16:37:52.988  1419  1419 E ANDR-PERF-TARGET: ANDR-PERF-TARGET: getPhysicalCluster() 54: Error: Invalid logical cluster id 2
08-06 16:37:52.988  1419  1419 E ANDR-PERF-REQUEST: ANDR-PERF-REQUEST: Process() 368: Translate to physical failed
08-06 16:37:52.988  1419  1419 E ANDR-PERF-TARGET: ANDR-PERF-TARGET: getPhysicalCluster() 54: Error: Invalid logical cluster id 2
08-06 16:37:52.988  1419  1419 E ANDR-PERF-REQUEST: ANDR-PERF-REQUEST: Process() 368: Translate to physical failed
08-06 16:37:52.992  1508  1508 E MI-SF   : MiSurfaceFlingerImpl.cpp.vsyncId=90184556, oldVsyncId=90184543, layerName=Surface(name=69bf01b NavigationBar0#6855)/@0xf57cf91 - animation-leash of insets_animation#30881
08-06 16:37:52.992  1508  1508 E MI-SF   : MiSurfaceFlingerImpl.cpp.vsyncId=90184556, mIsContainTask1=0, mIsContainTaskOther=0
08-06 16:37:52.992  1508  1508 E MI-SF   : MiSurfaceFlingerImpl.cpp.vsyncId=90184556, oldVsyncId=90184556, layerName=NotificationShade#30872
08-06 16:37:52.992  1508  1508 E MI-SF   : MiSurfaceFlingerImpl.cpp.vsyncId=90184556, mIsContainTask1=0, mIsContainTaskOther=0
08-06 16:37:52.993  1508  1508 E SurfaceFlinger: MiSurfaceFlingerStub isAnimationScene
08-06 16:37:52.995 12199 12426 W Auth    : [GeneralRestrictionsSyncer] Failed to update visibilities for com.explusalpha.Snes9xPlus [CONTEXT service_id=343 ]
08-06 16:37:53.005 12199 12426 W Auth    : [GeneralRestrictionsSyncer] Failed to update visibilities for com.android.companiondevicemanager [CONTEXT service_id=343 ]
08-06 16:37:53.009  1508  1508 E MI-SF   : MiSurfaceFlingerImpl.cpp.vsyncId=90184569, oldVsyncId=90184556, layerName=Surface(name=69bf01b NavigationBar0#6855)/@0xf57cf91 - animation-leash of insets_animation#30881
08-06 16:37:53.009  1508  1508 E MI-SF   : MiSurfaceFlingerImpl.cpp.vsyncId=90184569, mIsContainTask1=0, mIsContainTaskOther=0
08-06 16:37:53.009  1508  1508 E MI-SF   : MiSurfaceFlingerImpl.cpp.vsyncId=90184569, oldVsyncId=90184569, layerName=NotificationShade#30872
08-06 16:37:53.009  1508  1508 E MI-SF   : MiSurfaceFlingerImpl.cpp.vsyncId=90184569, mIsContainTask1=0, mIsContainTaskOther=0
08-06 16:37:53.011  1508  1508 E SurfaceFlinger: MiSurfaceFlingerStub isAnimationScene
08-06 16:37:53.017 12199 12426 W Auth    : [GeneralRestrictionsSyncer] Failed to update visibilities for com.miui.gallery [CONTEXT service_id=343 ]
08-06 16:37:53.025  1508  1508 E MI-SF   : MiSurfaceFlingerImpl.cpp.vsyncId=90184576, oldVsyncId=90184569, layerName=Surface(name=69bf01b NavigationBar0#6855)/@0xf57cf91 - animation-leash of insets_animation#30881
08-06 16:37:53.025  1508  1508 E MI-SF   : MiSurfaceFlingerImpl.cpp.vsyncId=90184576, mIsContainTask1=0, mIsContainTaskOther=0
08-06 16:37:53.025  1508  1508 E MI-SF   : MiSurfaceFlingerImpl.cpp.vsyncId=90184576, oldVsyncId=90184576, layerName=NotificationShade#30872
08-06 16:37:53.025  1508  1508 E MI-SF   : MiSurfaceFlingerImpl.cpp.vsyncId=90184576, mIsContainTask1=0, mIsContainTaskOther=0
08-06 16:37:53.026  1508  1508 E SurfaceFlinger: MiSurfaceFlingerStub isAnimationScene
08-06 16:37:53.037  1419  1419 E ANDR-PERF-TARGET: ANDR-PERF-TARGET: getPhysicalCluster() 54: Error: Invalid logical cluster id 2
08-06 16:37:53.037  1419  1419 E ANDR-PERF-REQUEST: ANDR-PERF-REQUEST: Process() 368: Translate to physical failed
08-06 16:37:53.037  1419  1419 E ANDR-PERF-TARGET: ANDR-PERF-TARGET: getPhysicalCluster() 54: Error: Invalid logical cluster id 2
08-06 16:37:53.037  1419  1419 E ANDR-PERF-REQUEST: ANDR-PERF-REQUEST: Process() 368: Translate to physical failed
08-06 16:37:53.042  1508  1508 E MI-SF   : MiSurfaceFlingerImpl.cpp.vsyncId=90184583, oldVsyncId=90184576, layerName=Surface(name=69bf01b NavigationBar0#6855)/@0xf57cf91 - animation-leash of insets_animation#30881
08-06 16:37:53.042  1508  1508 E MI-SF   : MiSurfaceFlingerImpl.cpp.vsyncId=90184583, mIsContainTask1=0, mIsContainTaskOther=0
08-06 16:37:53.042  1508  1508 E MI-SF   : MiSurfaceFlingerImpl.cpp.vsyncId=90184583, oldVsyncId=90184583, layerName=NotificationShade#30872
08-06 16:37:53.042  1508  1508 E MI-SF   : MiSurfaceFlingerImpl.cpp.vsyncId=90184583, mIsContainTask1=0, mIsContainTaskOther=0
08-06 16:37:53.044  1508  1508 E SurfaceFlinger: MiSurfaceFlingerStub isAnimationScene
08-06 16:37:53.058  1508  1508 E MI-SF   : MiSurfaceFlingerImpl.cpp.vsyncId=90184590, oldVsyncId=90184583, layerName=Surface(name=69bf01b NavigationBar0#6855)/@0xf57cf91 - animation-leash of insets_animation#30881
08-06 16:37:53.058  1508  1508 E MI-SF   : MiSurfaceFlingerImpl.cpp.vsyncId=90184590, mIsContainTask1=0, mIsContainTaskOther=0
08-06 16:37:53.058  1508  1508 E MI-SF   : MiSurfaceFlingerImpl.cpp.vsyncId=90184590, oldVsyncId=90184590, layerName=NotificationShade#30872
08-06 16:37:53.058  1508  1508 E MI-SF   : MiSurfaceFlingerImpl.cpp.vsyncId=90184590, mIsContainTask1=0, mIsContainTaskOther=0
08-06 16:37:53.060  1508  1508 E SurfaceFlinger: MiSurfaceFlingerStub isAnimationScene
08-06 16:37:53.069 12199 12426 W Auth    : [GeneralRestrictionsSyncer] Failed to update visibilities for com.android.mms.service [CONTEXT service_id=343 ]
08-06 16:37:53.075  1508  1508 E MI-SF   : MiSurfaceFlingerImpl.cpp.vsyncId=90184597, oldVsyncId=90184590, layerName=Surface(name=69bf01b NavigationBar0#6855)/@0xf57cf91 - animation-leash of insets_animation#30881
08-06 16:37:53.075  1508  1508 E MI-SF   : MiSurfaceFlingerImpl.cpp.vsyncId=90184597, mIsContainTask1=0, mIsContainTaskOther=0
08-06 16:37:53.075  1508  1508 E MI-SF   : MiSurfaceFlingerImpl.cpp.vsyncId=90184597, oldVsyncId=90184597, layerName=NotificationShade#30872
08-06 16:37:53.075  1508  1508 E MI-SF   : MiSurfaceFlingerImpl.cpp.vsyncId=90184597, mIsContainTask1=0, mIsContainTaskOther=0
08-06 16:37:53.076  1508  1508 E SurfaceFlinger: MiSurfaceFlingerStub isAnimationScene
08-06 16:37:53.084 12199 12426 W Auth    : [GeneralRestrictionsSyncer] Failed to update visibilities for com.gamesxploit.gameballtap [CONTEXT service_id=343 ]
08-06 16:37:53.091 12199 12426 W Auth    : [GeneralRestrictionsSyncer] Failed to update visibilities for com.google.android.apps.docs.editors.sheets [CONTEXT service_id=343 ]
08-06 16:37:53.092  1508  1508 E MI-SF   : MiSurfaceFlingerImpl.cpp.vsyncId=90184604, oldVsyncId=90184597, layerName=Surface(name=69bf01b NavigationBar0#6855)/@0xf57cf91 - animation-leash of insets_animation#30881
08-06 16:37:53.092  1508  1508 E MI-SF   : MiSurfaceFlingerImpl.cpp.vsyncId=90184604, mIsContainTask1=0, mIsContainTaskOther=0
08-06 16:37:53.092  1508  1508 E MI-SF   : MiSurfaceFlingerImpl.cpp.vsyncId=90184604, oldVsyncId=90184604, layerName=NotificationShade#30872
08-06 16:37:53.092  1508  1508 E MI-SF   : MiSurfaceFlingerImpl.cpp.vsyncId=90184604, mIsContainTask1=0, mIsContainTaskOther=0
08-06 16:37:53.094  1508  1508 E SurfaceFlinger: MiSurfaceFlingerStub isAnimationScene
08-06 16:37:53.106 12199 12426 W Auth    : [GeneralRestrictionsSyncer] Failed to update visibilities for com.miui.msa.global [CONTEXT service_id=343 ]
08-06 16:37:53.109  1508  1508 E MI-SF   : MiSurfaceFlingerImpl.cpp.vsyncId=90184611, oldVsyncId=90184604, layerName=Surface(name=69bf01b NavigationBar0#6855)/@0xf57cf91 - animation-leash of insets_animation#30881
08-06 16:37:53.109  1508  1508 E MI-SF   : MiSurfaceFlingerImpl.cpp.vsyncId=90184611, mIsContainTask1=0, mIsContainTaskOther=0
08-06 16:37:53.109  1508  1508 E MI-SF   : MiSurfaceFlingerImpl.cpp.vsyncId=90184611, oldVsyncId=90184611, layerName=NotificationShade#30872
08-06 16:37:53.109  1508  1508 E MI-SF   : MiSurfaceFlingerImpl.cpp.vsyncId=90184611, mIsContainTask1=0, mIsContainTaskOther=0
08-06 16:37:53.111  1508  1508 E SurfaceFlinger: MiSurfaceFlingerStub isAnimationScene
08-06 16:37:53.115 12199 12426 W Auth    : [GeneralRestrictionsSyncer] Failed to update visibilities for com.android.providers.downloads [CONTEXT service_id=343 ]
08-06 16:37:53.117  1419  1419 E ANDR-PERF-TARGET: ANDR-PERF-TARGET: getPhysicalCluster() 54: Error: Invalid logical cluster id 2
08-06 16:37:53.117  1419  1419 E ANDR-PERF-REQUEST: ANDR-PERF-REQUEST: Process() 368: Translate to physical failed
08-06 16:37:53.117  1419  1419 E ANDR-PERF-TARGET: ANDR-PERF-TARGET: getPhysicalCluster() 54: Error: Invalid logical cluster id 2
08-06 16:37:53.117  1419  1419 E ANDR-PERF-REQUEST: ANDR-PERF-REQUEST: Process() 368: Translate to physical failed
08-06 16:37:53.125  1508  1508 E MI-SF   : MiSurfaceFlingerImpl.cpp.vsyncId=90184618, oldVsyncId=90184611, layerName=Surface(name=69bf01b NavigationBar0#6855)/@0xf57cf91 - animation-leash of insets_animation#30881
08-06 16:37:53.125  1508  1508 E MI-SF   : MiSurfaceFlingerImpl.cpp.vsyncId=90184618, mIsContainTask1=0, mIsContainTaskOther=0
08-06 16:37:53.125  1508  1508 E MI-SF   : MiSurfaceFlingerImpl.cpp.vsyncId=90184618, oldVsyncId=90184618, layerName=NotificationShade#30872
08-06 16:37:53.125  1508  1508 E MI-SF   : MiSurfaceFlingerImpl.cpp.vsyncId=90184618, mIsContainTask1=0, mIsContainTaskOther=0
08-06 16:37:53.126  1508  1508 E SurfaceFlinger: MiSurfaceFlingerStub isAnimationScene
08-06 16:37:53.127 12199 12426 W Auth    : [GeneralRestrictionsSyncer] Failed to update visibilities for com.google.android.health.connect.backuprestore [CONTEXT service_id=343 ]
08-06 16:37:53.142  1508  1508 E MI-SF   : MiSurfaceFlingerImpl.cpp.vsyncId=90184625, oldVsyncId=90184618, layerName=Surface(name=69bf01b NavigationBar0#6855)/@0xf57cf91 - animation-leash of insets_animation#30881
08-06 16:37:53.142  1508  1508 E MI-SF   : MiSurfaceFlingerImpl.cpp.vsyncId=90184625, mIsContainTask1=0, mIsContainTaskOther=0
08-06 16:37:53.142  1508  1508 E MI-SF   : MiSurfaceFlingerImpl.cpp.vsyncId=90184625, oldVsyncId=90184625, layerName=NotificationShade#30872
08-06 16:37:53.142  1508  1508 E MI-SF   : MiSurfaceFlingerImpl.cpp.vsyncId=90184625, mIsContainTask1=0, mIsContainTaskOther=0
08-06 16:37:53.144  1508  1508 E SurfaceFlinger: MiSurfaceFlingerStub isAnimationScene
08-06 16:37:53.150 12199 12426 W Auth    : [GeneralRestrictionsSyncer] Failed to update visibilities for com.xiaomi.payment [CONTEXT service_id=343 ]
08-06 16:37:53.151  1419  1419 E ANDR-PERF-TARGET: ANDR-PERF-TARGET: getPhysicalCluster() 54: Error: Invalid logical cluster id 2
08-06 16:37:53.151  1419  1419 E ANDR-PERF-REQUEST: ANDR-PERF-REQUEST: Process() 368: Translate to physical failed
08-06 16:37:53.151  1419  1419 E ANDR-PERF-TARGET: ANDR-PERF-TARGET: getPhysicalCluster() 54: Error: Invalid logical cluster id 2
08-06 16:37:53.151  1419  1419 E ANDR-PERF-REQUEST: ANDR-PERF-REQUEST: Process() 368: Translate to physical failed
08-06 16:37:53.159  1508  1508 E MI-SF   : MiSurfaceFlingerImpl.cpp.vsyncId=90184632, oldVsyncId=90184625, layerName=Surface(name=69bf01b NavigationBar0#6855)/@0xf57cf91 - animation-leash of insets_animation#30881
08-06 16:37:53.159  1508  1508 E MI-SF   : MiSurfaceFlingerImpl.cpp.vsyncId=90184632, mIsContainTask1=0, mIsContainTaskOther=0
08-06 16:37:53.159  1508  1508 E MI-SF   : MiSurfaceFlingerImpl.cpp.vsyncId=90184632, oldVsyncId=90184632, layerName=NotificationShade#30872
08-06 16:37:53.159  1508  1508 E MI-SF   : MiSurfaceFlingerImpl.cpp.vsyncId=90184632, mIsContainTask1=0, mIsContainTaskOther=0
08-06 16:37:53.160  1508  1508 E SurfaceFlinger: MiSurfaceFlingerStub isAnimationScene
08-06 16:37:53.162  1419  1419 E ANDR-PERF-TARGET: ANDR-PERF-TARGET: getPhysicalCluster() 54: Error: Invalid logical cluster id 2
08-06 16:37:53.162  1419  1419 E ANDR-PERF-REQUEST: ANDR-PERF-REQUEST: Process() 368: Translate to physical failed
08-06 16:37:53.162  1419  1419 E ANDR-PERF-TARGET: ANDR-PERF-TARGET: getPhysicalCluster() 54: Error: Invalid logical cluster id 2
08-06 16:37:53.162  1419  1419 E ANDR-PERF-REQUEST: ANDR-PERF-REQUEST: Process() 368: Translate to physical failed
08-06 16:37:53.163 12199 12426 W Auth    : [GeneralRestrictionsSyncer] Failed to update visibilities for com.google.android.apps.messaging [CONTEXT service_id=343 ]
08-06 16:37:53.171 12199 12426 W Auth    : [GeneralRestrictionsSyncer] Failed to update visibilities for com.miui.securitycenter [CONTEXT service_id=343 ]
08-06 16:37:53.175  1508  1508 E MI-SF   : MiSurfaceFlingerImpl.cpp.vsyncId=90184639, oldVsyncId=90184632, layerName=Surface(name=69bf01b NavigationBar0#6855)/@0xf57cf91 - animation-leash of insets_animation#30881
08-06 16:37:53.175  1508  1508 E MI-SF   : MiSurfaceFlingerImpl.cpp.vsyncId=90184639, mIsContainTask1=0, mIsContainTaskOther=0
08-06 16:37:53.175  1508  1508 E MI-SF   : MiSurfaceFlingerImpl.cpp.vsyncId=90184639, oldVsyncId=90184639, layerName=NotificationShade#30872
08-06 16:37:53.175  1508  1508 E MI-SF   : MiSurfaceFlingerImpl.cpp.vsyncId=90184639, mIsContainTask1=0, mIsContainTaskOther=0
08-06 16:37:53.177  1508  1508 E SurfaceFlinger: MiSurfaceFlingerStub isAnimationScene
08-06 16:37:53.192  1508  1508 E MI-SF   : MiSurfaceFlingerImpl.cpp.vsyncId=90184646, oldVsyncId=90184639, layerName=Surface(name=69bf01b NavigationBar0#6855)/@0xf57cf91 - animation-leash of insets_animation#30881
08-06 16:37:53.192  1508  1508 E MI-SF   : MiSurfaceFlingerImpl.cpp.vsyncId=90184646, mIsContainTask1=0, mIsContainTaskOther=0
08-06 16:37:53.192  1508  1508 E MI-SF   : MiSurfaceFlingerImpl.cpp.vsyncId=90184646, oldVsyncId=90184646, layerName=NotificationShade#30872
08-06 16:37:53.192  1508  1508 E MI-SF   : MiSurfaceFlingerImpl.cpp.vsyncId=90184646, mIsContainTask1=0, mIsContainTaskOther=0
08-06 16:37:53.192  1508  1508 E MI-SF   : MiSurfaceFlingerImpl.cpp.vsyncId=90184646, oldVsyncId=90184646, layerName=NotificationShade#30872
08-06 16:37:53.192  1508  1508 E MI-SF   : MiSurfaceFlingerImpl.cpp.vsyncId=90184646, mIsContainTask1=0, mIsContainTaskOther=0
08-06 16:37:53.193  1508  1508 E SurfaceFlinger: MiSurfaceFlingerStub isAnimationScene
08-06 16:37:53.195  3339  3339 W Settings: Setting airplane_mode_on has moved from android.provider.Settings.System to android.provider.Settings.Global, returning read-only value.
08-06 16:37:53.209  1508  1508 E MI-SF   : MiSurfaceFlingerImpl.cpp.vsyncId=90184653, oldVsyncId=90184646, layerName=NotificationShade#30872
08-06 16:37:53.209  1508  1508 E MI-SF   : MiSurfaceFlingerImpl.cpp.vsyncId=90184653, mIsContainTask1=0, mIsContainTaskOther=0
08-06 16:37:53.209  1508  1508 E MI-SF   : MiSurfaceFlingerImpl.cpp.vsyncId=90184653, oldVsyncId=90184653, layerName=NotificationShade#30872
08-06 16:37:53.209  1508  1508 E MI-SF   : MiSurfaceFlingerImpl.cpp.vsyncId=90184653, mIsContainTask1=0, mIsContainTaskOther=0
08-06 16:37:53.209  1508  1508 E SurfaceFlinger: MiSurfaceFlingerStub isAnimationScene
08-06 16:37:53.215 12199 12426 W Auth    : [GeneralRestrictionsSyncer] Failed to update visibilities for com.mobtion.scotiabank.mobilebanking [CONTEXT service_id=343 ]
08-06 16:37:53.225  1508  1508 E MI-SF   : MiSurfaceFlingerImpl.cpp.vsyncId=90184660, oldVsyncId=90184653, layerName=NotificationShade#30872
08-06 16:37:53.225  1508  1508 E MI-SF   : MiSurfaceFlingerImpl.cpp.vsyncId=90184660, mIsContainTask1=0, mIsContainTaskOther=0
08-06 16:37:53.225  1508  1508 E MI-SF   : MiSurfaceFlingerImpl.cpp.vsyncId=90184660, oldVsyncId=90184660, layerName=NotificationShade#30872
08-06 16:37:53.225  1508  1508 E MI-SF   : MiSurfaceFlingerImpl.cpp.vsyncId=90184660, mIsContainTask1=0, mIsContainTaskOther=0
08-06 16:37:53.226  1508  1508 E SurfaceFlinger: MiSurfaceFlingerStub isAnimationScene
08-06 16:37:53.242  1508  1508 E MI-SF   : MiSurfaceFlingerImpl.cpp.vsyncId=90184667, oldVsyncId=90184660, layerName=NotificationShade#30872
08-06 16:37:53.242  1508  1508 E MI-SF   : MiSurfaceFlingerImpl.cpp.vsyncId=90184667, mIsContainTask1=0, mIsContainTaskOther=0
08-06 16:37:53.242  1508  1508 E MI-SF   : MiSurfaceFlingerImpl.cpp.vsyncId=90184667, oldVsyncId=90184667, layerName=NotificationShade#30872
08-06 16:37:53.242  1508  1508 E MI-SF   : MiSurfaceFlingerImpl.cpp.vsyncId=90184667, mIsContainTask1=0, mIsContainTaskOther=0
08-06 16:37:53.243  1508  1508 E SurfaceFlinger: MiSurfaceFlingerStub isAnimationScene
08-06 16:37:53.245 12199 12426 W Auth    : [GeneralRestrictionsSyncer] Failed to update visibilities for vendor.qti.hardware.cacert.server [CONTEXT service_id=343 ]
08-06 16:37:53.259  1508  1508 E MI-SF   : MiSurfaceFlingerImpl.cpp.vsyncId=90184674, oldVsyncId=90184667, layerName=NotificationShade#30872
08-06 16:37:53.259  1508  1508 E MI-SF   : MiSurfaceFlingerImpl.cpp.vsyncId=90184674, mIsContainTask1=0, mIsContainTaskOther=0
08-06 16:37:53.259  1508  1508 E MI-SF   : MiSurfaceFlingerImpl.cpp.vsyncId=90184674, oldVsyncId=90184674, layerName=NotificationShade#30872
08-06 16:37:53.259  1508  1508 E MI-SF   : MiSurfaceFlingerImpl.cpp.vsyncId=90184674, mIsContainTask1=0, mIsContainTaskOther=0
08-06 16:37:53.259  1508  1508 E SurfaceFlinger: MiSurfaceFlingerStub isAnimationScene
08-06 16:37:53.261 12199 12426 W Auth    : [GeneralRestrictionsSyncer] Failed to update visibilities for com.paypal.android.p2pmobile [CONTEXT service_id=343 ]
08-06 16:37:53.273 12199 12426 W Auth    : [GeneralRestrictionsSyncer] Failed to update visibilities for com.discord [CONTEXT service_id=343 ]
08-06 16:37:53.276  1508  1508 E MI-SF   : MiSurfaceFlingerImpl.cpp.vsyncId=90184687, oldVsyncId=90184674, layerName=NotificationShade#30872
08-06 16:37:53.276  1508  1508 E MI-SF   : MiSurfaceFlingerImpl.cpp.vsyncId=90184687, mIsContainTask1=0, mIsContainTaskOther=0
08-06 16:37:53.276  1508  1508 E MI-SF   : MiSurfaceFlingerImpl.cpp.vsyncId=90184687, oldVsyncId=90184687, layerName=NotificationShade#30872
08-06 16:37:53.276  1508  1508 E MI-SF   : MiSurfaceFlingerImpl.cpp.vsyncId=90184687, mIsContainTask1=0, mIsContainTaskOther=0
08-06 16:37:53.277  1508  1508 E SurfaceFlinger: MiSurfaceFlingerStub isAnimationScene
08-06 16:37:53.287 12199 12426 W Auth    : [GeneralRestrictionsSyncer] Failed to update visibilities for com.openai.chatgpt [CONTEXT service_id=343 ]
08-06 16:37:53.292  1508  1508 E MI-SF   : MiSurfaceFlingerImpl.cpp.vsyncId=90184700, oldVsyncId=90184687, layerName=NotificationShade#30872
08-06 16:37:53.292  1508  1508 E MI-SF   : MiSurfaceFlingerImpl.cpp.vsyncId=90184700, mIsContainTask1=0, mIsContainTaskOther=0
08-06 16:37:53.292  1508  1508 E MI-SF   : MiSurfaceFlingerImpl.cpp.vsyncId=90184700, oldVsyncId=90184700, layerName=NotificationShade#30872
08-06 16:37:53.292  1508  1508 E MI-SF   : MiSurfaceFlingerImpl.cpp.vsyncId=90184700, mIsContainTask1=0, mIsContainTaskOther=0
08-06 16:37:53.293  1508  1508 E SurfaceFlinger: MiSurfaceFlingerStub isAnimationScene
08-06 16:37:53.293 12199 12426 W Auth    : [GeneralRestrictionsSyncer] Failed to update visibilities for com.qualcomm.qti.telephonyservice [CONTEXT service_id=343 ]
08-06 16:37:53.304  1879 12318 W .gms.persistent: Long monitor contention with owner lowpool[660] (12372) at boolean asna.o()(:com.google.android.gms@252932035@25.29.32 (260400-787198374):58) waiters=0 in boolean asna.o() for 1.995s
08-06 16:37:53.309  1508  1508 E MI-SF   : MiSurfaceFlingerImpl.cpp.vsyncId=90184707, oldVsyncId=90184700, layerName=NotificationShade#30872
08-06 16:37:53.309  1508  1508 E MI-SF   : MiSurfaceFlingerImpl.cpp.vsyncId=90184707, mIsContainTask1=0, mIsContainTaskOther=0
08-06 16:37:53.309  1508  1508 E MI-SF   : MiSurfaceFlingerImpl.cpp.vsyncId=90184707, oldVsyncId=90184707, layerName=NotificationShade#30872
08-06 16:37:53.309  1508  1508 E MI-SF   : MiSurfaceFlingerImpl.cpp.vsyncId=90184707, mIsContainTask1=0, mIsContainTaskOther=0
08-06 16:37:53.309  1508  1508 E SurfaceFlinger: MiSurfaceFlingerStub isAnimationScene
08-06 16:37:53.313  1419  1419 E ANDR-PERF-TARGET: ANDR-PERF-TARGET: getPhysicalCluster() 54: Error: Invalid logical cluster id 2
08-06 16:37:53.313  1419  1419 E ANDR-PERF-REQUEST: ANDR-PERF-REQUEST: Process() 368: Translate to physical failed
08-06 16:37:53.313  1419  1419 E ANDR-PERF-TARGET: ANDR-PERF-TARGET: getPhysicalCluster() 54: Error: Invalid logical cluster id 2
08-06 16:37:53.313  1419  1419 E ANDR-PERF-REQUEST: ANDR-PERF-REQUEST: Process() 368: Translate to physical failed
08-06 16:37:53.326  1508  1508 E MI-SF   : MiSurfaceFlingerImpl.cpp.vsyncId=90184714, oldVsyncId=90184707, layerName=NotificationShade#30872
08-06 16:37:53.326  1508  1508 E MI-SF   : MiSurfaceFlingerImpl.cpp.vsyncId=90184714, mIsContainTask1=0, mIsContainTaskOther=0
08-06 16:37:53.326  1508  1508 E MI-SF   : MiSurfaceFlingerImpl.cpp.vsyncId=90184714, oldVsyncId=90184714, layerName=NotificationShade#30872
08-06 16:37:53.326  1508  1508 E MI-SF   : MiSurfaceFlingerImpl.cpp.vsyncId=90184714, mIsContainTask1=0, mIsContainTaskOther=0
08-06 16:37:53.326  1508  1508 E SurfaceFlinger: MiSurfaceFlingerStub isAnimationScene
08-06 16:37:53.328  1419  1419 E ANDR-PERF-TARGET: ANDR-PERF-TARGET: getPhysicalCluster() 54: Error: Invalid logical cluster id 2
08-06 16:37:53.328  1419  1419 E ANDR-PERF-REQUEST: ANDR-PERF-REQUEST: Process() 368: Translate to physical failed
08-06 16:37:53.328  1419  1419 E ANDR-PERF-TARGET: ANDR-PERF-TARGET: getPhysicalCluster() 54: Error: Invalid logical cluster id 2
08-06 16:37:53.328  1419  1419 E ANDR-PERF-REQUEST: ANDR-PERF-REQUEST: Process() 368: Translate to physical failed
08-06 16:37:53.330 12199 12426 W Auth    : [GeneralRestrictionsSyncer] Failed to update visibilities for com.miui.thirdappassistant [CONTEXT service_id=343 ]
08-06 16:37:53.336 12606 12606 W re-initialized>: type=1400 audit(0.0:400498): avc:  granted  { execute } for  path="/data/data/com.develop4god.devocional_nuevo/code_cache/startup_agents/9758b833-agent.so" dev="dm-63" ino=112006 scontext=u:r:untrusted_app:s0:c209,c257,c512,c768 tcontext=u:object_r:app_data_file:s0:c209,c257,c512,c768 tclass=file app=com.develop4god.devocional_nuevo
08-06 16:37:53.342  1508  1508 E MI-SF   : MiSurfaceFlingerImpl.cpp.vsyncId=90184721, oldVsyncId=90184714, layerName=NotificationShade#30872
08-06 16:37:53.342  1508  1508 E MI-SF   : MiSurfaceFlingerImpl.cpp.vsyncId=90184721, mIsContainTask1=0, mIsContainTaskOther=0
08-06 16:37:53.342  1508  1508 E MI-SF   : MiSurfaceFlingerImpl.cpp.vsyncId=90184721, oldVsyncId=90184721, layerName=NotificationShade#30872
08-06 16:37:53.342  1508  1508 E MI-SF   : MiSurfaceFlingerImpl.cpp.vsyncId=90184721, mIsContainTask1=0, mIsContainTaskOther=0
08-06 16:37:53.343  1508  1508 E SurfaceFlinger: MiSurfaceFlingerStub isAnimationScene
08-06 16:37:53.343  3347  3347 W KeyguardPinView: appearAnima onComplete: false
08-06 16:37:53.344 12199 12426 W Auth    : [GeneralRestrictionsSyncer] Failed to update visibilities for com.miui.videoplayer [CONTEXT service_id=343 ]
08-06 16:37:53.349  1419  1531 E ANDR-PERF-OPTSHANDLER: ANDR-PERF-OPTSHANDLER: modify_sysfsnode() 1008: Perflock resource /proc/sys/kernel/sched_prefer_spread not supported
08-06 16:37:53.349  1419  1531 E ANDR-PERF-RESOURCEQS: ANDR-PERF-RESOURCEQS: RemoveAndApply() 292: Failed to reset optimization here [3, 42]
08-06 16:37:53.349  1419  1531 E ANDR-PERF-OPTSHANDLER: ANDR-PERF-OPTSHANDLER: unsupported() 817: Error: This resource is not supported
08-06 16:37:53.349  1419  1531 E ANDR-PERF-RESOURCEQS: ANDR-PERF-RESOURCEQS: RemoveAndApply() 292: Failed to reset optimization here [11, 0]
08-06 16:37:53.349  1419  1531 E ANDR-PERF-OPTSHANDLER: ANDR-PERF-OPTSHANDLER: modify_sysfsnode() 1008: Perflock resource /sys/class/devfreq/soc:qcom,cpubw/min_freq not supported
08-06 16:37:53.349  1419  1531 E ANDR-PERF-RESOURCEQS: ANDR-PERF-RESOURCEQS: RemoveAndApply() 292: Failed to reset optimization here [6, 0]
08-06 16:37:53.349  1419  1531 E ANDR-PERF-RESOURCEQS: ANDR-PERF-RESOURCEQS: RemoveAndApply() 292: Failed to reset optimization here [2, 0]
08-06 16:37:53.349  1419  1531 E ANDR-PERF-RESOURCEQS: ANDR-PERF-RESOURCEQS: RemoveAndApply() 292: Failed to reset optimization here [2, 1]
08-06 16:37:53.349  1419  1531 E ANDR-PERF-RESOURCEQS: ANDR-PERF-RESOURCEQS: RemoveAndApply() 292: Failed to reset optimization here [2, 0]
08-06 16:37:53.349  1419  1531 E ANDR-PERF-RESOURCEQS: ANDR-PERF-RESOURCEQS: RemoveAndApply() 292: Failed to reset optimization here [2, 1]
08-06 16:37:53.349  1419  1531 E ANDR-PERF-RESOURCEQS: ANDR-PERF-RESOURCEQS: RemoveAndApply() 292: Failed to reset optimization here [2, 0]
08-06 16:37:53.349  1419  1531 E ANDR-PERF-RESOURCEQS: ANDR-PERF-RESOURCEQS: RemoveAndApply() 292: Failed to reset optimization here [2, 1]
08-06 16:37:53.349  1419  1531 E ANDR-PERF-RESOURCEQS: ANDR-PERF-RESOURCEQS: RemoveAndApply() 292: Failed to reset optimization here [2, 0]
08-06 16:37:53.349  1419  1531 E ANDR-PERF-RESOURCEQS: ANDR-PERF-RESOURCEQS: RemoveAndApply() 292: Failed to reset optimization here [2, 1]
08-06 16:37:53.349  1419  1531 E ANDR-PERF-RESOURCEQS: ANDR-PERF-RESOURCEQS: RemoveAndApply() 292: Failed to reset optimization here [2, 0]
08-06 16:37:53.349  1419  1531 E ANDR-PERF-RESOURCEQS: ANDR-PERF-RESOURCEQS: RemoveAndApply() 292: Failed to reset optimization here [2, 1]
08-06 16:37:53.349  1419  1531 E ANDR-PERF-RESOURCEQS: ANDR-PERF-RESOURCEQS: RemoveAndApply() 292: Failed to reset optimization here [2, 0]
08-06 16:37:53.349  1419  1531 E ANDR-PERF-RESOURCEQS: ANDR-PERF-RESOURCEQS: RemoveAndApply() 292: Failed to reset optimization here [2, 1]
08-06 16:37:53.356 12199 12426 W Auth    : [GeneralRestrictionsSyncer] Failed to update visibilities for com.xiaomi.aiasst.vision [CONTEXT service_id=343 ]
08-06 16:37:53.359  1508  1508 E MI-SF   : MiSurfaceFlingerImpl.cpp.vsyncId=90184728, oldVsyncId=90184721, layerName=NotificationShade#30872
08-06 16:37:53.359  1508  1508 E MI-SF   : MiSurfaceFlingerImpl.cpp.vsyncId=90184728, mIsContainTask1=0, mIsContainTaskOther=0
08-06 16:37:53.359  1508  1508 E MI-SF   : MiSurfaceFlingerImpl.cpp.vsyncId=90184728, oldVsyncId=90184728, layerName=NotificationShade#30872
08-06 16:37:53.359  1508  1508 E MI-SF   : MiSurfaceFlingerImpl.cpp.vsyncId=90184728, mIsContainTask1=0, mIsContainTaskOther=0
08-06 16:37:53.360  1508  1508 E SurfaceFlinger: MiSurfaceFlingerStub isAnimationScene
08-06 16:37:53.360 12606 12606 W evocional_nuevo: DexFile /data/data/com.develop4god.devocional_nuevo/code_cache/.studio/instruments-07dd17c6.jar is in boot class path but is not in a known location
08-06 16:37:53.364 12199 12426 W Auth    : [GeneralRestrictionsSyncer] Failed to update visibilities for com.qualcomm.qti.ridemodeaudio [CONTEXT service_id=343 ]
08-06 16:37:53.374 12199 12426 W Auth    : [GeneralRestrictionsSyncer] Failed to update visibilities for vendor.qti.iwlan [CONTEXT service_id=343 ]
08-06 16:37:53.376  1508  1508 E MI-SF   : MiSurfaceFlingerImpl.cpp.vsyncId=90184735, oldVsyncId=90184728, layerName=NotificationShade#30872
08-06 16:37:53.376  1508  1508 E MI-SF   : MiSurfaceFlingerImpl.cpp.vsyncId=90184735, mIsContainTask1=0, mIsContainTaskOther=0
08-06 16:37:53.376  1508  1508 E MI-SF   : MiSurfaceFlingerImpl.cpp.vsyncId=90184735, oldVsyncId=90184735, layerName=NotificationShade#30872
08-06 16:37:53.376  1508  1508 E MI-SF   : MiSurfaceFlingerImpl.cpp.vsyncId=90184735, mIsContainTask1=0, mIsContainTaskOther=0
08-06 16:37:53.376  1508  1508 E SurfaceFlinger: MiSurfaceFlingerStub isAnimationScene
08-06 16:37:53.377  3347  3347 E StackScroller: updateSidePadding: viewWidth is zero
08-06 16:37:53.384  1419  1419 E ANDR-PERF-TARGET: ANDR-PERF-TARGET: getPhysicalCluster() 54: Error: Invalid logical cluster id 2
08-06 16:37:53.384  1419  1419 E ANDR-PERF-REQUEST: ANDR-PERF-REQUEST: Process() 368: Translate to physical failed
08-06 16:37:53.384  1419  1419 E ANDR-PERF-TARGET: ANDR-PERF-TARGET: getPhysicalCluster() 54: Error: Invalid logical cluster id 2
08-06 16:37:53.384  1419  1419 E ANDR-PERF-REQUEST: ANDR-PERF-REQUEST: Process() 368: Translate to physical failed
08-06 16:37:53.385  1419  1419 E ANDR-PERF-TARGET: ANDR-PERF-TARGET: getPhysicalCluster() 54: Error: Invalid logical cluster id 2
08-06 16:37:53.385  1419  1419 E ANDR-PERF-REQUEST: ANDR-PERF-REQUEST: Process() 368: Translate to physical failed
08-06 16:37:53.385  1419  1419 E ANDR-PERF-TARGET: ANDR-PERF-TARGET: getPhysicalCluster() 54: Error: Invalid logical cluster id 2
08-06 16:37:53.385  1419  1419 E ANDR-PERF-REQUEST: ANDR-PERF-REQUEST: Process() 368: Translate to physical failed
08-06 16:37:53.393  1508  1508 E MI-SF   : MiSurfaceFlingerImpl.cpp.vsyncId=90184742, oldVsyncId=90184735, layerName=NotificationShade#30872
08-06 16:37:53.393  1508  1508 E MI-SF   : MiSurfaceFlingerImpl.cpp.vsyncId=90184742, mIsContainTask1=0, mIsContainTaskOther=0
08-06 16:37:53.393  1508  1508 E MI-SF   : MiSurfaceFlingerImpl.cpp.vsyncId=90184742, oldVsyncId=90184742, layerName=NotificationShade#30872
08-06 16:37:53.393  1508  1508 E MI-SF   : MiSurfaceFlingerImpl.cpp.vsyncId=90184742, mIsContainTask1=0, mIsContainTaskOther=0
08-06 16:37:53.394  1508  1508 E SurfaceFlinger: MiSurfaceFlingerStub isAnimationScene
08-06 16:37:53.404  1419  1419 E ANDR-PERF-TARGET: ANDR-PERF-TARGET: getPhysicalCluster() 54: Error: Invalid logical cluster id 2
08-06 16:37:53.404  1419  1419 E ANDR-PERF-REQUEST: ANDR-PERF-REQUEST: Process() 368: Translate to physical failed
08-06 16:37:53.404  1419  1419 E ANDR-PERF-TARGET: ANDR-PERF-TARGET: getPhysicalCluster() 54: Error: Invalid logical cluster id 2
08-06 16:37:53.404  1419  1419 E ANDR-PERF-REQUEST: ANDR-PERF-REQUEST: Process() 368: Translate to physical failed
08-06 16:37:53.409  1508  1508 E MI-SF   : MiSurfaceFlingerImpl.cpp.vsyncId=90184749, oldVsyncId=90184742, layerName=NotificationShade#30872
08-06 16:37:53.409  1508  1508 E MI-SF   : MiSurfaceFlingerImpl.cpp.vsyncId=90184749, mIsContainTask1=0, mIsContainTaskOther=0
08-06 16:37:53.410  1508  1508 E SurfaceFlinger: MiSurfaceFlingerStub isAnimationScene
08-06 16:37:53.415 12199 12426 W Auth    : [GeneralRestrictionsSyncer] Failed to update visibilities for com.google.android.configupdater [CONTEXT service_id=343 ]
08-06 16:37:53.425 12199 12426 W Auth    : [GeneralRestrictionsSyncer] Failed to update visibilities for com.microsoft.office.excel [CONTEXT service_id=343 ]
08-06 16:37:53.426  1508  1508 E MI-SF   : MiSurfaceFlingerImpl.cpp.vsyncId=90184756, oldVsyncId=90184749, layerName=NotificationShade#30872
08-06 16:37:53.426  1508  1508 E MI-SF   : MiSurfaceFlingerImpl.cpp.vsyncId=90184756, mIsContainTask1=0, mIsContainTaskOther=0
08-06 16:37:53.426  1508  1508 E MI-SF   : MiSurfaceFlingerImpl.cpp.vsyncId=90184756, oldVsyncId=90184756, layerName=NotificationShade#30872
08-06 16:37:53.426  1508  1508 E MI-SF   : MiSurfaceFlingerImpl.cpp.vsyncId=90184756, mIsContainTask1=0, mIsContainTaskOther=0
08-06 16:37:53.427  1508  1508 E SurfaceFlinger: MiSurfaceFlingerStub isAnimationScene
08-06 16:37:53.436 12199 12426 W Auth    : [GeneralRestrictionsSyncer] Failed to update visibilities for org.chromium.webapk.ad43319dccba1e87b_v2 [CONTEXT service_id=343 ]
08-06 16:37:53.443  1508  1508 E MI-SF   : MiSurfaceFlingerImpl.cpp.vsyncId=90184763, oldVsyncId=90184756, layerName=NotificationShade#30872
08-06 16:37:53.443  1508  1508 E MI-SF   : MiSurfaceFlingerImpl.cpp.vsyncId=90184763, mIsContainTask1=0, mIsContainTaskOther=0
08-06 16:37:53.444  1508  1508 E SurfaceFlinger: MiSurfaceFlingerStub isAnimationScene
08-06 16:37:53.449  2518  6559 E VibratorManagerServiceImpl: vibrationThreadSetParameters
08-06 16:37:53.454 12199 12426 W Auth    : [GeneralRestrictionsSyncer] Failed to update visibilities for com.google.android.providers.media.module [CONTEXT service_id=343 ]
08-06 16:37:53.456  1419  1419 E ANDR-PERF-TARGET: ANDR-PERF-TARGET: getPhysicalCluster() 54: Error: Invalid logical cluster id 2
08-06 16:37:53.456  1419  1419 E ANDR-PERF-REQUEST: ANDR-PERF-REQUEST: Process() 368: Translate to physical failed
08-06 16:37:53.456  1419  1419 E ANDR-PERF-TARGET: ANDR-PERF-TARGET: getPhysicalCluster() 54: Error: Invalid logical cluster id 2
08-06 16:37:53.456  1419  1419 E ANDR-PERF-REQUEST: ANDR-PERF-REQUEST: Process() 368: Translate to physical failed
08-06 16:37:53.459  1508  1508 E MI-SF   : MiSurfaceFlingerImpl.cpp.vsyncId=90184770, oldVsyncId=90184763, layerName=NotificationShade#30872
08-06 16:37:53.459  1508  1508 E MI-SF   : MiSurfaceFlingerImpl.cpp.vsyncId=90184770, mIsContainTask1=0, mIsContainTaskOther=0
08-06 16:37:53.460  1508  1508 E SurfaceFlinger: MiSurfaceFlingerStub isAnimationScene
08-06 16:37:53.473 12199 12426 W Auth    : [GeneralRestrictionsSyncer] Failed to update visibilities for com.google.android.overlay.modules.permissioncontroller [CONTEXT service_id=343 ]
08-06 16:37:53.476  1508  1508 E MI-SF   : MiSurfaceFlingerImpl.cpp.vsyncId=90184777, oldVsyncId=90184770, layerName=NotificationShade#30872
08-06 16:37:53.476  1508  1508 E MI-SF   : MiSurfaceFlingerImpl.cpp.vsyncId=90184777, mIsContainTask1=0, mIsContainTaskOther=0
08-06 16:37:53.476  1508  1508 E MI-SF   : MiSurfaceFlingerImpl.cpp.vsyncId=90184777, oldVsyncId=90184777, layerName=NotificationShade#30872
08-06 16:37:53.476  1508  1508 E MI-SF   : MiSurfaceFlingerImpl.cpp.vsyncId=90184777, mIsContainTask1=0, mIsContainTaskOther=0
08-06 16:37:53.477  1508  1508 E SurfaceFlinger: MiSurfaceFlingerStub isAnimationScene
08-06 16:37:53.482 12199 12426 W Auth    : [GeneralRestrictionsSyncer] Failed to update visibilities for com.android.soundrecorder [CONTEXT service_id=343 ]
08-06 16:37:53.493  1508  1508 E MI-SF   : MiSurfaceFlingerImpl.cpp.vsyncId=90184784, oldVsyncId=90184777, layerName=NotificationShade#30872
08-06 16:37:53.493  1508  1508 E MI-SF   : MiSurfaceFlingerImpl.cpp.vsyncId=90184784, mIsContainTask1=0, mIsContainTaskOther=0
08-06 16:37:53.493  1508  1508 E MI-SF   : MiSurfaceFlingerImpl.cpp.vsyncId=90184784, oldVsyncId=90184784, layerName=NotificationShade#30872
08-06 16:37:53.493  1508  1508 E MI-SF   : MiSurfaceFlingerImpl.cpp.vsyncId=90184784, mIsContainTask1=0, mIsContainTaskOther=0
08-06 16:37:53.493  1508  1508 E SurfaceFlinger: MiSurfaceFlingerStub isAnimationScene
08-06 16:37:53.493 12199 12426 W Auth    : [GeneralRestrictionsSyncer] Failed to update visibilities for com.xiaomi.trustservice [CONTEXT service_id=343 ]
08-06 16:37:53.504 12199 12426 W Auth    : [GeneralRestrictionsSyncer] Failed to update visibilities for com.android.avatarpicker [CONTEXT service_id=343 ]
08-06 16:37:53.509  1508  1508 E MI-SF   : MiSurfaceFlingerImpl.cpp.vsyncId=90184791, oldVsyncId=90184784, layerName=Wallpaper BBQ wrapper#23103
08-06 16:37:53.509  1508  1508 E MI-SF   : MiSurfaceFlingerImpl.cpp.vsyncId=90184791, mIsContainTask1=0, mIsContainTaskOther=0
08-06 16:37:53.509  1508  1508 E MI-SF   : MiSurfaceFlingerImpl.cpp.vsyncId=90184791, oldVsyncId=90184791, layerName=NotificationShade#30872
08-06 16:37:53.509  1508  1508 E MI-SF   : MiSurfaceFlingerImpl.cpp.vsyncId=90184791, mIsContainTask1=0, mIsContainTaskOther=0
08-06 16:37:53.510  1508  1508 E SurfaceFlinger: MiSurfaceFlingerStub isAnimationScene
08-06 16:37:53.515 12199 12426 W Auth    : [GeneralRestrictionsSyncer] Failed to update visibilities for com.qualcomm.uimremoteserver [CONTEXT service_id=343 ]
08-06 16:37:53.525 12199 12426 W Auth    : [GeneralRestrictionsSyncer] Failed to update visibilities for vendor.qti.data.txpwradmin [CONTEXT service_id=343 ]
08-06 16:37:53.526  1508  1508 E MI-SF   : MiSurfaceFlingerImpl.cpp.vsyncId=90184798, oldVsyncId=90184791, layerName=NotificationShade#30872
08-06 16:37:53.526  1508  1508 E MI-SF   : MiSurfaceFlingerImpl.cpp.vsyncId=90184798, mIsContainTask1=0, mIsContainTaskOther=0
08-06 16:37:53.526  1508  1508 E MI-SF   : MiSurfaceFlingerImpl.cpp.vsyncId=90184798, oldVsyncId=90184798, layerName=NotificationShade#30872
08-06 16:37:53.526  1508  1508 E MI-SF   : MiSurfaceFlingerImpl.cpp.vsyncId=90184798, mIsContainTask1=0, mIsContainTaskOther=0
08-06 16:37:53.527  1508  1508 E SurfaceFlinger: MiSurfaceFlingerStub isAnimationScene
08-06 16:37:53.534 12199 12426 W Auth    : [GeneralRestrictionsSyncer] Failed to update visibilities for com.google.android.apps.safetyhub [CONTEXT service_id=343 ]
08-06 16:37:53.543 12199 12426 W Auth    : [GeneralRestrictionsSyncer] Failed to update visibilities for com.miui.guardprovider [CONTEXT service_id=343 ]
08-06 16:37:53.543  1508  1508 E MI-SF   : MiSurfaceFlingerImpl.cpp.vsyncId=90184805, oldVsyncId=90184798, layerName=NotificationShade#30872
08-06 16:37:53.543  1508  1508 E MI-SF   : MiSurfaceFlingerImpl.cpp.vsyncId=90184805, mIsContainTask1=0, mIsContainTaskOther=0
08-06 16:37:53.543  1508  1508 E MI-SF   : MiSurfaceFlingerImpl.cpp.vsyncId=90184805, oldVsyncId=90184805, layerName=NotificationShade#30872
08-06 16:37:53.543  1508  1508 E MI-SF   : MiSurfaceFlingerImpl.cpp.vsyncId=90184805, mIsContainTask1=0, mIsContainTaskOther=0
08-06 16:37:53.544  1508  1508 E SurfaceFlinger: MiSurfaceFlingerStub isAnimationScene
08-06 16:37:53.553 12199 12426 W Auth    : [GeneralRestrictionsSyncer] Failed to update visibilities for com.playbackbone.android [CONTEXT service_id=343 ]
08-06 16:37:53.559  1508  1508 E MI-SF   : MiSurfaceFlingerImpl.cpp.vsyncId=90184812, oldVsyncId=90184805, layerName=NotificationShade#30872
08-06 16:37:53.559  1508  1508 E MI-SF   : MiSurfaceFlingerImpl.cpp.vsyncId=90184812, mIsContainTask1=0, mIsContainTaskOther=0
