08-06 16:37:50.336  1508  1508 E SurfaceFlinger: MiSurfaceFlingerStub isAnimationScene
08-06 16:37:50.368  1508  1508 E MI-SF   : MiSurfaceFlingerImpl.cpp.vsyncId=90183014, oldVsyncId=90182989, layerName=NotificationShade#30872
08-06 16:37:50.369  1508  1508 E MI-SF   : MiSurfaceFlingerImpl.cpp.vsyncId=90183014, mIsContainTask1=0, mIsContainTaskOther=0
08-06 16:37:50.369  1508  1508 E SurfaceFlinger: MiSurfaceFlingerStub isAnimationScene
08-06 16:37:50.385  1508  1508 E MI-SF   : MiSurfaceFlingerImpl.cpp.vsyncId=90183039, oldVsyncId=90183014, layerName=NotificationShade#30872
08-06 16:37:50.385  1508  1508 E MI-SF   : MiSurfaceFlingerImpl.cpp.vsyncId=90183039, mIsContainTask1=0, mIsContainTaskOther=0
08-06 16:37:50.386  1508  1508 E SurfaceFlinger: MiSurfaceFlingerStub isAnimationScene
08-06 16:37:50.435  1508  1508 E MI-SF   : MiSurfaceFlingerImpl.cpp.vsyncId=90183052, oldVsyncId=90183039, layerName=NotificationShade#30872
08-06 16:37:50.435  1508  1508 E MI-SF   : MiSurfaceFlingerImpl.cpp.vsyncId=90183052, mIsContainTask1=0, mIsContainTaskOther=0
08-06 16:37:50.436  1508  1508 E SurfaceFlinger: MiSurfaceFlingerStub isAnimationScene
08-06 16:37:50.452  1508  1508 E MI-SF   : MiSurfaceFlingerImpl.cpp.vsyncId=90183077, oldVsyncId=90183052, layerName=NotificationShade#30872
08-06 16:37:50.452  1508  1508 E MI-SF   : MiSurfaceFlingerImpl.cpp.vsyncId=90183077, mIsContainTask1=0, mIsContainTaskOther=0
08-06 16:37:50.453  1508  1508 E SurfaceFlinger: MiSurfaceFlingerStub isAnimationScene
08-06 16:37:50.485  1508  1508 E MI-SF   : MiSurfaceFlingerImpl.cpp.vsyncId=90183090, oldVsyncId=90183077, layerName=NotificationShade#30872
08-06 16:37:50.485  1508  1508 E MI-SF   : MiSurfaceFlingerImpl.cpp.vsyncId=90183090, mIsContainTask1=0, mIsContainTaskOther=0
08-06 16:37:50.486  1508  1508 E SurfaceFlinger: MiSurfaceFlingerStub isAnimationScene
08-06 16:37:50.486  1837 12473 W Codec2Client: query -- param skipped: index = 1107298332.
08-06 16:37:50.491  1837 12473 W Codec2Client: query -- param skipped: index = 1342179345.
08-06 16:37:50.491  1837 12473 W Codec2Client: query -- param skipped: index = 2415921170.
08-06 16:37:50.496  1916 21126 E Codec2-ComponentInterface: We have a failed config
08-06 16:37:50.519  1508  1508 E MI-SF   : MiSurfaceFlingerImpl.cpp.vsyncId=90183109, oldVsyncId=90183090, layerName=NotificationShade#30872
08-06 16:37:50.519  1508  1508 E MI-SF   : MiSurfaceFlingerImpl.cpp.vsyncId=90183109, mIsContainTask1=0, mIsContainTaskOther=0
08-06 16:37:50.520  1508  1508 E SurfaceFlinger: MiSurfaceFlingerStub isAnimationScene
08-06 16:37:50.552  1508  1508 E MI-SF   : MiSurfaceFlingerImpl.cpp.vsyncId=90183128, oldVsyncId=90183109, layerName=NotificationShade#30872
08-06 16:37:50.552  1508  1508 E MI-SF   : MiSurfaceFlingerImpl.cpp.vsyncId=90183128, mIsContainTask1=0, mIsContainTaskOther=0
08-06 16:37:50.553  1508  1508 E SurfaceFlinger: MiSurfaceFlingerStub isAnimationScene
08-06 16:37:50.569  1508  1508 E MI-SF   : MiSurfaceFlingerImpl.cpp.vsyncId=90183147, oldVsyncId=90183128, layerName=NotificationShade#30872
08-06 16:37:50.569  1508  1508 E MI-SF   : MiSurfaceFlingerImpl.cpp.vsyncId=90183147, mIsContainTask1=0, mIsContainTaskOther=0
08-06 16:37:50.570  1508  1508 E SurfaceFlinger: MiSurfaceFlingerStub isAnimationScene
08-06 16:37:50.603  1508  1508 E MI-SF   : MiSurfaceFlingerImpl.cpp.vsyncId=90183160, oldVsyncId=90183147, layerName=NotificationShade#30872
08-06 16:37:50.603  1508  1508 E MI-SF   : MiSurfaceFlingerImpl.cpp.vsyncId=90183160, mIsContainTask1=0, mIsContainTaskOther=0
08-06 16:37:50.604  1508  1508 E SurfaceFlinger: MiSurfaceFlingerStub isAnimationScene
08-06 16:37:50.619  1508  1508 E MI-SF   : MiSurfaceFlingerImpl.cpp.vsyncId=90183179, oldVsyncId=90183160, layerName=NotificationShade#30872
08-06 16:37:50.619  1508  1508 E MI-SF   : MiSurfaceFlingerImpl.cpp.vsyncId=90183179, mIsContainTask1=0, mIsContainTaskOther=0
08-06 16:37:50.620  1508  1508 E SurfaceFlinger: MiSurfaceFlingerStub isAnimationScene
08-06 16:37:50.636  1508  1508 E MI-SF   : MiSurfaceFlingerImpl.cpp.vsyncId=90183192, oldVsyncId=90183179, layerName=NotificationShade#30872
08-06 16:37:50.636  1508  1508 E MI-SF   : MiSurfaceFlingerImpl.cpp.vsyncId=90183192, mIsContainTask1=0, mIsContainTaskOther=0
08-06 16:37:50.637  1508  1508 E SurfaceFlinger: MiSurfaceFlingerStub isAnimationScene
08-06 16:37:50.642  1488  1488 E xlog_client: xlog open fail
08-06 16:37:50.647  1488  1488 E xlog_client: _xlog_write_flat_msg:fail to  send msg {"name":"audio_track_message","audio_event":{"app_name":"com.android.systemui", "scenario":"playback", "data_format":"AUDIO_FORMAT_PCM_16_BIT", "frame_count":"22050", "sample_rate":"44100", "channel_Mask1":"3", "notif_frame_act":"11025", "transfer_type":"3", "afframe_count":"960", "afsample_rate":"48000", "aflatency":"61", "fcnt_times":"8"},"dgt":"null","audio_ext":"null" }
08-06 16:37:50.653  1508  1508 E MI-SF   : MiSurfaceFlingerImpl.cpp.vsyncId=90183205, oldVsyncId=90183192, layerName=NotificationShade#30872
08-06 16:37:50.653  1508  1508 E MI-SF   : MiSurfaceFlingerImpl.cpp.vsyncId=90183205, mIsContainTask1=0, mIsContainTaskOther=0
08-06 16:37:50.654  1508  1508 E SurfaceFlinger: MiSurfaceFlingerStub isAnimationScene
08-06 16:37:50.661  1488  1993 W Permission: The package name(android) provided does not correspond to the uid 1041
08-06 16:37:50.669  1508  1508 E MI-SF   : MiSurfaceFlingerImpl.cpp.vsyncId=90183218, oldVsyncId=90183205, layerName=NotificationShade#30872
08-06 16:37:50.669  1508  1508 E MI-SF   : MiSurfaceFlingerImpl.cpp.vsyncId=90183218, mIsContainTask1=0, mIsContainTaskOther=0
08-06 16:37:50.670  1508  1508 E SurfaceFlinger: MiSurfaceFlingerStub isAnimationScene
08-06 16:37:50.686  1508  1508 E MI-SF   : MiSurfaceFlingerImpl.cpp.vsyncId=90183231, oldVsyncId=90183218, layerName=NotificationShade#30872
08-06 16:37:50.686  1508  1508 E MI-SF   : MiSurfaceFlingerImpl.cpp.vsyncId=90183231, mIsContainTask1=0, mIsContainTaskOther=0
08-06 16:37:50.686  1508  1508 E SurfaceFlinger: MiSurfaceFlingerStub isAnimationScene
08-06 16:37:50.699 12446 12446 W ServiceManagerCppClient: Failed to get isDeclared for vendor.qti.hardware.perf2.IPerf/default: Status(-1, EX_SECURITY): 'SELinux denied.'
08-06 16:37:50.703  1508  1508 E MI-SF   : MiSurfaceFlingerImpl.cpp.vsyncId=90183244, oldVsyncId=90183231, layerName=NotificationShade#30872
08-06 16:37:50.703  1508  1508 E MI-SF   : MiSurfaceFlingerImpl.cpp.vsyncId=90183244, mIsContainTask1=0, mIsContainTaskOther=0
08-06 16:37:50.703  1508  1508 E SurfaceFlinger: MiSurfaceFlingerStub isAnimationScene
08-06 16:37:50.721  1508  1508 E MI-SF   : MiSurfaceFlingerImpl.cpp.vsyncId=90183257, oldVsyncId=90183244, layerName=NotificationShade#30872
08-06 16:37:50.721  1508  1508 E MI-SF   : MiSurfaceFlingerImpl.cpp.vsyncId=90183257, mIsContainTask1=0, mIsContainTaskOther=0
08-06 16:37:50.722  1508  1508 E SurfaceFlinger: MiSurfaceFlingerStub isAnimationScene
08-06 16:37:50.769  1508  1508 E MI-SF   : MiSurfaceFlingerImpl.cpp.vsyncId=90183270, oldVsyncId=90183257, layerName=NotificationShade#30872
08-06 16:37:50.769  1508  1508 E MI-SF   : MiSurfaceFlingerImpl.cpp.vsyncId=90183270, mIsContainTask1=0, mIsContainTaskOther=0
08-06 16:37:50.770  1508  1508 E SurfaceFlinger: MiSurfaceFlingerStub isAnimationScene
08-06 16:37:50.803  1508  1508 E MI-SF   : MiSurfaceFlingerImpl.cpp.vsyncId=90183307, oldVsyncId=90183270, layerName=NotificationShade#30872
08-06 16:37:50.803  1508  1508 E MI-SF   : MiSurfaceFlingerImpl.cpp.vsyncId=90183307, mIsContainTask1=0, mIsContainTaskOther=0
08-06 16:37:50.804  1508  1508 E SurfaceFlinger: MiSurfaceFlingerStub isAnimationScene
08-06 16:37:50.820  1508  1508 E MI-SF   : MiSurfaceFlingerImpl.cpp.vsyncId=90183326, oldVsyncId=90183307, layerName=NotificationShade#30872
08-06 16:37:50.820  1508  1508 E MI-SF   : MiSurfaceFlingerImpl.cpp.vsyncId=90183326, mIsContainTask1=0, mIsContainTaskOther=0
08-06 16:37:50.820  1508  1508 E SurfaceFlinger: MiSurfaceFlingerStub isAnimationScene
08-06 16:37:50.836  1508  1508 E MI-SF   : MiSurfaceFlingerImpl.cpp.vsyncId=90183339, oldVsyncId=90183326, layerName=NotificationShade#30872
08-06 16:37:50.836  1508  1508 E MI-SF   : MiSurfaceFlingerImpl.cpp.vsyncId=90183339, mIsContainTask1=0, mIsContainTaskOther=0
08-06 16:37:50.837  1508  1508 E SurfaceFlinger: MiSurfaceFlingerStub isAnimationScene
08-06 16:37:50.853  1508  1508 E MI-SF   : MiSurfaceFlingerImpl.cpp.vsyncId=90183352, oldVsyncId=90183339, layerName=NotificationShade#30872
08-06 16:37:50.853  1508  1508 E MI-SF   : MiSurfaceFlingerImpl.cpp.vsyncId=90183352, mIsContainTask1=0, mIsContainTaskOther=0
08-06 16:37:50.854  1508  1508 E SurfaceFlinger: MiSurfaceFlingerStub isAnimationScene
08-06 16:37:50.886  1508  1508 E MI-SF   : MiSurfaceFlingerImpl.cpp.vsyncId=90183365, oldVsyncId=90183352, layerName=NotificationShade#30872
08-06 16:37:50.886  1508  1508 E MI-SF   : MiSurfaceFlingerImpl.cpp.vsyncId=90183365, mIsContainTask1=0, mIsContainTaskOther=0
08-06 16:37:50.886  1508  1508 E MI-SF   : MiSurfaceFlingerImpl.cpp.vsyncId=90183365, oldVsyncId=90183365, layerName=NotificationShade#30872
08-06 16:37:50.886  1508  1508 E MI-SF   : MiSurfaceFlingerImpl.cpp.vsyncId=90183365, mIsContainTask1=0, mIsContainTaskOther=0
08-06 16:37:50.887  1508  1508 E SurfaceFlinger: MiSurfaceFlingerStub isAnimationScene
08-06 16:37:50.903  1508  1508 E MI-SF   : MiSurfaceFlingerImpl.cpp.vsyncId=90183390, oldVsyncId=90183365, layerName=NotificationShade#30872
08-06 16:37:50.903  1508  1508 E MI-SF   : MiSurfaceFlingerImpl.cpp.vsyncId=90183390, mIsContainTask1=0, mIsContainTaskOther=0
08-06 16:37:50.904  1508  1508 E SurfaceFlinger: MiSurfaceFlingerStub isAnimationScene
08-06 16:37:50.919  5685  5802 W libc    : Access denied finding property "vendor.camera.aux.packagelist"
08-06 16:37:50.919  5685  5802 W libc    : Access denied finding property "vendor.camera.aux.packagelistext"
08-06 16:37:50.920  1508  1508 E MI-SF   : MiSurfaceFlingerImpl.cpp.vsyncId=90183403, oldVsyncId=90183390, layerName=NotificationShade#30872
08-06 16:37:50.920  1508  1508 E MI-SF   : MiSurfaceFlingerImpl.cpp.vsyncId=90183403, mIsContainTask1=0, mIsContainTaskOther=0
08-06 16:37:50.921  1508  1508 E SurfaceFlinger: MiSurfaceFlingerStub isAnimationScene
08-06 16:37:50.956  1419  4617 E ANDR-PERF-LM: CP_PLH_Controller: updateSysNodes() 141: Unable to open no file
08-06 16:37:50.969  5685  5802 W libc    : Access denied finding property "persist.vendor.camera.privapp.list"
08-06 16:37:50.970  1508  1508 E MI-SF   : MiSurfaceFlingerImpl.cpp.vsyncId=90183416, oldVsyncId=90183403, layerName=NotificationShade#30872
08-06 16:37:50.970  1508  1508 E MI-SF   : MiSurfaceFlingerImpl.cpp.vsyncId=90183416, mIsContainTask1=0, mIsContainTaskOther=0
08-06 16:37:50.970  1508  1508 E MI-SF   : MiSurfaceFlingerImpl.cpp.vsyncId=90183416, oldVsyncId=90183416, layerName=NotificationShade#30872
08-06 16:37:50.970  1508  1508 E MI-SF   : MiSurfaceFlingerImpl.cpp.vsyncId=90183416, mIsContainTask1=0, mIsContainTaskOther=0
08-06 16:37:50.971  1508  1508 E SurfaceFlinger: MiSurfaceFlingerStub isAnimationScene
08-06 16:37:50.982 12429 12429 W SQLiteCompatibilityWalFlags: Cannot read global setting sqlite_compatibility_wal_flags - Application state not available
08-06 16:37:50.987  1508  1508 E MI-SF   : MiSurfaceFlingerImpl.cpp.vsyncId=90183447, oldVsyncId=90183416, layerName=NotificationShade#30872
08-06 16:37:50.987  1508  1508 E MI-SF   : MiSurfaceFlingerImpl.cpp.vsyncId=90183447, mIsContainTask1=0, mIsContainTaskOther=0
08-06 16:37:50.987  5685  5802 W ContextImpl: Calling a method in the system process without a qualified user: android.app.ContextImpl.sendBroadcast:1260 android.hardware.CameraInjector.notifyCameraStateChange:566 android.hardware.CameraInjector.notifyCameraStateChange:548 android.hardware.camera2.impl.CameraDeviceImplInjector.initCamera:143 android.hardware.camera2.impl.CameraExtImplXiaoMi.initCameraDevice:69 
08-06 16:37:50.987  1508  1508 E SurfaceFlinger: MiSurfaceFlingerStub isAnimationScene
08-06 16:37:50.990  2518  6559 W ActivityManagerServiceImpl: Sending non-protected broadcast com.miui.powerkeeper.CAMERA_STATE from system 5685:com.miui.face/1000 pkg com.miui.face. Callers=
08-06 16:37:51.003  1508  1508 E MI-SF   : MiSurfaceFlingerImpl.cpp.vsyncId=90183460, oldVsyncId=90183447, layerName=NotificationShade#30872
08-06 16:37:51.003  1508  1508 E MI-SF   : MiSurfaceFlingerImpl.cpp.vsyncId=90183460, mIsContainTask1=0, mIsContainTaskOther=0
08-06 16:37:51.004  1508  1508 E SurfaceFlinger: MiSurfaceFlingerStub isAnimationScene
08-06 16:37:51.021  1508  1508 E MI-SF   : MiSurfaceFlingerImpl.cpp.vsyncId=90183473, oldVsyncId=90183460, layerName=NotificationShade#30872
08-06 16:37:51.021  1508  1508 E MI-SF   : MiSurfaceFlingerImpl.cpp.vsyncId=90183473, mIsContainTask1=0, mIsContainTaskOther=0
08-06 16:37:51.021  1508  1508 E SurfaceFlinger: MiSurfaceFlingerStub isAnimationScene
08-06 16:37:51.056  1508  1508 E MI-SF   : MiSurfaceFlingerImpl.cpp.vsyncId=90183480, oldVsyncId=90183473, layerName=NotificationShade#30872
08-06 16:37:51.056  1508  1508 E MI-SF   : MiSurfaceFlingerImpl.cpp.vsyncId=90183480, mIsContainTask1=0, mIsContainTaskOther=0
08-06 16:37:51.056  1508  1508 E SurfaceFlinger: MiSurfaceFlingerStub isAnimationScene
08-06 16:37:51.071  1508  1508 E MI-SF   : MiSurfaceFlingerImpl.cpp.vsyncId=90183499, oldVsyncId=90183480, layerName=NotificationShade#30872
08-06 16:37:51.071  1508  1508 E MI-SF   : MiSurfaceFlingerImpl.cpp.vsyncId=90183499, mIsContainTask1=0, mIsContainTaskOther=0
08-06 16:37:51.072  1508  1508 E SurfaceFlinger: MiSurfaceFlingerStub isAnimationScene
08-06 16:37:51.088  1508  1508 E MI-SF   : MiSurfaceFlingerImpl.cpp.vsyncId=90183512, oldVsyncId=90183499, layerName=NotificationShade#30872
08-06 16:37:51.088  1508  1508 E MI-SF   : MiSurfaceFlingerImpl.cpp.vsyncId=90183512, mIsContainTask1=0, mIsContainTaskOther=0
08-06 16:37:51.088  1508  1508 E SurfaceFlinger: MiSurfaceFlingerStub isAnimationScene
08-06 16:37:51.121  1508  1508 E MI-SF   : MiSurfaceFlingerImpl.cpp.vsyncId=90183525, oldVsyncId=90183512, layerName=NotificationShade#30872
08-06 16:37:51.121  1508  1508 E MI-SF   : MiSurfaceFlingerImpl.cpp.vsyncId=90183525, mIsContainTask1=0, mIsContainTaskOther=0
08-06 16:37:51.122  1508  1508 E SurfaceFlinger: MiSurfaceFlingerStub isAnimationScene
08-06 16:37:51.127  3347  3698 W RenderInspector: QueueBuffer time out on NotificationShade, count=3, avg=19 ms, max=23 ms.
08-06 16:37:51.138  1508  1508 E MI-SF   : MiSurfaceFlingerImpl.cpp.vsyncId=90183538, oldVsyncId=90183525, layerName=NotificationShade#30872
08-06 16:37:51.138  1508  1508 E MI-SF   : MiSurfaceFlingerImpl.cpp.vsyncId=90183538, mIsContainTask1=0, mIsContainTaskOther=0
08-06 16:37:51.139  1508  1508 E SurfaceFlinger: MiSurfaceFlingerStub isAnimationScene
08-06 16:37:51.142  1821  2028 E MiCameraCustomize: getTrdCloudDataFromJsonFile: open CONFIG_JSON FAIL !
08-06 16:37:51.142  1821  2028 E MiCameraCustomize: trdCloudControl: Failed to get or parse JSON data!
08-06 16:37:51.168  2518  2518 W camera_animatio: type=1400 audit(0.0:400495): avc:  denied  { read } for  name="u:object_r:vendor_camera_prop:s0" dev="tmpfs" ino=425 scontext=u:r:system_server:s0 tcontext=u:object_r:vendor_camera_prop:s0 tclass=file permissive=0
08-06 16:37:51.171  2518  3707 W libc    : Access denied finding property "vendor.debug.camera.pkgname"
08-06 16:37:51.178  1508  1508 E MI-SF   : MiSurfaceFlingerImpl.cpp.vsyncId=90183563, oldVsyncId=90183538, layerName=NotificationShade#30872
08-06 16:37:51.178  1508  1508 E MI-SF   : MiSurfaceFlingerImpl.cpp.vsyncId=90183563, mIsContainTask1=0, mIsContainTaskOther=0
08-06 16:37:51.179  1508  1508 E SurfaceFlinger: MiSurfaceFlingerStub isAnimationScene
08-06 16:37:51.191  1508  1508 E MI-SF   : MiSurfaceFlingerImpl.cpp.vsyncId=90183576, oldVsyncId=90183563, layerName=NotificationShade#30872
08-06 16:37:51.191  1508  1508 E MI-SF   : MiSurfaceFlingerImpl.cpp.vsyncId=90183576, mIsContainTask1=0, mIsContainTaskOther=0
08-06 16:37:51.192  1508  1508 E SurfaceFlinger: MiSurfaceFlingerStub isAnimationScene
08-06 16:37:51.205  1508  1508 E MI-SF   : MiSurfaceFlingerImpl.cpp.vsyncId=90183589, oldVsyncId=90183576, layerName=NotificationShade#30872
08-06 16:37:51.205  1508  1508 E MI-SF   : MiSurfaceFlingerImpl.cpp.vsyncId=90183589, mIsContainTask1=0, mIsContainTaskOther=0
08-06 16:37:51.206  1508  1508 E SurfaceFlinger: MiSurfaceFlingerStub isAnimationScene
08-06 16:37:51.221  1508  1508 E MI-SF   : MiSurfaceFlingerImpl.cpp.vsyncId=90183602, oldVsyncId=90183589, layerName=NotificationShade#30872
08-06 16:37:51.221  1508  1508 E MI-SF   : MiSurfaceFlingerImpl.cpp.vsyncId=90183602, mIsContainTask1=0, mIsContainTaskOther=0
08-06 16:37:51.222  1508  1508 E SurfaceFlinger: MiSurfaceFlingerStub isAnimationScene
08-06 16:37:51.234  1357 16735 E ACDB    : AcdbComputeDeltaCKV:5762 Error[19]: No calibration data can be found. There is no difference between CKV[new] and CKV[old].
08-06 16:37:51.234  1357 16735 E ACDB    : AcdbCmdGetSubgraphCalDataNonPersist:5964 Error[19]: Failed to get the delta CKV
08-06 16:37:51.236  1488  1993 W audioserver: Binder 0xb4000071e8628d60 destroyed after setInheritRt before being parceled.
08-06 16:37:51.236  1488  1993 W audioserver: Binder 0xb4000071e8628d60 destroyed after setMinSchedulerPolicy before being parceled.
08-06 16:37:51.238  1508  1508 E MI-SF   : MiSurfaceFlingerImpl.cpp.vsyncId=90183609, oldVsyncId=90183602, layerName=NotificationShade#30872
08-06 16:37:51.238  1508  1508 E MI-SF   : MiSurfaceFlingerImpl.cpp.vsyncId=90183609, mIsContainTask1=0, mIsContainTaskOther=0
08-06 16:37:51.239  1508  1508 E SurfaceFlinger: MiSurfaceFlingerStub isAnimationScene
08-06 16:37:51.248  3347  3698 W RenderInspector: DequeueBuffer time out on NotificationShade, count=1, avg=34 ms, max=34 ms.
08-06 16:37:51.256  1508  1508 E MI-SF   : MiSurfaceFlingerImpl.cpp.vsyncId=90183622, oldVsyncId=90183609, layerName=NotificationShade#30872
08-06 16:37:51.256  1508  1508 E MI-SF   : MiSurfaceFlingerImpl.cpp.vsyncId=90183622, mIsContainTask1=0, mIsContainTaskOther=0
08-06 16:37:51.257  1508  1508 E SurfaceFlinger: MiSurfaceFlingerStub isAnimationScene
08-06 16:37:51.261  1837 12471 W AudioTrack: restartIfDisabled(1380): releaseBuffer() track 0xee801d60 disabled due to previous underrun, restarting
08-06 16:37:51.265 12199 12448 W ProviderHelper: Unknown dynamite feature providerinstaller.dynamite
08-06 16:37:51.272  1508  1508 E MI-SF   : MiSurfaceFlingerImpl.cpp.vsyncId=90183635, oldVsyncId=90183622, layerName=NotificationShade#30872
08-06 16:37:51.273  1508  1508 E MI-SF   : MiSurfaceFlingerImpl.cpp.vsyncId=90183635, mIsContainTask1=0, mIsContainTaskOther=0
08-06 16:37:51.274  1508  1508 E SurfaceFlinger: MiSurfaceFlingerStub isAnimationScene
08-06 16:37:51.278  1488  1993 W Permission: The package name(android) provided does not correspond to the uid 1041
08-06 16:37:51.288  1419  1419 E ANDR-PERF-TARGET: ANDR-PERF-TARGET: getPhysicalCluster() 54: Error: Invalid logical cluster id 2
08-06 16:37:51.288  1419  1419 E ANDR-PERF-REQUEST: ANDR-PERF-REQUEST: Process() 368: Translate to physical failed
08-06 16:37:51.288  1419  1419 E ANDR-PERF-TARGET: ANDR-PERF-TARGET: getPhysicalCluster() 54: Error: Invalid logical cluster id 2
08-06 16:37:51.288  1419  1419 E ANDR-PERF-REQUEST: ANDR-PERF-REQUEST: Process() 368: Translate to physical failed
08-06 16:37:51.288  1508  1508 E MI-SF   : MiSurfaceFlingerImpl.cpp.vsyncId=90183648, oldVsyncId=90183635, layerName=NotificationShade#30872
08-06 16:37:51.288  1508  1508 E MI-SF   : MiSurfaceFlingerImpl.cpp.vsyncId=90183648, mIsContainTask1=0, mIsContainTaskOther=0
08-06 16:37:51.289  1508  1508 E SurfaceFlinger: MiSurfaceFlingerStub isAnimationScene
08-06 16:37:51.290  1419  1531 E ANDR-PERF-RESOURCEQS: ANDR-PERF-RESOURCEQS: AddAndApply() 167: Failed to apply optimization [2, 1]
08-06 16:37:51.293  1419  1531 E ANDR-PERF-RESOURCEQS: ANDR-PERF-RESOURCEQS: AddAndApply() 167: Failed to apply optimization [2, 0]
08-06 16:37:51.293  1419  1531 E ANDR-PERF-RESOURCEQS: ANDR-PERF-RESOURCEQS: AddAndApply() 167: Failed to apply optimization [2, 1]
08-06 16:37:51.293  1419  1531 E ANDR-PERF-RESOURCEQS: ANDR-PERF-RESOURCEQS: AddAndApply() 167: Failed to apply optimization [2, 0]
08-06 16:37:51.293  1419  1531 E ANDR-PERF-RESOURCEQS: ANDR-PERF-RESOURCEQS: AddAndApply() 167: Failed to apply optimization [2, 1]
08-06 16:37:51.293  1419  1531 E ANDR-PERF-RESOURCEQS: ANDR-PERF-RESOURCEQS: AddAndApply() 167: Failed to apply optimization [2, 0]
08-06 16:37:51.293  1419  1531 E ANDR-PERF-RESOURCEQS: ANDR-PERF-RESOURCEQS: AddAndApply() 167: Failed to apply optimization [2, 1]
08-06 16:37:51.293  1419  1531 E ANDR-PERF-RESOURCEQS: ANDR-PERF-RESOURCEQS: AddAndApply() 167: Failed to apply optimization [2, 0]
08-06 16:37:51.293  1419  1531 E ANDR-PERF-RESOURCEQS: ANDR-PERF-RESOURCEQS: AddAndApply() 167: Failed to apply optimization [2, 1]
08-06 16:37:51.293  1419  1531 E ANDR-PERF-RESOURCEQS: ANDR-PERF-RESOURCEQS: AddAndApply() 167: Failed to apply optimization [2, 0]
08-06 16:37:51.293  1419  1531 E ANDR-PERF-RESOURCEQS: ANDR-PERF-RESOURCEQS: AddAndApply() 167: Failed to apply optimization [2, 1]
08-06 16:37:51.293  1419  1531 E ANDR-PERF-RESOURCEQS: ANDR-PERF-RESOURCEQS: AddAndApply() 167: Failed to apply optimization [2, 0]
08-06 16:37:51.293  1419  1531 E ANDR-PERF-OPTSHANDLER: ANDR-PERF-OPTSHANDLER: modify_sysfsnode() 1008: Perflock resource /sys/class/devfreq/soc:qcom,cpubw/min_freq not supported
08-06 16:37:51.293  1419  1531 E ANDR-PERF-RESOURCEQS: ANDR-PERF-RESOURCEQS: AddAndApply() 167: Failed to apply optimization [6, 0]
08-06 16:37:51.293  1419  1531 E ANDR-PERF-RESOURCEQS: ANDR-PERF-RESOURCEQS: AddAndApply() 125: Resource with major=11, minor=0 not supported
08-06 16:37:51.293  1419  1531 E ANDR-PERF-OPTSHANDLER: ANDR-PERF-OPTSHANDLER: modify_sysfsnode() 1008: Perflock resource /proc/sys/kernel/sched_prefer_spread not supported
08-06 16:37:51.293  1419  1531 E ANDR-PERF-RESOURCEQS: ANDR-PERF-RESOURCEQS: AddAndApply() 167: Failed to apply optimization [3, 42]
08-06 16:37:51.305  1508  1508 E MI-SF   : MiSurfaceFlingerImpl.cpp.vsyncId=90183661, oldVsyncId=90183648, layerName=NotificationShade#30872
08-06 16:37:51.305  1508  1508 E MI-SF   : MiSurfaceFlingerImpl.cpp.vsyncId=90183661, mIsContainTask1=0, mIsContainTaskOther=0
08-06 16:37:51.306  1508  1508 E SurfaceFlinger: MiSurfaceFlingerStub isAnimationScene
08-06 16:37:51.312 12429 12429 W ProviderHelper: Unknown dynamite feature providerinstaller.dynamite
08-06 16:37:51.313 12199 12448 W Conscrypt: Could not set socket write timeout: java.net.SocketException: Socket closed
08-06 16:37:51.314 12199 12448 W Conscrypt: 	at com.google.android.gms.org.conscrypt.Platform.setSocketWriteTimeout(:com.google.android.gms@252932035@25.29.32 (260400-787198374):204)
08-06 16:37:51.315 12199 12448 W Conscrypt: 	at com.google.android.gms.org.conscrypt.ConscryptFileDescriptorSocket.setSoWriteTimeout(:com.google.android.gms@252932035@25.29.32 (260400-787198374):4)
08-06 16:37:51.321  1508  1508 E MI-SF   : MiSurfaceFlingerImpl.cpp.vsyncId=90183674, oldVsyncId=90183661, layerName=NotificationShade#30872
08-06 16:37:51.321  1508  1508 E MI-SF   : MiSurfaceFlingerImpl.cpp.vsyncId=90183674, mIsContainTask1=0, mIsContainTaskOther=0
08-06 16:37:51.322  1508  1508 E SurfaceFlinger: MiSurfaceFlingerStub isAnimationScene
08-06 16:37:51.338  1508  1508 E MI-SF   : MiSurfaceFlingerImpl.cpp.vsyncId=90183687, oldVsyncId=90183674, layerName=NotificationShade#30872
08-06 16:37:51.338  1508  1508 E MI-SF   : MiSurfaceFlingerImpl.cpp.vsyncId=90183687, mIsContainTask1=0, mIsContainTaskOther=0
08-06 16:37:51.339  1508  1508 E SurfaceFlinger: MiSurfaceFlingerStub isAnimationScene
08-06 16:37:51.355  1508  1508 E MI-SF   : MiSurfaceFlingerImpl.cpp.vsyncId=90183700, oldVsyncId=90183687, layerName=NotificationShade#30872
08-06 16:37:51.355  1508  1508 E MI-SF   : MiSurfaceFlingerImpl.cpp.vsyncId=90183700, mIsContainTask1=0, mIsContainTaskOther=0
08-06 16:37:51.356  1508  1508 E SurfaceFlinger: MiSurfaceFlingerStub isAnimationScene
08-06 16:37:51.372  1508  1508 E MI-SF   : MiSurfaceFlingerImpl.cpp.vsyncId=90183713, oldVsyncId=90183700, layerName=NotificationShade#30872
08-06 16:37:51.372  1508  1508 E MI-SF   : MiSurfaceFlingerImpl.cpp.vsyncId=90183713, mIsContainTask1=0, mIsContainTaskOther=0
08-06 16:37:51.373  1508  1508 E SurfaceFlinger: MiSurfaceFlingerStub isAnimationScene
08-06 16:37:51.387 12383 12527 W ziparchive: Unable to open '/system/framework/QXPerformance.dm': No such file or directory
08-06 16:37:51.388  1508  1508 E MI-SF   : MiSurfaceFlingerImpl.cpp.vsyncId=90183726, oldVsyncId=90183713, layerName=NotificationShade#30872
08-06 16:37:51.388  1508  1508 E MI-SF   : MiSurfaceFlingerImpl.cpp.vsyncId=90183726, mIsContainTask1=0, mIsContainTaskOther=0
08-06 16:37:51.388  1508  1508 E SurfaceFlinger: MiSurfaceFlingerStub isAnimationScene
08-06 16:37:51.388 12383 12527 W ziparchive: Unable to open '/system/framework/QXPerformance.dm': No such file or directory
08-06 16:37:51.405  1508  1508 E MI-SF   : MiSurfaceFlingerImpl.cpp.vsyncId=90183739, oldVsyncId=90183726, layerName=NotificationShade#30872
08-06 16:37:51.405  1508  1508 E MI-SF   : MiSurfaceFlingerImpl.cpp.vsyncId=90183739, mIsContainTask1=0, mIsContainTaskOther=0
08-06 16:37:51.405  1508  1508 E SurfaceFlinger: MiSurfaceFlingerStub isAnimationScene
08-06 16:37:51.421  1508  1508 E MI-SF   : MiSurfaceFlingerImpl.cpp.vsyncId=90183752, oldVsyncId=90183739, layerName=NotificationShade#30872
08-06 16:37:51.421  1508  1508 E MI-SF   : MiSurfaceFlingerImpl.cpp.vsyncId=90183752, mIsContainTask1=0, mIsContainTaskOther=0
08-06 16:37:51.422  1508  1508 E SurfaceFlinger: MiSurfaceFlingerStub isAnimationScene
08-06 16:37:51.440  1508  1508 E MI-SF   : MiSurfaceFlingerImpl.cpp.vsyncId=90183765, oldVsyncId=90183752, layerName=NotificationShade#30872
08-06 16:37:51.440  1508  1508 E MI-SF   : MiSurfaceFlingerImpl.cpp.vsyncId=90183765, mIsContainTask1=0, mIsContainTaskOther=0
08-06 16:37:51.441  1508  1508 E SurfaceFlinger: MiSurfaceFlingerStub isAnimationScene
08-06 16:37:51.456  1508  1508 E MI-SF   : MiSurfaceFlingerImpl.cpp.vsyncId=90183778, oldVsyncId=90183765, layerName=NotificationShade#30872
08-06 16:37:51.456  1508  1508 E MI-SF   : MiSurfaceFlingerImpl.cpp.vsyncId=90183778, mIsContainTask1=0, mIsContainTaskOther=0
08-06 16:37:51.457  1508  1508 E SurfaceFlinger: MiSurfaceFlingerStub isAnimationScene
08-06 16:37:51.463  3347 12233 W libffmpeg4.3_log: [fd @ 0xb400007d114ccf00] fd_read exceed length - size:32768  length:4408987  sizeReaded:4395696
08-06 16:37:51.465  3474 12303 W gle.android.gms: Accessing hidden method Landroid/telephony/TelephonyManager;->isImsRegistered()Z (max-target-p, reflection, denied)
08-06 16:37:51.472  1508  1508 E MI-SF   : MiSurfaceFlingerImpl.cpp.vsyncId=90183791, oldVsyncId=90183778, layerName=NotificationShade#30872
08-06 16:37:51.472  1508  1508 E MI-SF   : MiSurfaceFlingerImpl.cpp.vsyncId=90183791, mIsContainTask1=0, mIsContainTaskOther=0
08-06 16:37:51.473  1508  1508 E SurfaceFlinger: MiSurfaceFlingerStub isAnimationScene
08-06 16:37:51.478  3347 12233 E ResourceControl: Demux End of stream
08-06 16:37:51.489  1508  1508 E MI-SF   : MiSurfaceFlingerImpl.cpp.vsyncId=90183804, oldVsyncId=90183791, layerName=NotificationShade#30872
08-06 16:37:51.489  1508  1508 E MI-SF   : MiSurfaceFlingerImpl.cpp.vsyncId=90183804, mIsContainTask1=0, mIsContainTaskOther=0
08-06 16:37:51.490  1508  1508 E SurfaceFlinger: MiSurfaceFlingerStub isAnimationScene
08-06 16:37:51.505  1508  1508 E MI-SF   : MiSurfaceFlingerImpl.cpp.vsyncId=90183817, oldVsyncId=90183804, layerName=NotificationShade#30872
08-06 16:37:51.506  1508  1508 E MI-SF   : MiSurfaceFlingerImpl.cpp.vsyncId=90183817, mIsContainTask1=0, mIsContainTaskOther=0
08-06 16:37:51.506  1508  1508 E SurfaceFlinger: MiSurfaceFlingerStub isAnimationScene
08-06 16:37:51.517 12429 12429 W ServiceManagerCppClient: Failed to get isDeclared for vendor.qti.hardware.perf2.IPerf/default: Status(-1, EX_SECURITY): 'SELinux denied.'
08-06 16:37:51.524  1508  1508 E MI-SF   : MiSurfaceFlingerImpl.cpp.vsyncId=90183830, oldVsyncId=90183817, layerName=NotificationShade#30872
08-06 16:37:51.524  1508  1508 E MI-SF   : MiSurfaceFlingerImpl.cpp.vsyncId=90183830, mIsContainTask1=0, mIsContainTaskOther=0
08-06 16:37:51.525  1508  1508 E SurfaceFlinger: MiSurfaceFlingerStub isAnimationScene
08-06 16:37:51.539  1508  1508 E MI-SF   : MiSurfaceFlingerImpl.cpp.vsyncId=90183843, oldVsyncId=90183830, layerName=NotificationShade#30872
08-06 16:37:51.539  1508  1508 E MI-SF   : MiSurfaceFlingerImpl.cpp.vsyncId=90183843, mIsContainTask1=0, mIsContainTaskOther=0
08-06 16:37:51.539  1508  1508 E SurfaceFlinger: MiSurfaceFlingerStub isAnimationScene
08-06 16:37:51.553  3474 12303 W gle.android.gms: Accessing hidden method Landroid/telephony/TelephonyManager;->isImsRegistered()Z (max-target-p, reflection, denied)
08-06 16:37:51.563  1440 12244 E vendor.qti.media.c2@1.0-service: Missing dependency coding.temporal-layering
08-06 16:37:51.577 12429 12429 W Looper  : PerfMonitor longMsg : seq=2 plan=16:37:49.938 late=23ms wall=1615ms h=android.app.ActivityThread$H w=110 procState=-1
08-06 16:37:51.593  3347 12235 E send_data_to_xlog: send_video_play_to_xlog, start
08-06 16:37:51.593  3347 12235 E xlog_client: xlog open fail
08-06 16:37:51.595  3347 12235 E xlog_client: _xlog_write_flat_msg:fail to  send msg {"name":"video_play","audio_event":{"video_play_framerate":"0","video_play_hdr":"0","video_play_width_height":"1080_1284","video_play_framratecal":"60","video_play_frc":"-1","video_play_aie":"-1","video_play_ais":"-1","video_play_dolbyvision":"-1", "video_play_codecdomain":"2", "video_play_durationsec":"2","video_play_codec":"video/avc", "video_play_app":"com.miui.audiomonitor"},"dgt":"null","audio_ext":"null" }
08-06 16:37:51.599  3347 12230 E libffmpeg4.3_log: [AVIOContext @ 0xb400007d915f2010] Statistics: 4441755 bytes read, 1 seeks
08-06 16:37:51.606 12199 12448 W Conscrypt: Could not set socket write timeout: java.net.SocketException: Socket closed
08-06 16:37:51.607 12199 12448 W Conscrypt: 	at com.google.android.gms.org.conscrypt.Platform.setSocketWriteTimeout(:com.google.android.gms@252932035@25.29.32 (260400-787198374):204)
08-06 16:37:51.607 12199 12448 W Conscrypt: 	at com.google.android.gms.org.conscrypt.ConscryptFileDescriptorSocket.setSoWriteTimeout(:com.google.android.gms@252932035@25.29.32 (260400-787198374):4)
08-06 16:37:51.673  1419  4616 E ANDR-PERF-LM: SilkyScrolls: emptyContentDetection() 651: empty Content found
08-06 16:37:51.673  1419  4616 E ANDR-PERF-LM: CP_PLH_Controller: updateSysNodes() 141: Unable to open no file
08-06 16:37:51.679  7155  7912 E PowerKeeper.Thermal: ProcessInfo java.lang.NumberFormatException: For input string: "CPU usage from 12162ms to 3972ms ago (2025-08-06 16"
08-06 16:37:51.691  2518  2554 W system_server: ApkAssets: Deleting an ApkAssets object '<empty> and /data/app/~~gP0g-b0snsmYiuyczG6Mew==/com.google.android.gms-ymKSbsLeocahwlLn9Xp_mQ==/base.apk' with 1 weak references
08-06 16:37:51.695  2518  2554 W system_server: ApkAssets: Deleting an ApkAssets object '<empty> and /data/app/~~gP0g-b0snsmYiuyczG6Mew==/com.google.android.gms-ymKSbsLeocahwlLn9Xp_mQ==/split_AdsDynamite_installtime.apk' with 1 weak references
08-06 16:37:51.695  2518  2554 W system_server: ApkAssets: Deleting an ApkAssets object '<empty> and /data/app/~~gP0g-b0snsmYiuyczG6Mew==/com.google.android.gms-ymKSbsLeocahwlLn9Xp_mQ==/split_CronetDynamite_installtime.apk' with 1 weak references
08-06 16:37:51.695  2518  2554 W system_server: ApkAssets: Deleting an ApkAssets object '<empty> and /data/app/~~gP0g-b0snsmYiuyczG6Mew==/com.google.android.gms-ymKSbsLeocahwlLn9Xp_mQ==/split_DynamiteLoader_installtime.apk' with 1 weak references
08-06 16:37:51.696  2518  2554 W system_server: ApkAssets: Deleting an ApkAssets object '<empty> and /data/app/~~gP0g-b0snsmYiuyczG6Mew==/com.google.android.gms-ymKSbsLeocahwlLn9Xp_mQ==/split_DynamiteModulesA_installtime.apk' with 1 weak references
08-06 16:37:51.696  2518  2554 W system_server: ApkAssets: Deleting an ApkAssets object '<empty> and /data/app/~~gP0g-b0snsmYiuyczG6Mew==/com.google.android.gms-ymKSbsLeocahwlLn9Xp_mQ==/split_DynamiteModulesC_installtime.apk' with 1 weak references
08-06 16:37:51.696  2518  2554 W system_server: ApkAssets: Deleting an ApkAssets object '<empty> and /data/app/~~gP0g-b0snsmYiuyczG6Mew==/com.google.android.gms-ymKSbsLeocahwlLn9Xp_mQ==/split_GoogleCertificates_installtime.apk' with 1 weak references
08-06 16:37:51.697  2518  2554 W system_server: ApkAssets: Deleting an ApkAssets object '<empty> and /data/app/~~gP0g-b0snsmYiuyczG6Mew==/com.google.android.gms-ymKSbsLeocahwlLn9Xp_mQ==/split_MapsDynamite_installtime.apk' with 1 weak references
08-06 16:37:51.697  2518  2554 W system_server: ApkAssets: Deleting an ApkAssets object '<empty> and /data/app/~~gP0g-b0snsmYiuyczG6Mew==/com.google.android.gms-ymKSbsLeocahwlLn9Xp_mQ==/split_MeasurementDynamite_installtime.apk' with 1 weak references
08-06 16:37:51.697  2518  2554 W system_server: ApkAssets: Deleting an ApkAssets object '<empty> and /data/app/~~gP0g-b0snsmYiuyczG6Mew==/com.google.android.gms-ymKSbsLeocahwlLn9Xp_mQ==/split_config.es.apk' with 1 weak references
08-06 16:37:51.697  2518  2554 W system_server: ApkAssets: Deleting an ApkAssets object '<empty> and /data/app/~~gP0g-b0snsmYiuyczG6Mew==/com.google.android.gms-ymKSbsLeocahwlLn9Xp_mQ==/split_config.xxhdpi.apk' with 1 weak references
08-06 16:37:51.706  3474 12303 E hwjv    : *~*~*~ Previous channel {0} was garbage collected without being shut down! ~*~*~*
08-06 16:37:51.706  3474 12303 E hwjv    :     Make sure to call shutdown()/shutdownNow()
08-06 16:37:51.706  3474 12303 E hwjv    : java.lang.RuntimeException: ManagedChannel allocation site
08-06 16:37:51.706  3474 12303 E hwjv    : 	at hwju.<init>(:com.google.android.gms@252932035@25.29.32 (260400-787198374):21)
08-06 16:37:51.706  3474 12303 E hwjv    : 	at hwjv.<init>(:com.google.android.gms@252932035@25.29.32 (260400-787198374):10)
08-06 16:37:51.706  3474 12303 E hwjv    : 	at hwjt.a(:com.google.android.gms@252932035@25.29.32 (260400-787198374):250)
08-06 16:37:51.706  3474 12303 E hwjv    : 	at hvut.a(:com.google.android.gms@252932035@25.29.32 (260400-787198374):5)
08-06 16:37:51.706  3474 12303 E hwjv    : 	at ckky.h(:com.google.android.gms@252932035@25.29.32 (260400-787198374):81)
08-06 16:37:51.706  3474 12303 E hwjv    : 	at glfk.a(:com.google.android.gms@252932035@25.29.32 (260400-787198374):182)
08-06 16:37:51.706  3474 12303 E hwjv    : 	at fzpu.a(:com.google.android.gms@252932035@25.29.32 (260400-787198374):13)
08-06 16:37:51.706  3474 12303 E hwjv    : 	at ghvl.a(:com.google.android.gms@252932035@25.29.32 (260400-787198374):3)
08-06 16:37:51.706  3474 12303 E hwjv    : 	at ghum.run(:com.google.android.gms@252932035@25.29.32 (260400-787198374):19)
08-06 16:37:51.706  3474 12303 E hwjv    : 	at ghvn.run(:com.google.android.gms@252932035@25.29.32 (260400-787198374):5)
08-06 16:37:51.706  3474 12303 E hwjv    : 	at azuw.c(:com.google.android.gms@252932035@25.29.32 (260400-787198374):50)
08-06 16:37:51.706  3474 12303 E hwjv    : 	at azuw.run(:com.google.android.gms@252932035@25.29.32 (260400-787198374):70)
08-06 16:37:51.706  3474 12303 E hwjv    : 	at java.util.concurrent.ThreadPoolExecutor.runWorker(ThreadPoolExecutor.java:1145)
08-06 16:37:51.706  3474 12303 E hwjv    : 	at java.util.concurrent.ThreadPoolExecutor$Worker.run(ThreadPoolExecutor.java:644)
08-06 16:37:51.706  3474 12303 E hwjv    : 	at baao.run(:com.google.android.gms@252932035@25.29.32 (260400-787198374):8)
08-06 16:37:51.706  3474 12303 E hwjv    : 	at java.lang.Thread.run(Thread.java:1012)
08-06 16:37:51.707  3474 12303 E hwjv    : *~*~*~ Previous channel {0} was garbage collected without being shut down! ~*~*~*
08-06 16:37:51.707  3474 12303 E hwjv    :     Make sure to call shutdown()/shutdownNow()
08-06 16:37:51.707  3474 12303 E hwjv    : java.lang.RuntimeException: ManagedChannel allocation site
08-06 16:37:51.707  3474 12303 E hwjv    : 	at hwju.<init>(:com.google.android.gms@252932035@25.29.32 (260400-787198374):21)
08-06 16:37:51.707  3474 12303 E hwjv    : 	at hwjv.<init>(:com.google.android.gms@252932035@25.29.32 (260400-787198374):10)
08-06 16:37:51.707  3474 12303 E hwjv    : 	at hwjt.a(:com.google.android.gms@252932035@25.29.32 (260400-787198374):250)
08-06 16:37:51.707  3474 12303 E hwjv    : 	at hvut.a(:com.google.android.gms@252932035@25.29.32 (260400-787198374):5)
08-06 16:37:51.707  3474 12303 E hwjv    : 	at ckky.h(:com.google.android.gms@252932035@25.29.32 (260400-787198374):81)
08-06 16:37:51.707  3474 12303 E hwjv    : 	at glfk.a(:com.google.android.gms@252932035@25.29.32 (260400-787198374):182)
08-06 16:37:51.707  3474 12303 E hwjv    : 	at fzpu.a(:com.google.android.gms@252932035@25.29.32 (260400-787198374):13)
08-06 16:37:51.707  3474 12303 E hwjv    : 	at ghvl.a(:com.google.android.gms@252932035@25.29.32 (260400-787198374):3)
08-06 16:37:51.707  3474 12303 E hwjv    : 	at ghum.run(:com.google.android.gms@252932035@25.29.32 (260400-787198374):19)
08-06 16:37:51.707  3474 12303 E hwjv    : 	at ghvn.run(:com.google.android.gms@252932035@25.29.32 (260400-787198374):5)
08-06 16:37:51.707  3474 12303 E hwjv    : 	at azuw.c(:com.google.android.gms@252932035@25.29.32 (260400-787198374):50)
08-06 16:37:51.707  3474 12303 E hwjv    : 	at azuw.run(:com.google.android.gms@252932035@25.29.32 (260400-787198374):70)
08-06 16:37:51.707  3474 12303 E hwjv    : 	at java.util.concurrent.ThreadPoolExecutor.runWorker(ThreadPoolExecutor.java:1145)
08-06 16:37:51.707  3474 12303 E hwjv    : 	at java.util.concurrent.ThreadPoolExecutor$Worker.run(ThreadPoolExecutor.java:644)
08-06 16:37:51.707  3474 12303 E hwjv    : 	at baao.run(:com.google.android.gms@252932035@25.29.32 (260400-787198374):8)
08-06 16:37:51.707  3474 12303 E hwjv    : 	at java.lang.Thread.run(Thread.java:1012)
08-06 16:37:51.707  3474 12303 E hwjv    : *~*~*~ Previous channel {0} was garbage collected without being shut down! ~*~*~*
08-06 16:37:51.707  3474 12303 E hwjv    :     Make sure to call shutdown()/shutdownNow()
08-06 16:37:51.707  3474 12303 E hwjv    : java.lang.RuntimeException: ManagedChannel allocation site
08-06 16:37:51.707  3474 12303 E hwjv    : 	at hwju.<init>(:com.google.android.gms@252932035@25.29.32 (260400-787198374):21)
08-06 16:37:51.707  3474 12303 E hwjv    : 	at hwjv.<init>(:com.google.android.gms@252932035@25.29.32 (260400-787198374):10)
08-06 16:37:51.707  3474 12303 E hwjv    : 	at hwjt.a(:com.google.android.gms@252932035@25.29.32 (260400-787198374):250)
08-06 16:37:51.707  3474 12303 E hwjv    : 	at hvut.a(:com.google.android.gms@252932035@25.29.32 (260400-787198374):5)
08-06 16:37:51.707  3474 12303 E hwjv    : 	at ckky.h(:com.google.android.gms@252932035@25.29.32 (260400-787198374):81)
08-06 16:37:51.707  3474 12303 E hwjv    : 	at glfk.a(:com.google.android.gms@252932035@25.29.32 (260400-787198374):182)
08-06 16:37:51.707  3474 12303 E hwjv    : 	at fzpu.a(:com.google.android.gms@252932035@25.29.32 (260400-787198374):13)
08-06 16:37:51.707  3474 12303 E hwjv    : 	at ghvl.a(:com.google.android.gms@252932035@25.29.32 (260400-787198374):3)
08-06 16:37:51.707  3474 12303 E hwjv    : 	at ghum.run(:com.google.android.gms@252932035@25.29.32 (260400-787198374):19)
08-06 16:37:51.707  3474 12303 E hwjv    : 	at ghvn.run(:com.google.android.gms@252932035@25.29.32 (260400-787198374):5)
08-06 16:37:51.707  3474 12303 E hwjv    : 	at azuw.c(:com.google.android.gms@252932035@25.29.32 (260400-787198374):50)
08-06 16:37:51.707  3474 12303 E hwjv    : 	at azuw.run(:com.google.android.gms@252932035@25.29.32 (260400-787198374):70)
08-06 16:37:51.707  3474 12303 E hwjv    : 	at java.util.concurrent.ThreadPoolExecutor.runWorker(ThreadPoolExecutor.java:1145)
08-06 16:37:51.707  3474 12303 E hwjv    : 	at java.util.concurrent.ThreadPoolExecutor$Worker.run(ThreadPoolExecutor.java:644)
08-06 16:37:51.707  3474 12303 E hwjv    : 	at baao.run(:com.google.android.gms@252932035@25.29.32 (260400-787198374):8)
08-06 16:37:51.707  3474 12303 E hwjv    : 	at java.lang.Thread.run(Thread.java:1012)
08-06 16:37:51.707  3474 12303 E hwjv    : *~*~*~ Previous channel {0} was garbage collected without being shut down! ~*~*~*
08-06 16:37:51.707  3474 12303 E hwjv    :     Make sure to call shutdown()/shutdownNow()
08-06 16:37:51.707  3474 12303 E hwjv    : java.lang.RuntimeException: ManagedChannel allocation site
08-06 16:37:51.707  3474 12303 E hwjv    : 	at hwju.<init>(:com.google.android.gms@252932035@25.29.32 (260400-787198374):21)
08-06 16:37:51.707  3474 12303 E hwjv    : 	at hwjv.<init>(:com.google.android.gms@252932035@25.29.32 (260400-787198374):10)
08-06 16:37:51.707  3474 12303 E hwjv    : 	at hwjt.a(:com.google.android.gms@252932035@25.29.32 (260400-787198374):250)
08-06 16:37:51.707  3474 12303 E hwjv    : 	at hvut.a(:com.google.android.gms@252932035@25.29.32 (260400-787198374):5)
08-06 16:37:51.707  3474 12303 E hwjv    : 	at ckky.h(:com.google.android.gms@252932035@25.29.32 (260400-787198374):81)
08-06 16:37:51.707  3474 12303 E hwjv    : 	at glfk.a(:com.google.android.gms@252932035@25.29.32 (260400-787198374):182)
08-06 16:37:51.707  3474 12303 E hwjv    : 	at fzpu.a(:com.google.android.gms@252932035@25.29.32 (260400-787198374):13)
08-06 16:37:51.707  3474 12303 E hwjv    : 	at ghvl.a(:com.google.android.gms@252932035@25.29.32 (260400-787198374):3)
08-06 16:37:51.707  3474 12303 E hwjv    : 	at ghum.run(:com.google.android.gms@252932035@25.29.32 (260400-787198374):19)
08-06 16:37:51.707  3474 12303 E hwjv    : 	at ghvn.run(:com.google.android.gms@252932035@25.29.32 (260400-787198374):5)
08-06 16:37:51.707  3474 12303 E hwjv    : 	at azuw.c(:com.google.android.gms@252932035@25.29.32 (260400-787198374):50)
08-06 16:37:51.707  3474 12303 E hwjv    : 	at azuw.run(:com.google.android.gms@252932035@25.29.32 (260400-787198374):70)
08-06 16:37:51.707  3474 12303 E hwjv    : 	at java.util.concurrent.ThreadPoolExecutor.runWorker(ThreadPoolExecutor.java:1145)
08-06 16:37:51.707  3474 12303 E hwjv    : 	at java.util.concurrent.ThreadPoolExecutor$Worker.run(ThreadPoolExecutor.java:644)
08-06 16:37:51.707  3474 12303 E hwjv    : 	at baao.run(:com.google.android.gms@252932035@25.29.32 (260400-787198374):8)
08-06 16:37:51.707  3474 12303 E hwjv    : 	at java.lang.Thread.run(Thread.java:1012)
08-06 16:37:51.707  3474 12303 E hwjv    : *~*~*~ Previous channel {0} was garbage collected without being shut down! ~*~*~*
08-06 16:37:51.707  3474 12303 E hwjv    :     Make sure to call shutdown()/shutdownNow()
08-06 16:37:51.707  3474 12303 E hwjv    : java.lang.RuntimeException: ManagedChannel allocation site
08-06 16:37:51.707  3474 12303 E hwjv    : 	at hwju.<init>(:com.google.android.gms@252932035@25.29.32 (260400-787198374):21)
08-06 16:37:51.707  3474 12303 E hwjv    : 	at hwjv.<init>(:com.google.android.gms@252932035@25.29.32 (260400-787198374):10)
08-06 16:37:51.707  3474 12303 E hwjv    : 	at hwjt.a(:com.google.android.gms@252932035@25.29.32 (260400-787198374):250)
08-06 16:37:51.707  3474 12303 E hwjv    : 	at hvut.a(:com.google.android.gms@252932035@25.29.32 (260400-787198374):5)
08-06 16:37:51.707  3474 12303 E hwjv    : 	at ckky.h(:com.google.android.gms@252932035@25.29.32 (260400-787198374):81)
08-06 16:37:51.707  3474 12303 E hwjv    : 	at glfk.a(:com.google.android.gms@252932035@25.29.32 (260400-787198374):182)
08-06 16:37:51.707  3474 12303 E hwjv    : 	at fzpu.a(:com.google.android.gms@252932035@25.29.32 (260400-787198374):13)
08-06 16:37:51.707  3474 12303 E hwjv    : 	at ghvl.a(:com.google.android.gms@252932035@25.29.32 (260400-787198374):3)
08-06 16:37:51.707  3474 12303 E hwjv    : 	at ghum.run(:com.google.android.gms@252932035@25.29.32 (260400-787198374):19)
08-06 16:37:51.707  3474 12303 E hwjv    : 	at ghvn.run(:com.google.android.gms@252932035@25.29.32 (260400-787198374):5)
08-06 16:37:51.707  3474 12303 E hwjv    : 	at azuw.c(:com.google.android.gms@252932035@25.29.32 (260400-787198374):50)
08-06 16:37:51.707  3474 12303 E hwjv    : 	at azuw.run(:com.google.android.gms@252932035@25.29.32 (260400-787198374):70)
08-06 16:37:51.707  3474 12303 E hwjv    : 	at java.util.concurrent.ThreadPoolExecutor.runWorker(ThreadPoolExecutor.java:1145)
08-06 16:37:51.707  3474 12303 E hwjv    : 	at java.util.concurrent.ThreadPoolExecutor$Worker.run(ThreadPoolExecutor.java:644)
08-06 16:37:51.707  3474 12303 E hwjv    : 	at baao.run(:com.google.android.gms@252932035@25.29.32 (260400-787198374):8)
08-06 16:37:51.707  3474 12303 E hwjv    : 	at java.lang.Thread.run(Thread.java:1012)
08-06 16:37:51.707  3474 12303 E hwjv    : *~*~*~ Previous channel {0} was garbage collected without being shut down! ~*~*~*
08-06 16:37:51.707  3474 12303 E hwjv    :     Make sure to call shutdown()/shutdownNow()
08-06 16:37:51.707  3474 12303 E hwjv    : java.lang.RuntimeException: ManagedChannel allocation site
08-06 16:37:51.707  3474 12303 E hwjv    : 	at hwju.<init>(:com.google.android.gms@252932035@25.29.32 (260400-787198374):21)
08-06 16:37:51.707  3474 12303 E hwjv    : 	at hwjv.<init>(:com.google.android.gms@252932035@25.29.32 (260400-787198374):10)
08-06 16:37:51.707  3474 12303 E hwjv    : 	at hwjt.a(:com.google.android.gms@252932035@25.29.32 (260400-787198374):250)
08-06 16:37:51.707  3474 12303 E hwjv    : 	at hvut.a(:com.google.android.gms@252932035@25.29.32 (260400-787198374):5)
08-06 16:37:51.707  3474 12303 E hwjv    : 	at ckky.h(:com.google.android.gms@252932035@25.29.32 (260400-787198374):81)
08-06 16:37:51.707  3474 12303 E hwjv    : 	at glfk.a(:com.google.android.gms@252932035@25.29.32 (260400-787198374):182)
08-06 16:37:51.707  3474 12303 E hwjv    : 	at fzpu.a(:com.google.android.gms@252932035@25.29.32 (260400-787198374):13)
08-06 16:37:51.707  3474 12303 E hwjv    : 	at ghvl.a(:com.google.android.gms@252932035@25.29.32 (260400-787198374):3)
08-06 16:37:51.707  3474 12303 E hwjv    : 	at ghum.run(:com.google.android.gms@252932035@25.29.32 (260400-787198374):19)
08-06 16:37:51.707  3474 12303 E hwjv    : 	at ghvn.run(:com.google.android.gms@252932035@25.29.32 (260400-787198374):5)
08-06 16:37:51.707  3474 12303 E hwjv    : 	at azuw.c(:com.google.android.gms@252932035@25.29.32 (260400-787198374):50)
08-06 16:37:51.707  3474 12303 E hwjv    : 	at azuw.run(:com.google.android.gms@252932035@25.29.32 (260400-787198374):70)
08-06 16:37:51.707  3474 12303 E hwjv    : 	at java.util.concurrent.ThreadPoolExecutor.runWorker(ThreadPoolExecutor.java:1145)
08-06 16:37:51.707  3474 12303 E hwjv    : 	at java.util.concurrent.ThreadPoolExecutor$Worker.run(ThreadPoolExecutor.java:644)
08-06 16:37:51.707  3474 12303 E hwjv    : 	at baao.run(:com.google.android.gms@252932035@25.29.32 (260400-787198374):8)
08-06 16:37:51.707  3474 12303 E hwjv    : 	at java.lang.Thread.run(Thread.java:1012)
08-06 16:37:51.707  3474 12303 E hwjv    : *~*~*~ Previous channel {0} was garbage collected without being shut down! ~*~*~*
08-06 16:37:51.707  3474 12303 E hwjv    :     Make sure to call shutdown()/shutdownNow()
08-06 16:37:51.707  3474 12303 E hwjv    : java.lang.RuntimeException: ManagedChannel allocation site
08-06 16:37:51.707  3474 12303 E hwjv    : 	at hwju.<init>(:com.google.android.gms@252932035@25.29.32 (260400-787198374):21)
08-06 16:37:51.707  3474 12303 E hwjv    : 	at hwjv.<init>(:com.google.android.gms@252932035@25.29.32 (260400-787198374):10)
08-06 16:37:51.707  3474 12303 E hwjv    : 	at hwjt.a(:com.google.android.gms@252932035@25.29.32 (260400-787198374):250)
08-06 16:37:51.707  3474 12303 E hwjv    : 	at hvut.a(:com.google.android.gms@252932035@25.29.32 (260400-787198374):5)
08-06 16:37:51.707  3474 12303 E hwjv    : 	at ckky.h(:com.google.android.gms@252932035@25.29.32 (260400-787198374):81)
08-06 16:37:51.707  3474 12303 E hwjv    : 	at glfk.a(:com.google.android.gms@252932035@25.29.32 (260400-787198374):182)
08-06 16:37:51.707  3474 12303 E hwjv    : 	at fzpu.a(:com.google.android.gms@252932035@25.29.32 (260400-787198374):13)
08-06 16:37:51.707  3474 12303 E hwjv    : 	at ghvl.a(:com.google.android.gms@252932035@25.29.32 (260400-787198374):3)
08-06 16:37:51.707  3474 12303 E hwjv    : 	at ghum.run(:com.google.android.gms@252932035@25.29.32 (260400-787198374):19)
08-06 16:37:51.707  3474 12303 E hwjv    : 	at ghvn.run(:com.google.android.gms@252932035@25.29.32 (260400-787198374):5)
08-06 16:37:51.707  3474 12303 E hwjv    : 	at azuw.c(:com.google.android.gms@252932035@25.29.32 (260400-787198374):50)
08-06 16:37:51.707  3474 12303 E hwjv    : 	at azuw.run(:com.google.android.gms@252932035@25.29.32 (260400-787198374):70)
08-06 16:37:51.707  3474 12303 E hwjv    : 	at java.util.concurrent.ThreadPoolExecutor.runWorker(ThreadPoolExecutor.java:1145)
08-06 16:37:51.707  3474 12303 E hwjv    : 	at java.util.concurrent.ThreadPoolExecutor$Worker.run(ThreadPoolExecutor.java:644)
08-06 16:37:51.707  3474 12303 E hwjv    : 	at baao.run(:com.google.android.gms@252932035@25.29.32 (260400-787198374):8)
08-06 16:37:51.707  3474 12303 E hwjv    : 	at java.lang.Thread.run(Thread.java:1012)
08-06 16:37:51.707  3474 12303 E hwjv    : *~*~*~ Previous channel {0} was garbage collected without being shut down! ~*~*~*
08-06 16:37:51.707  3474 12303 E hwjv    :     Make sure to call shutdown()/shutdownNow()
08-06 16:37:51.707  3474 12303 E hwjv    : java.lang.RuntimeException: ManagedChannel allocation site
08-06 16:37:51.707  3474 12303 E hwjv    : 	at hwju.<init>(:com.google.android.gms@252932035@25.29.32 (260400-787198374):21)
08-06 16:37:51.707  3474 12303 E hwjv    : 	at hwjv.<init>(:com.google.android.gms@252932035@25.29.32 (260400-787198374):10)
08-06 16:37:51.707  3474 12303 E hwjv    : 	at hwjt.a(:com.google.android.gms@252932035@25.29.32 (260400-787198374):250)
