08-06 16:37:54.997  1508  1508 E MI-SF   : MiSurfaceFlingerImpl.cpp.vsyncId=90185443, oldVsyncId=90185443, layerName=Surface(name=69bf01b NavigationBar0#6855)/@0xf57cf91 - animation-leash of insets_animation#30890
08-06 16:37:54.997  1508  1508 E MI-SF   : MiSurfaceFlingerImpl.cpp.vsyncId=90185443, mIsContainTask1=0, mIsContainTaskOther=0
08-06 16:37:54.997  1508  1508 E MI-SF   : MiSurfaceFlingerImpl.cpp.vsyncId=90185443, oldVsyncId=90185443, layerName=39b27d2 ActivityRecordInputSink com.develop4god.devocional_nuevo/.MainActivity#30886
08-06 16:37:54.997  1508  1508 E MI-SF   : MiSurfaceFlingerImpl.cpp.vsyncId=90185443, mIsContainTask1=0, mIsContainTaskOther=0
08-06 16:37:54.997  1508  1508 E MI-SF   : MiSurfaceFlingerImpl.cpp.vsyncId=90185443, oldVsyncId=90185443, layerName=Task=1973#30882
08-06 16:37:54.997  1508  1508 E MI-SF   : MiSurfaceFlingerImpl.cpp.vsyncId=90185443, mIsContainTask1=0, mIsContainTaskOther=0
08-06 16:37:54.997  1508  1508 E MI-SF   : MiSurfaceFlingerImpl.cpp.vsyncId=90185443, oldVsyncId=90185443, layerName=NotificationShade#30872
08-06 16:37:54.997  1508  1508 E MI-SF   : MiSurfaceFlingerImpl.cpp.vsyncId=90185443, mIsContainTask1=0, mIsContainTaskOther=0
08-06 16:37:54.999  1508  1508 E SurfaceFlinger: MiSurfaceFlingerStub isAnimationScene
08-06 16:37:55.009 12199 12426 W Auth    : [GeneralRestrictionsSyncer] Failed to update visibilities for com.qualcomm.qcrilmsgtunnel [CONTEXT service_id=343 ]
08-06 16:37:55.018  5562  6126 W MQSEventManager: occur
08-06 16:37:55.040  3347  3347 W WindowOnBackDispatcher: sendCancelIfRunning: isInProgress=false callback=com.android.systemui.back.domain.interactor.BackActionInteractor$callback$2@74e2cb0
08-06 16:37:55.044 12199 12426 W Auth    : [GeneralRestrictionsSyncer] Failed to update visibilities for com.android.providers.settings [CONTEXT service_id=343 ]
08-06 16:37:55.063  1508  1508 E MI-SF   : MiSurfaceFlingerImpl.cpp.vsyncId=90185456, oldVsyncId=90185443, layerName=StatusBar#117
08-06 16:37:55.063  1508  1508 E MI-SF   : MiSurfaceFlingerImpl.cpp.vsyncId=90185456, mIsContainTask1=0, mIsContainTaskOther=0
08-06 16:37:55.064  1508  1508 E SurfaceFlinger: MiSurfaceFlingerStub isAnimationScene
08-06 16:37:55.070  2518  6507 W ContentProviderHelper: Slow operation: 116ms so far, now at getContentProviderImpl: done!
08-06 16:37:55.075 12199 12426 W Auth    : [GeneralRestrictionsSyncer] Failed to update visibilities for com.android.sharedstoragebackup [CONTEXT service_id=343 ]
08-06 16:37:55.080  1508  1508 E MI-SF   : MiSurfaceFlingerImpl.cpp.vsyncId=90185463, oldVsyncId=90185456, layerName=NotificationShade#30872
08-06 16:37:55.080  1508  1508 E MI-SF   : MiSurfaceFlingerImpl.cpp.vsyncId=90185463, mIsContainTask1=0, mIsContainTaskOther=0
08-06 16:37:55.080  1508  1508 E MI-SF   : MiSurfaceFlingerImpl.cpp.vsyncId=90185463, oldVsyncId=90185463, layerName=983f8c9 Splash Screen com.develop4god.devocional_nuevo#30884
08-06 16:37:55.080  1508  1508 E MI-SF   : MiSurfaceFlingerImpl.cpp.vsyncId=90185463, mIsContainTask1=0, mIsContainTaskOther=0
08-06 16:37:55.080  1508  1508 E MI-SF   : MiSurfaceFlingerImpl.cpp.vsyncId=90185463, oldVsyncId=90185463, layerName=com.miui.miwallpaper.wallpaperservice.ImageWallpaper#23099
08-06 16:37:55.080  1508  1508 E MI-SF   : MiSurfaceFlingerImpl.cpp.vsyncId=90185463, mIsContainTask1=0, mIsContainTaskOther=0
08-06 16:37:55.080  1508  1508 E MI-SF   : MiSurfaceFlingerImpl.cpp.vsyncId=90185463, oldVsyncId=90185463, layerName=NotificationShade#30872
08-06 16:37:55.080  1508  1508 E MI-SF   : MiSurfaceFlingerImpl.cpp.vsyncId=90185463, mIsContainTask1=0, mIsContainTaskOther=0
08-06 16:37:55.080  1508  1508 E MI-SF   : MiSurfaceFlingerImpl.cpp.vsyncId=90185463, oldVsyncId=90185463, layerName=Surface(name=c6d460d StatusBar#110)/@0x9f3d904 - animation-leash of insets_animation#30889
08-06 16:37:55.080  1508  1508 E MI-SF   : MiSurfaceFlingerImpl.cpp.vsyncId=90185463, mIsContainTask1=0, mIsContainTaskOther=0
08-06 16:37:55.080  1508  1508 E MI-SF   : MiSurfaceFlingerImpl.cpp.vsyncId=90185463, oldVsyncId=90185463, layerName=Surface(name=69bf01b NavigationBar0#6855)/@0xf57cf91 - animation-leash of insets_animation#30890
08-06 16:37:55.080  1508  1508 E MI-SF   : MiSurfaceFlingerImpl.cpp.vsyncId=90185463, mIsContainTask1=0, mIsContainTaskOther=0
08-06 16:37:55.080  5562  6126 W MQSEventManager: occur
08-06 16:37:55.082  1508  1508 E SurfaceFlinger: MiSurfaceFlingerStub isAnimationScene
08-06 16:37:55.089  1419  1531 E ANDR-PERF-OPTSHANDLER: ANDR-PERF-OPTSHANDLER: modify_sysfsnode() 1008: Perflock resource /proc/sys/kernel/sched_prefer_spread not supported
08-06 16:37:55.090  1419  1531 E ANDR-PERF-RESOURCEQS: ANDR-PERF-RESOURCEQS: RemoveAndApply() 292: Failed to reset optimization here [3, 42]
08-06 16:37:55.090  1419  1531 E ANDR-PERF-OPTSHANDLER: ANDR-PERF-OPTSHANDLER: unsupported() 817: Error: This resource is not supported
08-06 16:37:55.090  1419  1531 E ANDR-PERF-RESOURCEQS: ANDR-PERF-RESOURCEQS: RemoveAndApply() 292: Failed to reset optimization here [11, 0]
08-06 16:37:55.090  1419  1531 E ANDR-PERF-OPTSHANDLER: ANDR-PERF-OPTSHANDLER: modify_sysfsnode() 1008: Perflock resource /sys/class/devfreq/soc:qcom,cpubw/min_freq not supported
08-06 16:37:55.090  1419  1531 E ANDR-PERF-RESOURCEQS: ANDR-PERF-RESOURCEQS: RemoveAndApply() 292: Failed to reset optimization here [6, 0]
08-06 16:37:55.090  1419  1531 E ANDR-PERF-RESOURCEQS: ANDR-PERF-RESOURCEQS: RemoveAndApply() 292: Failed to reset optimization here [2, 0]
08-06 16:37:55.090  1419  1531 E ANDR-PERF-RESOURCEQS: ANDR-PERF-RESOURCEQS: RemoveAndApply() 292: Failed to reset optimization here [2, 1]
08-06 16:37:55.090  1419  1531 E ANDR-PERF-RESOURCEQS: ANDR-PERF-RESOURCEQS: RemoveAndApply() 292: Failed to reset optimization here [2, 0]
08-06 16:37:55.090  1419  1531 E ANDR-PERF-RESOURCEQS: ANDR-PERF-RESOURCEQS: RemoveAndApply() 292: Failed to reset optimization here [2, 1]
08-06 16:37:55.090  1419  1531 E ANDR-PERF-RESOURCEQS: ANDR-PERF-RESOURCEQS: RemoveAndApply() 292: Failed to reset optimization here [2, 0]
08-06 16:37:55.090  1419  1531 E ANDR-PERF-RESOURCEQS: ANDR-PERF-RESOURCEQS: RemoveAndApply() 292: Failed to reset optimization here [2, 1]
08-06 16:37:55.090  1419  1531 E ANDR-PERF-RESOURCEQS: ANDR-PERF-RESOURCEQS: RemoveAndApply() 292: Failed to reset optimization here [2, 0]
08-06 16:37:55.090  1419  1531 E ANDR-PERF-RESOURCEQS: ANDR-PERF-RESOURCEQS: RemoveAndApply() 292: Failed to reset optimization here [2, 1]
08-06 16:37:55.090  1419  1531 E ANDR-PERF-RESOURCEQS: ANDR-PERF-RESOURCEQS: RemoveAndApply() 292: Failed to reset optimization here [2, 0]
08-06 16:37:55.090  1419  1531 E ANDR-PERF-RESOURCEQS: ANDR-PERF-RESOURCEQS: RemoveAndApply() 292: Failed to reset optimization here [2, 1]
08-06 16:37:55.090  1419  1531 E ANDR-PERF-RESOURCEQS: ANDR-PERF-RESOURCEQS: RemoveAndApply() 292: Failed to reset optimization here [2, 0]
08-06 16:37:55.090  1419  1531 E ANDR-PERF-RESOURCEQS: ANDR-PERF-RESOURCEQS: RemoveAndApply() 292: Failed to reset optimization here [2, 1]
08-06 16:37:55.098  1508  1508 E SurfaceFlinger: MiSurfaceFlingerStub isAnimationScene
08-06 16:37:55.103  1508  1508 E MI-SF   : surfaceflinger setAffinity success
08-06 16:37:55.113  1508  1508 E MI-SF   : MiSurfaceFlingerImpl.cpp.vsyncId=90185471, oldVsyncId=90185463, layerName=Splash Screen com.develop4god.devocional_nuevo#30885
08-06 16:37:55.113  1508  1508 E MI-SF   : MiSurfaceFlingerImpl.cpp.vsyncId=90185471, mIsContainTask1=0, mIsContainTaskOther=0
08-06 16:37:55.114  2518  5620 E TaskPersister: File error accessing recents directory (directory doesn't exist?).
08-06 16:37:55.115 12199 12426 W Auth    : [GeneralRestrictionsSyncer] Failed to update visibilities for com.facebook.services [CONTEXT service_id=343 ]
08-06 16:37:55.116  1508  1508 E SurfaceFlinger: MiSurfaceFlingerStub isAnimationScene
08-06 16:37:55.124 12199 12426 W Auth    : [GeneralRestrictionsSyncer] Failed to update visibilities for com.android.printspooler [CONTEXT service_id=343 ]
08-06 16:37:55.134 12199 12426 W Auth    : [GeneralRestrictionsSyncer] Failed to update visibilities for com.android.hotwordenrollment.okgoogle [CONTEXT service_id=343 ]
08-06 16:37:55.154 12199 12426 W Auth    : [GeneralRestrictionsSyncer] Failed to update visibilities for com.miui.misound [CONTEXT service_id=343 ]
08-06 16:37:55.163  1508  1508 E MI-SF   : MiSurfaceFlingerImpl.cpp.vsyncId=90185478, oldVsyncId=90185471, layerName=StatusBar#117
08-06 16:37:55.163  1508  1508 E MI-SF   : MiSurfaceFlingerImpl.cpp.vsyncId=90185478, mIsContainTask1=0, mIsContainTaskOther=0
08-06 16:37:55.165  1508  1508 E SurfaceFlinger: MiSurfaceFlingerStub isAnimationScene
08-06 16:37:55.179 12199 12426 W Auth    : [GeneralRestrictionsSyncer] Failed to update visibilities for com.qualcomm.qti.services.systemhelper [CONTEXT service_id=343 ]
08-06 16:37:55.180  1508  1508 E MI-SF   : MiSurfaceFlingerImpl.cpp.vsyncId=90185503, oldVsyncId=90185478, layerName=StatusBar#117
08-06 16:37:55.180  1508  1508 E MI-SF   : MiSurfaceFlingerImpl.cpp.vsyncId=90185503, mIsContainTask1=0, mIsContainTaskOther=0
08-06 16:37:55.181  1508  1508 E SurfaceFlinger: MiSurfaceFlingerStub isAnimationScene
08-06 16:37:55.182  2518  6507 W UserManagerService: Requested status bar icon for non-badged user 0
08-06 16:37:55.194 12199 12426 W Auth    : [GeneralRestrictionsSyncer] Failed to update visibilities for com.android.wifi.resources.overlay.common [CONTEXT service_id=343 ]
08-06 16:37:55.197  2518  6507 W UserManagerService: Requested status bar icon for non-badged user 0
08-06 16:37:55.197  1508  1508 E MI-SF   : MiSurfaceFlingerImpl.cpp.vsyncId=90185510, oldVsyncId=90185503, layerName=StatusBar#117
08-06 16:37:55.197  1508  1508 E MI-SF   : MiSurfaceFlingerImpl.cpp.vsyncId=90185510, mIsContainTask1=0, mIsContainTaskOther=0
08-06 16:37:55.199  1508  1508 E SurfaceFlinger: MiSurfaceFlingerStub isAnimationScene
08-06 16:37:55.203  2518  6559 W UserManagerService: Requested status bar icon for non-badged user 0
08-06 16:37:55.204 12728 12728 W ziparchive: Unable to open '/data/app/~~Ej7NdrLPGG9pGTY53fmulA==/com.google.android.projection.gearhead-yjiN2KBD05gaQ0e7XlLkOg==/split_config.arm64_v8a.dm': No such file or directory
08-06 16:37:55.204 12728 12728 W ziparchive: Unable to open '/data/app/~~Ej7NdrLPGG9pGTY53fmulA==/com.google.android.projection.gearhead-yjiN2KBD05gaQ0e7XlLkOg==/split_config.arm64_v8a.dm': No such file or directory
08-06 16:37:55.205 12728 12728 W arhead:provider: Entry not found
08-06 16:37:55.205 12728 12728 W ziparchive: Unable to open '/data/app/~~Ej7NdrLPGG9pGTY53fmulA==/com.google.android.projection.gearhead-yjiN2KBD05gaQ0e7XlLkOg==/split_config.es.dm': No such file or directory
08-06 16:37:55.205 12728 12728 W ziparchive: Unable to open '/data/app/~~Ej7NdrLPGG9pGTY53fmulA==/com.google.android.projection.gearhead-yjiN2KBD05gaQ0e7XlLkOg==/split_config.es.dm': No such file or directory
08-06 16:37:55.206 12728 12728 W arhead:provider: Entry not found
08-06 16:37:55.206 12728 12728 W ziparchive: Unable to open '/data/app/~~Ej7NdrLPGG9pGTY53fmulA==/com.google.android.projection.gearhead-yjiN2KBD05gaQ0e7XlLkOg==/split_config.xxhdpi.dm': No such file or directory
08-06 16:37:55.206 12728 12728 W ziparchive: Unable to open '/data/app/~~Ej7NdrLPGG9pGTY53fmulA==/com.google.android.projection.gearhead-yjiN2KBD05gaQ0e7XlLkOg==/split_config.xxhdpi.dm': No such file or directory
08-06 16:37:55.207 12728 12728 W arhead:provider: Entry not found
08-06 16:37:55.214  1508  1508 E MI-SF   : MiSurfaceFlingerImpl.cpp.vsyncId=90185517, oldVsyncId=90185510, layerName=StatusBar#117
08-06 16:37:55.214  1508  1508 E MI-SF   : MiSurfaceFlingerImpl.cpp.vsyncId=90185517, mIsContainTask1=0, mIsContainTaskOther=0
08-06 16:37:55.215  1508  1508 E SurfaceFlinger: MiSurfaceFlingerStub isAnimationScene
08-06 16:37:55.218 10930  7294 E PackageUtils: package not install, pkg=com.xiaomi.smarthome
08-06 16:37:55.228 12199 12426 W Auth    : [GeneralRestrictionsSyncer] Failed to update visibilities for com.android.dreams.basic [CONTEXT service_id=343 ]
08-06 16:37:55.230  1508  1508 E MI-SF   : MiSurfaceFlingerImpl.cpp.vsyncId=90185524, oldVsyncId=90185517, layerName=StatusBar#117
08-06 16:37:55.230  1508  1508 E MI-SF   : MiSurfaceFlingerImpl.cpp.vsyncId=90185524, mIsContainTask1=0, mIsContainTaskOther=0
08-06 16:37:55.231  1508  1508 E SurfaceFlinger: MiSurfaceFlingerStub isAnimationScene
08-06 16:37:55.247  1508  1508 E MI-SF   : MiSurfaceFlingerImpl.cpp.vsyncId=90185531, oldVsyncId=90185524, layerName=StatusBar#117
08-06 16:37:55.247  1508  1508 E MI-SF   : MiSurfaceFlingerImpl.cpp.vsyncId=90185531, mIsContainTask1=0, mIsContainTaskOther=0
08-06 16:37:55.248  1508  1508 E SurfaceFlinger: MiSurfaceFlingerStub isAnimationScene
08-06 16:37:55.257 12199 12426 W Auth    : [GeneralRestrictionsSyncer] Failed to update visibilities for com.xiaomi.phone.overlay [CONTEXT service_id=343 ]
08-06 16:37:55.264  1508  1508 E MI-SF   : MiSurfaceFlingerImpl.cpp.vsyncId=90185538, oldVsyncId=90185531, layerName=StatusBar#117
08-06 16:37:55.264  1508  1508 E MI-SF   : MiSurfaceFlingerImpl.cpp.vsyncId=90185538, mIsContainTask1=0, mIsContainTaskOther=0
08-06 16:37:55.265  1508  1508 E SurfaceFlinger: MiSurfaceFlingerStub isAnimationScene
08-06 16:37:55.280  1508  1508 E MI-SF   : MiSurfaceFlingerImpl.cpp.vsyncId=90185545, oldVsyncId=90185538, layerName=StatusBar#117
08-06 16:37:55.280  1508  1508 E MI-SF   : MiSurfaceFlingerImpl.cpp.vsyncId=90185545, mIsContainTask1=0, mIsContainTaskOther=0
08-06 16:37:55.281  1508  1508 E SurfaceFlinger: MiSurfaceFlingerStub isAnimationScene
08-06 16:37:55.280 12199 12426 W Auth    : [GeneralRestrictionsSyncer] Failed to update visibilities for com.google.android.overlay.modules.ext.services [CONTEXT service_id=343 ]
08-06 16:37:55.296 12199 12426 W Auth    : [GeneralRestrictionsSyncer] Failed to update visibilities for com.google.android.as.oss [CONTEXT service_id=343 ]
08-06 16:37:55.297  1508  1508 E MI-SF   : MiSurfaceFlingerImpl.cpp.vsyncId=90185552, oldVsyncId=90185545, layerName=StatusBar#117
08-06 16:37:55.297  1508  1508 E MI-SF   : MiSurfaceFlingerImpl.cpp.vsyncId=90185552, mIsContainTask1=0, mIsContainTaskOther=0
08-06 16:37:55.299  1508  1508 E SurfaceFlinger: MiSurfaceFlingerStub isAnimationScene
08-06 16:37:55.314  1508  1508 E MI-SF   : MiSurfaceFlingerImpl.cpp.vsyncId=90185559, oldVsyncId=90185552, layerName=StatusBar#117
08-06 16:37:55.314  1508  1508 E MI-SF   : MiSurfaceFlingerImpl.cpp.vsyncId=90185559, mIsContainTask1=0, mIsContainTaskOther=0
08-06 16:37:55.315  1508  1508 E SurfaceFlinger: MiSurfaceFlingerStub isAnimationScene
08-06 16:37:55.322 12199 12426 W Auth    : [GeneralRestrictionsSyncer] Failed to update visibilities for com.android.systemui.gesture.line.overlay [CONTEXT service_id=343 ]
08-06 16:37:55.339 12199 12426 W Auth    : [GeneralRestrictionsSyncer] Failed to update visibilities for com.duokan.phone.remotecontroller [CONTEXT service_id=343 ]
08-06 16:37:55.347  1508  1508 E MI-SF   : MiSurfaceFlingerImpl.cpp.vsyncId=90185566, oldVsyncId=90185559, layerName=StatusBar#117
08-06 16:37:55.347  1508  1508 E MI-SF   : MiSurfaceFlingerImpl.cpp.vsyncId=90185566, mIsContainTask1=0, mIsContainTaskOther=0
08-06 16:37:55.347  1508  1508 E MI-SF   : MiSurfaceFlingerImpl.cpp.vsyncId=90185566, oldVsyncId=90185566, layerName=StatusBar#117
08-06 16:37:55.347  1508  1508 E MI-SF   : MiSurfaceFlingerImpl.cpp.vsyncId=90185566, mIsContainTask1=0, mIsContainTaskOther=0
08-06 16:37:55.348  1508  1508 E SurfaceFlinger: MiSurfaceFlingerStub isAnimationScene
08-06 16:37:55.356 12199 12426 W Auth    : [GeneralRestrictionsSyncer] Failed to update visibilities for com.miui.bugreport [CONTEXT service_id=343 ]
08-06 16:37:55.364 12199 12426 W Auth    : [GeneralRestrictionsSyncer] Failed to update visibilities for com.android.se [CONTEXT service_id=343 ]
08-06 16:37:55.364  1508  1508 E MI-SF   : MiSurfaceFlingerImpl.cpp.vsyncId=90185579, oldVsyncId=90185566, layerName=StatusBar#117
08-06 16:37:55.364  1508  1508 E MI-SF   : MiSurfaceFlingerImpl.cpp.vsyncId=90185579, mIsContainTask1=0, mIsContainTaskOther=0
08-06 16:37:55.365  1508  1508 E SurfaceFlinger: MiSurfaceFlingerStub isAnimationScene
08-06 16:37:55.368 12199 12426 W Auth    : [GeneralRestrictionsSyncer] Failed to update visibilities for com.android.inputdevices [CONTEXT service_id=343 ]
08-06 16:37:55.388 12199 12426 W Auth    : [GeneralRestrictionsSyncer] Failed to update visibilities for com.google.android.apps.wellbeing [CONTEXT service_id=343 ]
08-06 16:37:55.394 12199 12426 W Auth    : [GeneralRestrictionsSyncer] Failed to update visibilities for com.android.rkpdapp [CONTEXT service_id=343 ]
08-06 16:37:55.406 12199 12426 W Auth    : [GeneralRestrictionsSyncer] Failed to update visibilities for com.google.android.overlay.gmsconfig.photos [CONTEXT service_id=343 ]
08-06 16:37:55.414  3347  3347 E StackScroller: updateSidePadding: viewWidth is zero
08-06 16:37:55.419 12199 12426 W Auth    : [GeneralRestrictionsSyncer] Failed to update visibilities for com.google.android.devicelockcontroller [CONTEXT service_id=343 ]
08-06 16:37:55.429 12199 12426 W Auth    : [GeneralRestrictionsSyncer] Failed to update visibilities for com.google.android.dialer [CONTEXT service_id=343 ]
08-06 16:37:55.439 12199 12426 W Auth    : [GeneralRestrictionsSyncer] Failed to update visibilities for com.android.bips [CONTEXT service_id=343 ]
08-06 16:37:55.445 12199 12426 W Auth    : [GeneralRestrictionsSyncer] Failed to update visibilities for com.qti.dpmserviceapp [CONTEXT service_id=343 ]
08-06 16:37:55.456 12199 12426 W Auth    : [GeneralRestrictionsSyncer] Failed to update visibilities for com.google.android.apps.nbu.files [CONTEXT service_id=343 ]
08-06 16:37:55.468 12199 12426 W Auth    : [GeneralRestrictionsSyncer] Failed to update visibilities for com.wbd.stream [CONTEXT service_id=343 ]
08-06 16:37:55.472  3347  3684 W ndroid.systemui: Suspending all threads took: 5.934ms
08-06 16:37:55.480 12199 12426 W Auth    : [GeneralRestrictionsSyncer] Failed to update visibilities for com.google.android.captiveportallogin [CONTEXT service_id=343 ]
08-06 16:37:55.488 12199 12426 W Auth    : [GeneralRestrictionsSyncer] Failed to update visibilities for android.auto_generated_characteristics_rro [CONTEXT service_id=343 ]
08-06 16:37:55.495 12199 12426 W Auth    : [GeneralRestrictionsSyncer] Failed to update visibilities for com.google.android.overlay.gmsconfig.comms [CONTEXT service_id=343 ]
08-06 16:37:55.504 12199 12426 W Auth    : [GeneralRestrictionsSyncer] Failed to update visibilities for com.google.android.overlay.gmsconfig.geotz [CONTEXT service_id=343 ]
08-06 16:37:55.516 12199 12426 W Auth    : [GeneralRestrictionsSyncer] Failed to update visibilities for com.qti.xdivert [CONTEXT service_id=343 ]
08-06 16:37:55.524 12199 12426 W Auth    : [GeneralRestrictionsSyncer] Failed to update visibilities for com.google.android.appsearch.apk [CONTEXT service_id=343 ]
08-06 16:37:55.528 12199 12426 W Auth    : [GeneralRestrictionsSyncer] Failed to update visibilities for com.google.ambient.streaming [CONTEXT service_id=343 ]
08-06 16:37:55.531 12199 12426 W Auth    : [GeneralRestrictionsSyncer] Failed to update visibilities for com.android.musicfx [CONTEXT service_id=343 ]
08-06 16:37:55.541 12199 12426 W Auth    : [GeneralRestrictionsSyncer] Failed to update visibilities for com.android.systemui.overlay.miui [CONTEXT service_id=343 ]
08-06 16:37:55.553 12199 12426 W Auth    : [GeneralRestrictionsSyncer] Failed to update visibilities for com.android.settings.overlay.common [CONTEXT service_id=343 ]
08-06 16:37:55.559 12199 12426 W Auth    : [GeneralRestrictionsSyncer] Failed to update visibilities for com.xiaomi.phone [CONTEXT service_id=343 ]
08-06 16:37:55.570 12199 12426 W Auth    : [GeneralRestrictionsSyncer] Failed to update visibilities for com.android.inputsettings.overlay.miui [CONTEXT service_id=343 ]
08-06 16:37:55.578 12199 12426 W Auth    : [GeneralRestrictionsSyncer] Failed to update visibilities for com.google.android.apps.bard [CONTEXT service_id=343 ]
08-06 16:37:55.588 12199 12426 W Auth    : [GeneralRestrictionsSyncer] Failed to update visibilities for com.google.android.apps.docs [CONTEXT service_id=343 ]
08-06 16:37:55.596 12199 12426 W Auth    : [GeneralRestrictionsSyncer] Failed to update visibilities for com.google.android.apps.maps [CONTEXT service_id=343 ]
08-06 16:37:55.609 12199 12426 W Auth    : [GeneralRestrictionsSyncer] Failed to update visibilities for com.android.thememanager.customizethemeconfig.config.overlay [CONTEXT service_id=343 ]
08-06 16:37:55.620 12199 12426 W Auth    : [GeneralRestrictionsSyncer] Failed to update visibilities for com.afterimage.mbe.ebox [CONTEXT service_id=343 ]
08-06 16:37:55.635  3375  3375 W RecentsImpl: getTopActivity from observer.   cn=null
08-06 16:37:55.638  3375  3375 W RecentsModel: getRunningTask   taskInfo=TaskInfo{userId=0 taskId=1973 displayId=0 isRunning=true baseIntent=Intent { act=android.intent.action.MAIN cat=[android.intent.category.LAUNCHER] flg=0x10200000 cmp=com.develop4god.devocional_nuevo/.MainActivity } baseActivity=ComponentInfo{com.develop4god.devocional_nuevo/com.develop4god.devocional_nuevo.MainActivity} topActivity=ComponentInfo{com.develop4god.devocional_nuevo/com.develop4god.devocional_nuevo.MainActivity} origActivity=null realActivity=ComponentInfo{com.develop4god.devocional_nuevo/com.develop4god.devocional_nuevo.MainActivity} numActivities=1 lastActiveTime=440951890 supportsSplitScreenMultiWindow=true supportsMultiWindow=true resizeMode=1 isResizeable=true minWidth=-1 minHeight=-1 defaultMinSize=200 token=WCT{android.window.IWindowContainerToken$Stub$Proxy@402ef8a} topActivityType=1 pictureInPictureParams=null shouldDockBigOverlays=false launchIntoPipHostTaskId=-1 lastParentTaskIdBeforePip=-1 displayCutoutSafeInsets=null topActivityInfo=ActivityInfo{8f839fb com.develop4god.devocional_nuevo.MainActivity} launchCookies=[] positionInParent=Point(0, 0) parentTaskId=-1 isFocused=true isVisible=true isVisibleRequested=true isSleeping=false locusId=null displayAreaFeatureId=1 isTopActivityTransparent=false appCompatTaskInfo=AppCompatTaskInfo { topActivityInSizeCompat=false topActivityInMiuiSizeCompat=false topActivityEligibleForLetterboxEducation= falseisLetterboxEducationEnabled= false isLetterboxDoubleTapEnabled= false topActivityEligibleForUserAspectRatioButton= false topActivityBoundsLetterboxed= false isFromLetterboxDoubleTap= false topActivityLetterboxVerticalPosition= -1 topActivityLetterboxHorizontalPosition= -1 topActivityLetterboxWidth=1080 topActivityLetterboxHeight=2400 isUserFullscreenOverrideEnabled=false isSystemFullscreenOverrideEnabled=false cameraCompatTaskInfo=CameraCompatTaskInfo { cameraCompatControlState=hidden freeformCameraCompatMode=inactive}} isImmersive=false mTopActivityRequestOrientation=-1 mBehindAppLockPkg=null mOriginatingUid=0 isEmbedded=false shouldBeVisible=true mIsCastMode=false mTopActivityMediaSize=null mTopActivityRecordName=ActivityRecord{b57bfa0 u0 com.develop4god.devocional_nuevo/.MainActivity t1973} mTopActivityOrientation=-1}
08-06 16:37:55.638  3375  3375 W RecentsModel: getTaskInfoIgnoreFreeform   taskInfo=ComponentInfo{com.develop4god.devocional_nuevo/com.develop4god.devocional_nuevo.MainActivity}
08-06 16:37:55.638  3375  3375 W RecentsImpl: getTopActivity from AMS.   cn=ComponentInfo{com.develop4god.devocional_nuevo/com.develop4god.devocional_nuevo.MainActivity}
08-06 16:37:55.638  3375  3375 W RecentsImpl: adaptToTopActivity   cn=ComponentInfo{com.develop4god.devocional_nuevo/com.develop4god.devocional_nuevo.MainActivity}
08-06 16:37:55.638  3375  3375 W RecentsImpl: onResumed className=com.develop4god.devocional_nuevo.MainActivity   forceUpdate=false   mIsInAnotherPro=false   isKeyguardLocked=false   mIsStatusBarExpansion=false   mSecuritySpaceGuideShown=false
08-06 16:37:55.645 12199 12426 W Auth    : [GeneralRestrictionsSyncer] Failed to update visibilities for com.google.android.modulemetadata [CONTEXT service_id=343 ]
08-06 16:37:55.652 12199 12426 W Auth    : [GeneralRestrictionsSyncer] Failed to update visibilities for com.android.overlay.gmssettings [CONTEXT service_id=343 ]
08-06 16:37:55.656 12199 12426 W Auth    : [GeneralRestrictionsSyncer] Failed to update visibilities for com.miui.cloudbackup [CONTEXT service_id=343 ]
08-06 16:37:55.662 12199 12426 W Auth    : [GeneralRestrictionsSyncer] Failed to update visibilities for com.novatek.novavis [CONTEXT service_id=343 ]
08-06 16:37:55.685 12199 12426 W Auth    : [GeneralRestrictionsSyncer] Failed to update visibilities for com.miui.wallpaper.overlay [CONTEXT service_id=343 ]
08-06 16:37:55.696 12199 12426 W Auth    : [GeneralRestrictionsSyncer] Failed to update visibilities for com.android.cellbroadcastreceiver [CONTEXT service_id=343 ]
08-06 16:37:55.713 12199 12426 W Auth    : [GeneralRestrictionsSyncer] Failed to update visibilities for com.google.android.overlay.modules.documentsui [CONTEXT service_id=343 ]
08-06 16:37:55.720 12199 12426 W Auth    : [GeneralRestrictionsSyncer] Failed to update visibilities for com.google.android.networkstack [CONTEXT service_id=343 ]
08-06 16:37:55.724 12199 12426 W Auth    : [GeneralRestrictionsSyncer] Failed to update visibilities for com.android.bluetooth.overlay [CONTEXT service_id=343 ]
08-06 16:37:55.725 28156 28156 W AD-PLUGIN-PushAdManager: pushRealTimeRequest mode mismatching
08-06 16:37:55.730 12199 12426 W Auth    : [GeneralRestrictionsSyncer] Failed to update visibilities for com.google.android.apps.cloudconsole [CONTEXT service_id=343 ]
08-06 16:37:55.731 28156 28156 W AD-PLUGIN-PushAdManager: Receive notification preload cache null
08-06 16:37:55.746 12199 12426 W Auth    : [GeneralRestrictionsSyncer] Failed to update visibilities for com.google.android.contactkeys [CONTEXT service_id=343 ]
08-06 16:37:55.762 12199 12426 W Auth    : [GeneralRestrictionsSyncer] Failed to update visibilities for com.google.android.contacts [CONTEXT service_id=343 ]
08-06 16:37:55.775 12199 12426 W Auth    : [GeneralRestrictionsSyncer] Failed to update visibilities for com.android.server.telecom.overlay.miui [CONTEXT service_id=343 ]
08-06 16:37:55.848  1419  1531 E ANDR-PERF-RESOURCEQS: ANDR-PERF-RESOURCEQS: RemoveAndApply() 292: Failed to reset optimization here [2, 0]
08-06 16:37:55.848  1419  1531 E ANDR-PERF-RESOURCEQS: ANDR-PERF-RESOURCEQS: RemoveAndApply() 292: Failed to reset optimization here [2, 1]
08-06 16:37:55.848  1419  1531 E ANDR-PERF-RESOURCEQS: ANDR-PERF-RESOURCEQS: RemoveAndApply() 292: Failed to reset optimization here [2, 0]
08-06 16:37:55.848  1419  1531 E ANDR-PERF-RESOURCEQS: ANDR-PERF-RESOURCEQS: RemoveAndApply() 292: Failed to reset optimization here [2, 1]
08-06 16:37:55.848  1419  1531 E ANDR-PERF-RESOURCEQS: ANDR-PERF-RESOURCEQS: RemoveAndApply() 292: Failed to reset optimization here [2, 0]
08-06 16:37:55.848  1419  1531 E ANDR-PERF-RESOURCEQS: ANDR-PERF-RESOURCEQS: RemoveAndApply() 292: Failed to reset optimization here [2, 1]
08-06 16:37:55.848  1419  1531 E ANDR-PERF-RESOURCEQS: ANDR-PERF-RESOURCEQS: RemoveAndApply() 292: Failed to reset optimization here [2, 0]
08-06 16:37:55.848  1419  1531 E ANDR-PERF-RESOURCEQS: ANDR-PERF-RESOURCEQS: RemoveAndApply() 292: Failed to reset optimization here [2, 1]
08-06 16:37:55.848  1419  1531 E ANDR-PERF-RESOURCEQS: ANDR-PERF-RESOURCEQS: RemoveAndApply() 292: Failed to reset optimization here [2, 0]
08-06 16:37:55.848  1419  1531 E ANDR-PERF-RESOURCEQS: ANDR-PERF-RESOURCEQS: RemoveAndApply() 292: Failed to reset optimization here [2, 1]
08-06 16:37:55.848  1419  1531 E ANDR-PERF-RESOURCEQS: ANDR-PERF-RESOURCEQS: RemoveAndApply() 292: Failed to reset optimization here [2, 0]
08-06 16:37:55.848  1419  1531 E ANDR-PERF-RESOURCEQS: ANDR-PERF-RESOURCEQS: RemoveAndApply() 292: Failed to reset optimization here [2, 1]
08-06 16:37:55.852 12199 12426 W Auth    : [GeneralRestrictionsSyncer] Failed to update visibilities for com.qti.snapdragon.qdcm_ff [CONTEXT service_id=343 ]
08-06 16:37:55.869 12199 12426 W Auth    : [GeneralRestrictionsSyncer] Failed to update visibilities for com.android.phone.auto_generated_characteristics_rro [CONTEXT service_id=343 ]
08-06 16:37:55.908 12199 12426 W Auth    : [GeneralRestrictionsSyncer] Failed to update visibilities for com.android.wifi.resources.overlay.target [CONTEXT service_id=343 ]
08-06 16:37:55.949 12199 12426 W Auth    : [GeneralRestrictionsSyncer] Failed to update visibilities for com.android.camera [CONTEXT service_id=343 ]
08-06 16:37:55.952 12711 12711 W ServiceManagerCppClient: Failed to get isDeclared for vendor.qti.hardware.perf2.IPerf/default: Status(-1, EX_SECURITY): 'SELinux denied.'
08-06 16:37:55.959 12199 12426 W Auth    : [GeneralRestrictionsSyncer] Failed to update visibilities for com.google.android.overlay.modules.healthfitness.forframework [CONTEXT service_id=343 ]
08-06 16:37:55.968 12199 12426 W Auth    : [GeneralRestrictionsSyncer] Failed to update visibilities for com.xiaomi.aicr [CONTEXT service_id=343 ]
08-06 16:37:55.979 12728 12728 W ServiceManagerCppClient: Failed to get isDeclared for vendor.qti.hardware.perf2.IPerf/default: Status(-1, EX_SECURITY): 'SELinux denied.'
08-06 16:37:55.985 12199 12426 W Auth    : [GeneralRestrictionsSyncer] Failed to update visibilities for com.xiaomi.glgm [CONTEXT service_id=343 ]
08-06 16:37:55.996 12199 12426 W Auth    : [GeneralRestrictionsSyncer] Failed to update visibilities for com.xiaomi.xmsf [CONTEXT service_id=343 ]
08-06 16:37:56.000 12728 12728 W Looper  : PerfMonitor longMsg : seq=2 plan=16:37:54.994 late=0ms wall=1001ms h=android.app.ActivityThread$H w=110 procState=-1
08-06 16:37:56.002 12199 12426 W Auth    : [GeneralRestrictionsSyncer] Failed to update visibilities for com.example.habitus_fe [CONTEXT service_id=343 ]
08-06 16:37:56.013 12199 12426 W Auth    : [GeneralRestrictionsSyncer] Failed to update visibilities for com.google.android.tts [CONTEXT service_id=343 ]
08-06 16:37:56.024 12711 12711 W Looper  : PerfMonitor longMsg : seq=2 plan=16:37:54.872 late=31ms wall=1120ms h=android.app.ActivityThread$H w=110 procState=-1
08-06 16:37:56.026 12199 12426 W Auth    : [GeneralRestrictionsSyncer] Failed to update visibilities for com.android.wifi.resources [CONTEXT service_id=343 ]
08-06 16:37:56.031 21766 21960 W BtGatt.JNI: packages/modules/MiuiBluetooth/android/app/jni/com_android_bluetooth_gatt.cpp:1597 gattSetScanParametersNative: gattSetScanParametersNative
08-06 16:37:56.031 21766 21960 W BtGatt.JNI: packages/modules/MiuiBluetooth/android/app/jni/com_android_bluetooth_gatt.cpp:1597 gattSetScanParametersNative: gattSetScanParametersNative
08-06 16:37:56.033 12199 12426 W Auth    : [GeneralRestrictionsSyncer] Failed to update visibilities for com.android.phone.overlay.common [CONTEXT service_id=343 ]
08-06 16:37:56.051 28724 28741 W .adservices.api: Reducing the number of considered missed Gc histogram windows from 137 to 100
08-06 16:37:56.058 12199 12426 W Auth    : [GeneralRestrictionsSyncer] Failed to update visibilities for com.android.carrierconfig.overlay.common [CONTEXT service_id=343 ]
08-06 16:37:56.070  3347  3389 W System  : A resource failed to call AbstractCursor.close. 
08-06 16:37:56.070  3347  3389 W System  : A resource failed to call CursorWrapperInner.close. 
08-06 16:37:56.071  3347  3389 W System  : A resource failed to call AbstractCursor.close. 
08-06 16:37:56.071  3347  3389 W System  : A resource failed to call CursorWrapperInner.close. 
08-06 16:37:56.072 12606 12606 W libc    : Access denied finding property "vendor.boostfwk.frameprefetcher"
08-06 16:37:56.080 21766 21960 W BtGatt.JNI: packages/modules/MiuiBluetooth/android/app/jni/com_android_bluetooth_gatt.cpp:1597 gattSetScanParametersNative: gattSetScanParametersNative
08-06 16:37:56.080 21766 21960 W BtGatt.JNI: packages/modules/MiuiBluetooth/android/app/jni/com_android_bluetooth_gatt.cpp:1597 gattSetScanParametersNative: gattSetScanParametersNative
08-06 16:37:56.083 12606 12819 W ziparchive: Unable to open '/system/framework/QXPerformance.dm': No such file or directory
08-06 16:37:56.083 12606 12819 W ziparchive: Unable to open '/system/framework/QXPerformance.dm': No such file or directory
08-06 16:37:56.089 12199 12426 W Auth    : [GeneralRestrictionsSyncer] Failed to update visibilities for com.android.calllogbackup [CONTEXT service_id=343 ]
08-06 16:37:56.107 12606 12812 W evocional_nuevo: ClassLoaderContext classpath size mismatch. expected=1, found=0 (DLC[];PCL[base.apk*4138776503]{PCL[/system/framework/org.apache.http.legacy.jar*4025584831]#PCL[/system/framework/com.android.media.remotedisplay.jar*2042759013]#PCL[/system/framework/com.android.location.provider.jar*3414091812]#PCL[/system_ext/framework/androidx.window.extensions.jar*1526891746]#PCL[/system_ext/framework/androidx.window.sidecar.jar*3450900160]} | DLC[];PCL[])
08-06 16:37:56.107 21766 21784 W droid.bluetooth: Reducing the number of considered missed Gc histogram windows from 199 to 100
08-06 16:37:56.108  3347  3389 W System  : A resource failed to call release. 
08-06 16:37:56.108  3347  3389 W System  : A resource failed to call release. 
08-06 16:37:56.108  3347  3389 W System  : A resource failed to call release. 
08-06 16:37:56.117 12199 12426 W Auth    : [GeneralRestrictionsSyncer] Failed to update visibilities for ru.iiec.pydroid3 [CONTEXT service_id=343 ]
08-06 16:37:56.121  2518  6554 W MiuiBoosterUtils: enable_miuibooster_launch : false
08-06 16:37:56.124 12606 12606 W Looper  : PerfMonitor longMsg : seq=3 plan=16:37:53.263 late=1246ms wall=1613ms h=android.app.ActivityThread$H w=110 procState=-1
08-06 16:37:56.141 12199 12426 W Auth    : [GeneralRestrictionsSyncer] Failed to update visibilities for com.google.android.partnersetup [CONTEXT service_id=343 ]
08-06 16:37:56.152 12199 12426 W Auth    : [GeneralRestrictionsSyncer] Failed to update visibilities for android.aosp.overlay [CONTEXT service_id=343 ]
08-06 16:37:56.161 12199 12426 W Auth    : [GeneralRestrictionsSyncer] Failed to update visibilities for com.android.systemui.overlay.common [CONTEXT service_id=343 ]
08-06 16:37:56.163 12606 12825 W libc    : Access denied finding property "vendor.migl.debug"
08-06 16:37:56.176 12199 12426 W Auth    : [GeneralRestrictionsSyncer] Failed to update visibilities for com.android.cameraextensions [CONTEXT service_id=343 ]
08-06 16:37:56.185 12199 12426 W Auth    : [GeneralRestrictionsSyncer] Failed to update visibilities for com.xiaomi.xmsfkeeper [CONTEXT service_id=343 ]
08-06 16:37:56.194 12199 12426 W Auth    : [GeneralRestrictionsSyncer] Failed to update visibilities for com.android.server.telecom.overlay.common [CONTEXT service_id=343 ]
08-06 16:37:56.203 12199 12426 W Auth    : [GeneralRestrictionsSyncer] Failed to update visibilities for com.android.localtransport [CONTEXT service_id=343 ]
08-06 16:37:56.211 12199 12426 W Auth    : [GeneralRestrictionsSyncer] Failed to update visibilities for com.google.android.videos [CONTEXT service_id=343 ]
08-06 16:37:56.233 12199 12426 W Auth    : [GeneralRestrictionsSyncer] Failed to update visibilities for com.google.android.overlay.gmsconfig.asi [CONTEXT service_id=343 ]
08-06 16:37:56.237 12199 12426 W Auth    : [GeneralRestrictionsSyncer] Failed to update visibilities for com.google.android.overlay.gmsconfig.gsa [CONTEXT service_id=343 ]
08-06 16:37:56.248 12199 12426 W Auth    : [GeneralRestrictionsSyncer] Failed to update visibilities for com.miui.miwallpaper.overlay [CONTEXT service_id=343 ]
08-06 16:37:56.256 28724 28904 W JobInfo : Requested flex +5h0m0s0ms for job 2 is too small; raising to +8h24m0s0ms
08-06 16:37:56.255 12199 12426 W Auth    : [GeneralRestrictionsSyncer] Failed to update visibilities for com.android.carrierdefaultapp [CONTEXT service_id=343 ]
08-06 16:37:56.263 12199 12426 W Auth    : [GeneralRestrictionsSyncer] Failed to update visibilities for com.xiaomi.mipicks [CONTEXT service_id=343 ]
08-06 16:37:56.268  2518  3651 E JobScheduler: ResourceBudgetManagerInternal is null
08-06 16:37:56.270 12199 12426 W Auth    : [GeneralRestrictionsSyncer] Failed to update visibilities for com.miui.wallpaper.overlay.customize [CONTEXT service_id=343 ]
08-06 16:37:56.283 12199 12426 W Auth    : [GeneralRestrictionsSyncer] Failed to update visibilities for com.pedidosya [CONTEXT service_id=343 ]
08-06 16:37:56.284 28724 28904 E adservices.measurement: ReportingJobService is disabled, skip scheduling
08-06 16:37:56.285 28724 28904 E adservices.measurement: AttributionFallbackJobService is disabled, skip scheduling
08-06 16:37:56.296 12199 12426 W Auth    : [GeneralRestrictionsSyncer] Failed to update visibilities for ai.x.grok [CONTEXT service_id=343 ]
08-06 16:37:56.307 12199 12426 W Auth    : [GeneralRestrictionsSyncer] Failed to update visibilities for com.qualcomm.qti.remoteSimlockAuth [CONTEXT service_id=343 ]
08-06 16:37:56.324 12199 12426 W Auth    : [GeneralRestrictionsSyncer] Failed to update visibilities for com.xiaomi.finddevice [CONTEXT service_id=343 ]
08-06 16:37:56.333 12199 12426 W Auth    : [GeneralRestrictionsSyncer] Failed to update visibilities for com.qualcomm.qti.devicestatisticsservice [CONTEXT service_id=343 ]
08-06 16:37:56.347 12199 12426 W Auth    : [GeneralRestrictionsSyncer] Failed to update visibilities for com.android.theme.font.notoserifsource [CONTEXT service_id=343 ]
08-06 16:37:56.359 12199 12426 W Auth    : [GeneralRestrictionsSyncer] Failed to update visibilities for com.android.DeviceAsWebcam [CONTEXT service_id=343 ]
08-06 16:37:56.368 12199 12426 W Auth    : [GeneralRestrictionsSyncer] Failed to update visibilities for com.android.proxyhandler [CONTEXT service_id=343 ]
08-06 16:37:56.380 12199 12426 W Auth    : [GeneralRestrictionsSyncer] Failed to update visibilities for com.google.android.safetycenter.resources [CONTEXT service_id=343 ]
08-06 16:37:56.389 12199 12426 W Auth    : [GeneralRestrictionsSyncer] Failed to update visibilities for com.xiaomi.joyose [CONTEXT service_id=343 ]
08-06 16:37:56.403 12199 12426 W Auth    : [GeneralRestrictionsSyncer] Failed to update visibilities for com.android.internal.display.cutout.emulation.waterfall [CONTEXT service_id=343 ]
08-06 16:37:56.415 12199 12426 W Auth    : [GeneralRestrictionsSyncer] Failed to update visibilities for com.qualcomm.qti.workloadclassifier [CONTEXT service_id=343 ]
08-06 16:37:56.416 22866 22873 W .gms.persistent: ApkAssets: Deleting an ApkAssets object '<empty> and /data/app/~~A_M1ZO1TIWKSXjeGTwaeag==/com.google.android.apps.subscriptions.red-4PI_atIqZHbASztWjAQusg==/base.apk' with 1 weak references
08-06 16:37:56.417 22866 22873 W .gms.persistent: ApkAssets: Deleting an ApkAssets object '<empty> and /data/app/~~A_M1ZO1TIWKSXjeGTwaeag==/com.google.android.apps.subscriptions.red-4PI_atIqZHbASztWjAQusg==/split_config.arm64_v8a.apk' with 1 weak references
08-06 16:37:56.417 22866 22873 W .gms.persistent: ApkAssets: Deleting an ApkAssets object '<empty> and /data/app/~~A_M1ZO1TIWKSXjeGTwaeag==/com.google.android.apps.subscriptions.red-4PI_atIqZHbASztWjAQusg==/split_config.es.apk' with 1 weak references
08-06 16:37:56.417 22866 22873 W .gms.persistent: ApkAssets: Deleting an ApkAssets object '<empty> and /data/app/~~A_M1ZO1TIWKSXjeGTwaeag==/com.google.android.apps.subscriptions.red-4PI_atIqZHbASztWjAQusg==/split_config.xxhdpi.apk' with 1 weak references
08-06 16:37:56.420 22866 22873 W .gms.persistent: ApkAssets: Deleting an ApkAssets object '<empty> and /data/app/~~w_9UL4Dwgdy6U03OtySepA==/com.google.android.youtube-P02tsoYykgNXqYUUF8IpRA==/base.apk' with 1 weak references
08-06 16:37:56.421 22866 22873 W .gms.persistent: ApkAssets: Deleting an ApkAssets object '<empty> and /data/app/~~w_9UL4Dwgdy6U03OtySepA==/com.google.android.youtube-P02tsoYykgNXqYUUF8IpRA==/split_config.arm64_v8a.apk' with 1 weak references
08-06 16:37:56.421 22866 22873 W .gms.persistent: ApkAssets: Deleting an ApkAssets object '<empty> and /data/app/~~w_9UL4Dwgdy6U03OtySepA==/com.google.android.youtube-P02tsoYykgNXqYUUF8IpRA==/split_config.es.apk' with 1 weak references
08-06 16:37:56.423 22866 22873 W .gms.persistent: ApkAssets: Deleting an ApkAssets object '<empty> and /data/app/~~w_9UL4Dwgdy6U03OtySepA==/com.google.android.youtube-P02tsoYykgNXqYUUF8IpRA==/split_config.xxhdpi.apk' with 1 weak references
08-06 16:37:56.424 22866 22873 W .gms.persistent: ApkAssets: Deleting an ApkAssets object '<empty> and /data/app/~~ge3EYtEnv1eqcxqZqplKQA==/com.google.android.googlequicksearchbox-7scFYeqtaCbFmdDLSpfMEg==/base.apk' with 1 weak references
08-06 16:37:56.424 12199 12426 W Auth    : [GeneralRestrictionsSyncer] Failed to update visibilities for com.instantbits.cast.webvideo [CONTEXT service_id=343 ]
08-06 16:37:56.429 22866 22873 W .gms.persistent: ApkAssets: Deleting an ApkAssets object '<empty> and /data/app/~~ge3EYtEnv1eqcxqZqplKQA==/com.google.android.googlequicksearchbox-7scFYeqtaCbFmdDLSpfMEg==/split_config.xxhdpi.apk' with 1 weak references
08-06 16:37:56.430 22866 22873 W .gms.persistent: ApkAssets: Deleting an ApkAssets object '<empty> and /data/app/~~ge3EYtEnv1eqcxqZqplKQA==/com.google.android.googlequicksearchbox-7scFYeqtaCbFmdDLSpfMEg==/split_lens_ondevice_engine_feature_module.apk' with 1 weak references
08-06 16:37:56.430 22866 22873 W .gms.persistent: ApkAssets: Deleting an ApkAssets object '<empty> and /data/app/~~ge3EYtEnv1eqcxqZqplKQA==/com.google.android.googlequicksearchbox-7scFYeqtaCbFmdDLSpfMEg==/split_lens_ondevice_engine_play_ml_module.apk' with 1 weak references
08-06 16:37:56.430 22866 22873 W .gms.persistent: ApkAssets: Deleting an ApkAssets object '<empty> and /data/app/~~ge3EYtEnv1eqcxqZqplKQA==/com.google.android.googlequicksearchbox-7scFYeqtaCbFmdDLSpfMEg==/split_tclib_native_feature_module.apk' with 1 weak references
08-06 16:37:56.432 12199 12426 W Auth    : [GeneralRestrictionsSyncer] Failed to update visibilities for com.mi.android.globalFileexplorer [CONTEXT service_id=343 ]
08-06 16:37:56.432 22866 22873 W .gms.persistent: ApkAssets: Deleting an ApkAssets object '<empty> and /data/app/~~1e3C9U0bo19O0p1af5G9dg==/com.google.android.apps.docs.editors.docs-IVkmux9c3KOLGquoF7iCVg==/base.apk' with 1 weak references
08-06 16:37:56.433 22866 22873 W .gms.persistent: ApkAssets: Deleting an ApkAssets object '<empty> and /data/app/~~1e3C9U0bo19O0p1af5G9dg==/com.google.android.apps.docs.editors.docs-IVkmux9c3KOLGquoF7iCVg==/split_config.arm64_v8a.apk' with 1 weak references
08-06 16:37:56.434 22866 22873 W .gms.persistent: ApkAssets: Deleting an ApkAssets object '<empty> and /data/app/~~1e3C9U0bo19O0p1af5G9dg==/com.google.android.apps.docs.editors.docs-IVkmux9c3KOLGquoF7iCVg==/split_config.es.apk' with 1 weak references
08-06 16:37:56.434 22866 22873 W .gms.persistent: ApkAssets: Deleting an ApkAssets object '<empty> and /data/app/~~1e3C9U0bo19O0p1af5G9dg==/com.google.android.apps.docs.editors.docs-IVkmux9c3KOLGquoF7iCVg==/split_config.xxhdpi.apk' with 1 weak references
08-06 16:37:56.436 22866 22873 W .gms.persistent: ApkAssets: Deleting an ApkAssets object '<empty> and /data/app/~~_kemGo5Q0vduq8QJTlgqww==/com.google.android.apps.docs.editors.sheets-4UiLHCd6Kn6pAjy7Dh44gg==/base.apk' with 1 weak references
08-06 16:37:56.440 22866 22873 W .gms.persistent: ApkAssets: Deleting an ApkAssets object '<empty> and /data/app/~~_kemGo5Q0vduq8QJTlgqww==/com.google.android.apps.docs.editors.sheets-4UiLHCd6Kn6pAjy7Dh44gg==/split_config.arm64_v8a.apk' with 1 weak references
08-06 16:37:56.440 22866 22873 W .gms.persistent: ApkAssets: Deleting an ApkAssets object '<empty> and /data/app/~~_kemGo5Q0vduq8QJTlgqww==/com.google.android.apps.docs.editors.sheets-4UiLHCd6Kn6pAjy7Dh44gg==/split_config.es.apk' with 1 weak references
08-06 16:37:56.441 22866 22873 W .gms.persistent: ApkAssets: Deleting an ApkAssets object '<empty> and /data/app/~~_kemGo5Q0vduq8QJTlgqww==/com.google.android.apps.docs.editors.sheets-4UiLHCd6Kn6pAjy7Dh44gg==/split_config.xxhdpi.apk' with 1 weak references
08-06 16:37:56.441 12199 12426 W Auth    : [GeneralRestrictionsSyncer] Failed to update visibilities for org.videolan.vlc [CONTEXT service_id=343 ]
08-06 16:37:56.441 22866 22873 W .gms.persistent: ApkAssets: Deleting an ApkAssets object '<empty> and /data/app/~~hX93RHQRaAluq-oT0p_pDQ==/com.google.android.apps.messaging-RM0gywcdkCg8k4xDM7NKvg==/base.apk' with 1 weak references
08-06 16:37:56.443 22866 22873 W .gms.persistent: ApkAssets: Deleting an ApkAssets object '<empty> and /data/app/~~hX93RHQRaAluq-oT0p_pDQ==/com.google.android.apps.messaging-RM0gywcdkCg8k4xDM7NKvg==/split_config.arm64_v8a.apk' with 1 weak references
08-06 16:37:56.443 22866 22873 W .gms.persistent: ApkAssets: Deleting an ApkAssets object '<empty> and /data/app/~~hX93RHQRaAluq-oT0p_pDQ==/com.google.android.apps.messaging-RM0gywcdkCg8k4xDM7NKvg==/split_config.es.apk' with 1 weak references
08-06 16:37:56.444 22866 22873 W .gms.persistent: ApkAssets: Deleting an ApkAssets object '<empty> and /data/app/~~hX93RHQRaAluq-oT0p_pDQ==/com.google.android.apps.messaging-RM0gywcdkCg8k4xDM7NKvg==/split_config.xxhdpi.apk' with 1 weak references
08-06 16:37:56.444 22866 22873 W .gms.persistent: ApkAssets: Deleting an ApkAssets object '<empty> and /product/priv-app/ConfigUpdater/ConfigUpdater.apk' with 1 weak references
08-06 16:37:56.445 22866 22873 W .gms.persistent: ApkAssets: Deleting an ApkAssets object '<empty> and /data/app/~~UCaH9E5h1M-Azekil8g4MA==/com.google.android.apps.safetyhub-kq4B1dH0gL5vCX5MggMmjg==/base.apk' with 1 weak references
08-06 16:37:56.446 12199 12426 W Auth    : [GeneralRestrictionsSyncer] Failed to update visibilities for com.android.internal.systemui.navbar.transparent [CONTEXT service_id=343 ]
08-06 16:37:56.447 22866 22873 W .gms.persistent: ApkAssets: Deleting an ApkAssets object '<empty> and /data/app/~~UCaH9E5h1M-Azekil8g4MA==/com.google.android.apps.safetyhub-kq4B1dH0gL5vCX5MggMmjg==/split_config.xxhdpi.apk' with 1 weak references
08-06 16:37:56.448 22866 22873 W .gms.persistent: ApkAssets: Deleting an ApkAssets object '<empty> and /data/app/~~QOv5mpRotpYnANgZCz1wdA==/com.google.android.marvin.talkback-0o9HR2IKUluzrw2lNM4lhQ==/base.apk' with 1 weak references
08-06 16:37:56.452 22866 22873 W .gms.persistent: ApkAssets: Deleting an ApkAssets object '<empty> and /data/app/~~QOv5mpRotpYnANgZCz1wdA==/com.google.android.marvin.talkback-0o9HR2IKUluzrw2lNM4lhQ==/split_config.arm64_v8a.apk' with 1 weak references
08-06 16:37:56.453 22866 22873 W .gms.persistent: ApkAssets: Deleting an ApkAssets object '<empty> and /data/app/~~F5VEPomhGFZSSNA9fuhE_w==/com.google.android.as-V2zRD2Nljiq7551K-QZ0_w==/base.apk' with 1 weak references
08-06 16:37:56.461 12199 12426 W Auth    : [GeneralRestrictionsSyncer] Failed to update visibilities for com.android.providers.contactkeys [CONTEXT service_id=343 ]
08-06 16:37:56.468 12199 12426 W Auth    : [GeneralRestrictionsSyncer] Failed to update visibilities for com.miui.notes [CONTEXT service_id=343 ]
08-06 16:37:56.474 12199 12426 W Auth    : [GeneralRestrictionsSyncer] Failed to update visibilities for com.google.android.connectivity.resources [CONTEXT service_id=343 ]
08-06 16:37:56.520 12199 12426 W Auth    : [GeneralRestrictionsSyncer] Failed to update visibilities for com.google.android.overlay.modules.permissioncontroller.forframework [CONTEXT service_id=343 ]
08-06 16:37:56.520  1378  1403 W IzatSvc_Wiper: wifiScanNotificationMsg:495] Associated AP not in LOWI scan.
08-06 16:37:56.537 12199 12426 W Auth    : [GeneralRestrictionsSyncer] Failed to update visibilities for com.android.providers.settings.overlay [CONTEXT service_id=343 ]
08-06 16:37:56.543 12199 12426 W Auth    : [GeneralRestrictionsSyncer] Failed to update visibilities for com.android.phone.overlay.miui [CONTEXT service_id=343 ]
08-06 16:37:56.549 12199 12426 W Auth    : [GeneralRestrictionsSyncer] Failed to update visibilities for com.miui.miwallpaper.config.overlay [CONTEXT service_id=343 ]
08-06 16:37:56.556 12199 12426 W Auth    : [GeneralRestrictionsSyncer] Failed to update visibilities for com.xiaomi.misettings [CONTEXT service_id=343 ]
08-06 16:37:56.560  2518  3038 E AppScanObserverService: Result available, null observers for user: 0
08-06 16:37:56.569 12199 12426 W Auth    : [GeneralRestrictionsSyncer] Failed to update visibilities for com.google.android.feedback [CONTEXT service_id=343 ]
08-06 16:37:56.575 12199 12426 W Auth    : [GeneralRestrictionsSyncer] Failed to update visibilities for com.google.android.printservice.recommendation [CONTEXT service_id=343 ]
08-06 16:37:56.583 12199 12426 W Auth    : [GeneralRestrictionsSyncer] Failed to update visibilities for com.xiaomi.midrop [CONTEXT service_id=343 ]
08-06 16:37:56.592 12199 12426 W Auth    : [GeneralRestrictionsSyncer] Failed to update visibilities for com.google.android.apps.photos [CONTEXT service_id=343 ]
08-06 16:37:56.599 12199 12426 W Auth    : [GeneralRestrictionsSyncer] Failed to update visibilities for com.hdiot.cam [CONTEXT service_id=343 ]
08-06 16:37:56.606 12606 12606 W libc    : Access denied finding property "vendor.mivk.log.debug"
08-06 16:37:56.617 12199 12426 W Auth    : [GeneralRestrictionsSyncer] Failed to update visibilities for com.google.android.syncadapters.calendar [CONTEXT service_id=343 ]
08-06 16:37:56.626 12199 12426 W Auth    : [GeneralRestrictionsSyncer] Failed to update visibilities for com.miui.cloudservice [CONTEXT service_id=343 ]
08-06 16:37:56.633 12199 12426 W Auth    : [GeneralRestrictionsSyncer] Failed to update visibilities for com.android.managedprovisioning [CONTEXT service_id=343 ]
08-06 16:37:56.639 12199 12426 W Auth    : [GeneralRestrictionsSyncer] Failed to update visibilities for com.google.android.overlay.devicelockcontroller [CONTEXT service_id=343 ]
08-06 16:37:56.650 12199 12426 W Auth    : [GeneralRestrictionsSyncer] Failed to update visibilities for com.fingerprints.sensortesttool [CONTEXT service_id=343 ]
